------------------------------------------------------------
TimeQuest Timing Analyzer Summary
------------------------------------------------------------

Type  : Slow 900mV 85C Model Setup 'DE4_SOPC_inst|the_ddr2|ddr2_controller_phy_inst|ddr2_phy_inst|ddr2_phy_ck_p_M1_DDR2_clk[0]_tDQSS'
Slack : 0.233
TNS   : 0.000

Type  : Slow 900mV 85C Model Setup 'DE4_SOPC_inst|the_ddr2|ddr2_controller_phy_inst|ddr2_phy_inst|ddr2_phy_ck_p_M1_DDR2_clk[1]_tDQSS'
Slack : 0.245
TNS   : 0.000

Type  : Slow 900mV 85C Model Setup 'DE4_SOPC_inst|the_ddr2|ddr2_controller_phy_inst|ddr2_phy_inst|ddr2_phy_ck_n_M1_DDR2_clk_n[0]_tDQSS'
Slack : 0.251
TNS   : 0.000

Type  : Slow 900mV 85C Model Setup 'DE4_SOPC_inst|the_ddr2|ddr2_controller_phy_inst|ddr2_phy_inst|ddr2_phy_ck_n_M1_DDR2_clk_n[1]_tDQSS'
Slack : 0.263
TNS   : 0.000

Type  : Slow 900mV 85C Model Setup 'DE4_SOPC_inst|the_ddr2|ddr2_controller_phy_inst|ddr2_phy_inst|ddr2_phy_alt_mem_phy_inst|clk|half_rate.pll|altpll_component|auto_generated|pll1|clk[0]'
Slack : 0.316
TNS   : 0.000

Type  : Slow 900mV 85C Model Setup 'DE4_SOPC_inst|the_ddr2|ddr2_controller_phy_inst|ddr2_phy_inst|ddr2_phy_ck_p_M1_DDR2_clk[0]_tDSS'
Slack : 0.362
TNS   : 0.000

Type  : Slow 900mV 85C Model Setup 'DE4_SOPC_inst|the_ddr2|ddr2_controller_phy_inst|ddr2_phy_inst|ddr2_phy_ck_p_M1_DDR2_clk[1]_tDSS'
Slack : 0.374
TNS   : 0.000

Type  : Slow 900mV 85C Model Setup 'DE4_SOPC_inst|the_ddr2|ddr2_controller_phy_inst|ddr2_phy_inst|ddr2_phy_ck_n_M1_DDR2_clk_n[0]_tDSS'
Slack : 0.380
TNS   : 0.000

Type  : Slow 900mV 85C Model Setup 'DE4_SOPC_inst|the_ddr2|ddr2_controller_phy_inst|ddr2_phy_inst|ddr2_phy_ck_n_M1_DDR2_clk_n[1]_tDSS'
Slack : 0.392
TNS   : 0.000

Type  : Slow 900mV 85C Model Setup 'DE4_SOPC_inst|the_ddr2|ddr2_controller_phy_inst|ddr2_phy_inst|ddr2_phy_alt_mem_phy_inst|clk|half_rate.pll|altpll_component|auto_generated|pll1|clk[4]'
Slack : 0.526
TNS   : 0.000

Type  : Slow 900mV 85C Model Setup 'DE4_SOPC_inst|the_ddr2|ddr2_controller_phy_inst|ddr2_phy_inst|ddr2_phy_ck_p_M1_DDR2_clk[0]_ac_fall'
Slack : 0.567
TNS   : 0.000

Type  : Slow 900mV 85C Model Setup 'DE4_SOPC_inst|the_ddr2|ddr2_controller_phy_inst|ddr2_phy_inst|ddr2_phy_ck_p_M1_DDR2_clk[0]_ac_rise'
Slack : 0.576
TNS   : 0.000

Type  : Slow 900mV 85C Model Setup 'DE4_SOPC_inst|the_ddr2|ddr2_controller_phy_inst|ddr2_phy_inst|ddr2_phy_ck_p_M1_DDR2_clk[1]_ac_fall'
Slack : 0.579
TNS   : 0.000

Type  : Slow 900mV 85C Model Setup 'DE4_SOPC_inst|the_ddr2|ddr2_controller_phy_inst|ddr2_phy_inst|ddr2_phy_ck_n_M1_DDR2_clk_n[0]_ac_fall'
Slack : 0.585
TNS   : 0.000

Type  : Slow 900mV 85C Model Setup 'DE4_SOPC_inst|the_ddr2|ddr2_controller_phy_inst|ddr2_phy_inst|ddr2_phy_ck_p_M1_DDR2_clk[1]_ac_rise'
Slack : 0.588
TNS   : 0.000

Type  : Slow 900mV 85C Model Setup 'DE4_SOPC_inst|the_ddr2|ddr2_controller_phy_inst|ddr2_phy_inst|ddr2_phy_ck_n_M1_DDR2_clk_n[0]_ac_rise'
Slack : 0.594
TNS   : 0.000

Type  : Slow 900mV 85C Model Setup 'DE4_SOPC_inst|the_ddr2|ddr2_controller_phy_inst|ddr2_phy_inst|ddr2_phy_ck_n_M1_DDR2_clk_n[1]_ac_fall'
Slack : 0.597
TNS   : 0.000

Type  : Slow 900mV 85C Model Setup 'DE4_SOPC_inst|the_ddr2|ddr2_controller_phy_inst|ddr2_phy_inst|ddr2_phy_ck_n_M1_DDR2_clk_n[1]_ac_rise'
Slack : 0.606
TNS   : 0.000

Type  : Slow 900mV 85C Model Setup 'DE4_SOPC_inst|the_ddr2|ddr2_controller_phy_inst|ddr2_phy_inst|ddr2_phy_alt_mem_phy_inst|clk|half_rate.pll|altpll_component|auto_generated|pll1|clk[6]'
Slack : 0.609
TNS   : 0.000

Type  : Slow 900mV 85C Model Setup 'DE4_SOPC_inst|the_ddr2|ddr2_controller_phy_inst|ddr2_phy_inst|ddr2_phy_alt_mem_phy_inst|clk|half_rate.pll|altpll_component|auto_generated|pll1|clk[3]'
Slack : 0.906
TNS   : 0.000

Type  : Slow 900mV 85C Model Setup 'DE4_SOPC_inst|the_ddr2|ddr2_controller_phy_inst|ddr2_phy_inst|ddr2_phy_alt_mem_phy_inst|dpio|ddr_clkdiv_gen.grp_gen[1].slaves_gen[0].clk_div_slave|clkout'
Slack : 1.041
TNS   : 0.000

Type  : Slow 900mV 85C Model Setup 'DE4_SOPC_inst|the_ddr2|ddr2_controller_phy_inst|ddr2_phy_inst|ddr2_phy_alt_mem_phy_inst|dpio|ddr_clkdiv_gen.grp_gen[1].slaves_gen[1].clk_div_slave|clkout'
Slack : 1.041
TNS   : 0.000

Type  : Slow 900mV 85C Model Setup 'DE4_SOPC_inst|the_ddr2|ddr2_controller_phy_inst|ddr2_phy_inst|ddr2_phy_alt_mem_phy_inst|dpio|ddr_clkdiv_gen.grp_gen[3].slaves_gen[0].clk_div_slave|clkout'
Slack : 1.041
TNS   : 0.000

Type  : Slow 900mV 85C Model Setup 'DE4_SOPC_inst|the_ddr2|ddr2_controller_phy_inst|ddr2_phy_inst|ddr2_phy_alt_mem_phy_inst|dpio|ddr_clkdiv_gen.grp_gen[3].slaves_gen[1].clk_div_slave|clkout'
Slack : 1.041
TNS   : 0.000

Type  : Slow 900mV 85C Model Setup 'DE4_SOPC_inst|the_ddr2|ddr2_controller_phy_inst|ddr2_phy_inst|ddr2_phy_alt_mem_phy_inst|dpio|ddr_clkdiv_gen.clk_div_master|clkout'
Slack : 1.042
TNS   : 0.000

Type  : Slow 900mV 85C Model Setup 'DE4_SOPC_inst|the_ddr2|ddr2_controller_phy_inst|ddr2_phy_inst|ddr2_phy_alt_mem_phy_inst|dpio|ddr_clkdiv_gen.grp_gen[0].slaves_gen[1].clk_div_slave|clkout'
Slack : 1.042
TNS   : 0.000

Type  : Slow 900mV 85C Model Setup 'DE4_SOPC_inst|the_ddr2|ddr2_controller_phy_inst|ddr2_phy_inst|ddr2_phy_alt_mem_phy_inst|dpio|ddr_clkdiv_gen.grp_gen[2].slaves_gen[0].clk_div_slave|clkout'
Slack : 1.042
TNS   : 0.000

Type  : Slow 900mV 85C Model Setup 'DE4_SOPC_inst|the_ddr2|ddr2_controller_phy_inst|ddr2_phy_inst|ddr2_phy_alt_mem_phy_inst|dpio|ddr_clkdiv_gen.grp_gen[2].slaves_gen[1].clk_div_slave|clkout'
Slack : 1.042
TNS   : 0.000

Type  : Slow 900mV 85C Model Setup 'DE4_SOPC_inst|the_ddr2|ddr2_controller_phy_inst|ddr2_phy_inst|ddr2_phy_alt_mem_phy_inst|dpio|ddr_clkdiv_gen.grp_gen[4].slaves_gen[0].clk_div_slave|clkout'
Slack : 1.042
TNS   : 0.000

Type  : Slow 900mV 85C Model Setup 'DE4_SOPC_inst|the_ddr2|ddr2_controller_phy_inst|ddr2_phy_inst|ddr2_phy_alt_mem_phy_inst|dpio|ddr_clkdiv_gen.grp_gen[4].slaves_gen[1].clk_div_slave|clkout'
Slack : 1.042
TNS   : 0.000

Type  : Slow 900mV 85C Model Setup 'DE4_SOPC_inst|the_ddr2|ddr2_controller_phy_inst|ddr2_phy_inst|ddr2_phy_alt_mem_phy_inst|dpio|ddr_clkdiv_gen.grp_gen[5].slaves_gen[0].clk_div_slave|clkout'
Slack : 1.042
TNS   : 0.000

Type  : Slow 900mV 85C Model Setup 'DE4_SOPC_inst|the_ddr2|ddr2_controller_phy_inst|ddr2_phy_inst|ddr2_phy_alt_mem_phy_inst|dpio|ddr_clkdiv_gen.grp_gen[5].slaves_gen[1].clk_div_slave|clkout'
Slack : 1.042
TNS   : 0.000

Type  : Slow 900mV 85C Model Setup 'DE4_SOPC_inst|the_ddr2|ddr2_controller_phy_inst|ddr2_phy_inst|ddr2_phy_alt_mem_phy_inst|dpio|ddr_clkdiv_gen.grp_gen[6].slaves_gen[0].clk_div_slave|clkout'
Slack : 1.042
TNS   : 0.000

Type  : Slow 900mV 85C Model Setup 'DE4_SOPC_inst|the_ddr2|ddr2_controller_phy_inst|ddr2_phy_inst|ddr2_phy_alt_mem_phy_inst|dpio|ddr_clkdiv_gen.grp_gen[6].slaves_gen[1].clk_div_slave|clkout'
Slack : 1.042
TNS   : 0.000

Type  : Slow 900mV 85C Model Setup 'DE4_SOPC_inst|the_ddr2|ddr2_controller_phy_inst|ddr2_phy_inst|ddr2_phy_alt_mem_phy_inst|dpio|ddr_clkdiv_gen.grp_gen[7].slaves_gen[0].clk_div_slave|clkout'
Slack : 1.042
TNS   : 0.000

Type  : Slow 900mV 85C Model Setup 'DE4_SOPC_inst|the_ddr2|ddr2_controller_phy_inst|ddr2_phy_inst|ddr2_phy_alt_mem_phy_inst|dpio|ddr_clkdiv_gen.grp_gen[7].slaves_gen[1].clk_div_slave|clkout'
Slack : 1.043
TNS   : 0.000

Type  : Slow 900mV 85C Model Setup 'DE4_SOPC_inst|the_ddr2|ddr2_controller_phy_inst|ddr2_phy_inst|ddr2_phy_alt_mem_phy_inst|clk|half_rate.pll|altpll_component|auto_generated|pll1|clk[1]'
Slack : 1.504
TNS   : 0.000

Type  : Slow 900mV 85C Model Setup 'DE4_SOPC_inst|the_ddr2|ddr2_controller_phy_inst|ddr2_phy_inst|ddr2_phy_alt_mem_phy_inst|clk|half_rate.pll|altpll_component|auto_generated|pll1|clk[5]'
Slack : 3.132
TNS   : 0.000

Type  : Slow 900mV 85C Model Setup 'DE4_SOPC_inst|the_ddr2|ddr2_controller_phy_inst|ddr2_phy_inst|ddr2_phy_alt_mem_phy_inst|clk|scan_clk|q_clock'
Slack : 8.017
TNS   : 0.000

Type  : Slow 900mV 85C Model Setup 'OSC_50_Bank3'
Slack : 14.778
TNS   : 0.000

Type  : Slow 900mV 85C Model Setup 'altera_reserved_tck'
Slack : 44.642
TNS   : 0.000

Type  : Slow 900mV 85C Model Hold 'altera_reserved_tck'
Slack : -0.479
TNS   : -0.771

Type  : Slow 900mV 85C Model Hold 'DE4_SOPC_inst|the_ddr2|ddr2_controller_phy_inst|ddr2_phy_inst|ddr2_phy_alt_mem_phy_inst|dpio|ddr_clkdiv_gen.grp_gen[1].slaves_gen[0].clk_div_slave|clkout'
Slack : 0.062
TNS   : 0.000

Type  : Slow 900mV 85C Model Hold 'DE4_SOPC_inst|the_ddr2|ddr2_controller_phy_inst|ddr2_phy_inst|ddr2_phy_alt_mem_phy_inst|dpio|ddr_clkdiv_gen.grp_gen[6].slaves_gen[0].clk_div_slave|clkout'
Slack : 0.063
TNS   : 0.000

Type  : Slow 900mV 85C Model Hold 'DE4_SOPC_inst|the_ddr2|ddr2_controller_phy_inst|ddr2_phy_inst|ddr2_phy_alt_mem_phy_inst|dpio|ddr_clkdiv_gen.grp_gen[5].slaves_gen[0].clk_div_slave|clkout'
Slack : 0.068
TNS   : 0.000

Type  : Slow 900mV 85C Model Hold 'DE4_SOPC_inst|the_ddr2|ddr2_controller_phy_inst|ddr2_phy_inst|ddr2_phy_alt_mem_phy_inst|dpio|ddr_clkdiv_gen.grp_gen[4].slaves_gen[0].clk_div_slave|clkout'
Slack : 0.076
TNS   : 0.000

Type  : Slow 900mV 85C Model Hold 'DE4_SOPC_inst|the_ddr2|ddr2_controller_phy_inst|ddr2_phy_inst|ddr2_phy_alt_mem_phy_inst|dpio|ddr_clkdiv_gen.grp_gen[3].slaves_gen[0].clk_div_slave|clkout'
Slack : 0.083
TNS   : 0.000

Type  : Slow 900mV 85C Model Hold 'DE4_SOPC_inst|the_ddr2|ddr2_controller_phy_inst|ddr2_phy_inst|ddr2_phy_alt_mem_phy_inst|dpio|ddr_clkdiv_gen.grp_gen[7].slaves_gen[0].clk_div_slave|clkout'
Slack : 0.089
TNS   : 0.000

Type  : Slow 900mV 85C Model Hold 'DE4_SOPC_inst|the_ddr2|ddr2_controller_phy_inst|ddr2_phy_inst|ddr2_phy_alt_mem_phy_inst|dpio|ddr_clkdiv_gen.clk_div_master|clkout'
Slack : 0.109
TNS   : 0.000

Type  : Slow 900mV 85C Model Hold 'DE4_SOPC_inst|the_ddr2|ddr2_controller_phy_inst|ddr2_phy_inst|ddr2_phy_alt_mem_phy_inst|dpio|ddr_clkdiv_gen.grp_gen[2].slaves_gen[0].clk_div_slave|clkout'
Slack : 0.128
TNS   : 0.000

Type  : Slow 900mV 85C Model Hold 'DE4_SOPC_inst|the_ddr2|ddr2_controller_phy_inst|ddr2_phy_inst|ddr2_phy_alt_mem_phy_inst|clk|half_rate.pll|altpll_component|auto_generated|pll1|clk[0]'
Slack : 0.135
TNS   : 0.000

Type  : Slow 900mV 85C Model Hold 'DE4_SOPC_inst|the_ddr2|ddr2_controller_phy_inst|ddr2_phy_inst|ddr2_phy_alt_mem_phy_inst|clk|half_rate.pll|altpll_component|auto_generated|pll1|clk[5]'
Slack : 0.212
TNS   : 0.000

Type  : Slow 900mV 85C Model Hold 'OSC_50_Bank3'
Slack : 0.212
TNS   : 0.000

Type  : Slow 900mV 85C Model Hold 'DE4_SOPC_inst|the_ddr2|ddr2_controller_phy_inst|ddr2_phy_inst|ddr2_phy_alt_mem_phy_inst|clk|half_rate.pll|altpll_component|auto_generated|pll1|clk[6]'
Slack : 0.224
TNS   : 0.000

Type  : Slow 900mV 85C Model Hold 'DE4_SOPC_inst|the_ddr2|ddr2_controller_phy_inst|ddr2_phy_inst|ddr2_phy_alt_mem_phy_inst|clk|scan_clk|q_clock'
Slack : 0.288
TNS   : 0.000

Type  : Slow 900mV 85C Model Hold 'DE4_SOPC_inst|the_ddr2|ddr2_controller_phy_inst|ddr2_phy_inst|ddr2_phy_ck_n_M1_DDR2_clk_n[1]_tDQSS'
Slack : 0.440
TNS   : 0.000

Type  : Slow 900mV 85C Model Hold 'DE4_SOPC_inst|the_ddr2|ddr2_controller_phy_inst|ddr2_phy_inst|ddr2_phy_ck_n_M1_DDR2_clk_n[0]_tDQSS'
Slack : 0.452
TNS   : 0.000

Type  : Slow 900mV 85C Model Hold 'DE4_SOPC_inst|the_ddr2|ddr2_controller_phy_inst|ddr2_phy_inst|ddr2_phy_ck_p_M1_DDR2_clk[1]_tDQSS'
Slack : 0.487
TNS   : 0.000

Type  : Slow 900mV 85C Model Hold 'DE4_SOPC_inst|the_ddr2|ddr2_controller_phy_inst|ddr2_phy_inst|ddr2_phy_ck_p_M1_DDR2_clk[0]_tDQSS'
Slack : 0.499
TNS   : 0.000

Type  : Slow 900mV 85C Model Hold 'DE4_SOPC_inst|the_ddr2|ddr2_controller_phy_inst|ddr2_phy_inst|ddr2_phy_alt_mem_phy_inst|clk|half_rate.pll|altpll_component|auto_generated|pll1|clk[1]'
Slack : 0.527
TNS   : 0.000

Type  : Slow 900mV 85C Model Hold 'DE4_SOPC_inst|the_ddr2|ddr2_controller_phy_inst|ddr2_phy_inst|ddr2_phy_ck_n_M1_DDR2_clk_n[1]_ac_fall'
Slack : 0.554
TNS   : 0.000

Type  : Slow 900mV 85C Model Hold 'DE4_SOPC_inst|the_ddr2|ddr2_controller_phy_inst|ddr2_phy_inst|ddr2_phy_ck_n_M1_DDR2_clk_n[1]_ac_rise'
Slack : 0.555
TNS   : 0.000

Type  : Slow 900mV 85C Model Hold 'DE4_SOPC_inst|the_ddr2|ddr2_controller_phy_inst|ddr2_phy_inst|ddr2_phy_ck_n_M1_DDR2_clk_n[0]_ac_fall'
Slack : 0.566
TNS   : 0.000

Type  : Slow 900mV 85C Model Hold 'DE4_SOPC_inst|the_ddr2|ddr2_controller_phy_inst|ddr2_phy_inst|ddr2_phy_ck_n_M1_DDR2_clk_n[0]_ac_rise'
Slack : 0.567
TNS   : 0.000

Type  : Slow 900mV 85C Model Hold 'DE4_SOPC_inst|the_ddr2|ddr2_controller_phy_inst|ddr2_phy_inst|ddr2_phy_ck_n_M1_DDR2_clk_n[1]_tDSS'
Slack : 0.568
TNS   : 0.000

Type  : Slow 900mV 85C Model Hold 'DE4_SOPC_inst|the_ddr2|ddr2_controller_phy_inst|ddr2_phy_inst|ddr2_phy_ck_n_M1_DDR2_clk_n[0]_tDSS'
Slack : 0.580
TNS   : 0.000

Type  : Slow 900mV 85C Model Hold 'DE4_SOPC_inst|the_ddr2|ddr2_controller_phy_inst|ddr2_phy_inst|ddr2_phy_ck_p_M1_DDR2_clk[1]_ac_fall'
Slack : 0.601
TNS   : 0.000

Type  : Slow 900mV 85C Model Hold 'DE4_SOPC_inst|the_ddr2|ddr2_controller_phy_inst|ddr2_phy_inst|ddr2_phy_ck_p_M1_DDR2_clk[1]_ac_rise'
Slack : 0.602
TNS   : 0.000

Type  : Slow 900mV 85C Model Hold 'DE4_SOPC_inst|the_ddr2|ddr2_controller_phy_inst|ddr2_phy_inst|ddr2_phy_ck_p_M1_DDR2_clk[0]_ac_fall'
Slack : 0.613
TNS   : 0.000

Type  : Slow 900mV 85C Model Hold 'DE4_SOPC_inst|the_ddr2|ddr2_controller_phy_inst|ddr2_phy_inst|ddr2_phy_ck_p_M1_DDR2_clk[0]_ac_rise'
Slack : 0.614
TNS   : 0.000

Type  : Slow 900mV 85C Model Hold 'DE4_SOPC_inst|the_ddr2|ddr2_controller_phy_inst|ddr2_phy_inst|ddr2_phy_ck_p_M1_DDR2_clk[1]_tDSS'
Slack : 0.615
TNS   : 0.000

Type  : Slow 900mV 85C Model Hold 'DE4_SOPC_inst|the_ddr2|ddr2_controller_phy_inst|ddr2_phy_inst|ddr2_phy_ck_p_M1_DDR2_clk[0]_tDSS'
Slack : 0.627
TNS   : 0.000

Type  : Slow 900mV 85C Model Hold 'DE4_SOPC_inst|the_ddr2|ddr2_controller_phy_inst|ddr2_phy_inst|ddr2_phy_alt_mem_phy_inst|dpio|ddr_clkdiv_gen.grp_gen[1].slaves_gen[1].clk_div_slave|clkout'
Slack : 1.061
TNS   : 0.000

Type  : Slow 900mV 85C Model Hold 'DE4_SOPC_inst|the_ddr2|ddr2_controller_phy_inst|ddr2_phy_inst|ddr2_phy_alt_mem_phy_inst|dpio|ddr_clkdiv_gen.grp_gen[3].slaves_gen[1].clk_div_slave|clkout'
Slack : 1.061
TNS   : 0.000

Type  : Slow 900mV 85C Model Hold 'DE4_SOPC_inst|the_ddr2|ddr2_controller_phy_inst|ddr2_phy_inst|ddr2_phy_alt_mem_phy_inst|dpio|ddr_clkdiv_gen.grp_gen[7].slaves_gen[1].clk_div_slave|clkout'
Slack : 1.061
TNS   : 0.000

Type  : Slow 900mV 85C Model Hold 'DE4_SOPC_inst|the_ddr2|ddr2_controller_phy_inst|ddr2_phy_inst|ddr2_phy_alt_mem_phy_inst|dpio|ddr_clkdiv_gen.grp_gen[0].slaves_gen[1].clk_div_slave|clkout'
Slack : 1.062
TNS   : 0.000

Type  : Slow 900mV 85C Model Hold 'DE4_SOPC_inst|the_ddr2|ddr2_controller_phy_inst|ddr2_phy_inst|ddr2_phy_alt_mem_phy_inst|dpio|ddr_clkdiv_gen.grp_gen[2].slaves_gen[1].clk_div_slave|clkout'
Slack : 1.062
TNS   : 0.000

Type  : Slow 900mV 85C Model Hold 'DE4_SOPC_inst|the_ddr2|ddr2_controller_phy_inst|ddr2_phy_inst|ddr2_phy_alt_mem_phy_inst|dpio|ddr_clkdiv_gen.grp_gen[4].slaves_gen[1].clk_div_slave|clkout'
Slack : 1.062
TNS   : 0.000

Type  : Slow 900mV 85C Model Hold 'DE4_SOPC_inst|the_ddr2|ddr2_controller_phy_inst|ddr2_phy_inst|ddr2_phy_alt_mem_phy_inst|dpio|ddr_clkdiv_gen.grp_gen[5].slaves_gen[1].clk_div_slave|clkout'
Slack : 1.062
TNS   : 0.000

Type  : Slow 900mV 85C Model Hold 'DE4_SOPC_inst|the_ddr2|ddr2_controller_phy_inst|ddr2_phy_inst|ddr2_phy_alt_mem_phy_inst|dpio|ddr_clkdiv_gen.grp_gen[6].slaves_gen[1].clk_div_slave|clkout'
Slack : 1.062
TNS   : 0.000

Type  : Slow 900mV 85C Model Hold 'DE4_SOPC_inst|the_ddr2|ddr2_controller_phy_inst|ddr2_phy_inst|ddr2_phy_alt_mem_phy_inst|clk|half_rate.pll|altpll_component|auto_generated|pll1|clk[3]'
Slack : 1.171
TNS   : 0.000

Type  : Slow 900mV 85C Model Hold 'DE4_SOPC_inst|the_ddr2|ddr2_controller_phy_inst|ddr2_phy_inst|ddr2_phy_alt_mem_phy_inst|clk|half_rate.pll|altpll_component|auto_generated|pll1|clk[4]'
Slack : 1.657
TNS   : 0.000

Type  : Slow 900mV 85C Model Recovery 'DE4_SOPC_inst|the_ddr2|ddr2_controller_phy_inst|ddr2_phy_inst|ddr2_phy_alt_mem_phy_inst|clk|half_rate.pll|altpll_component|auto_generated|pll1|clk[0]'
Slack : 0.439
TNS   : 0.000

Type  : Slow 900mV 85C Model Recovery 'DE4_SOPC_inst|the_ddr2|ddr2_controller_phy_inst|ddr2_phy_inst|ddr2_phy_alt_mem_phy_inst|dpio|ddr_clkdiv_gen.grp_gen[6].slaves_gen[0].clk_div_slave|clkout'
Slack : 1.251
TNS   : 0.000

Type  : Slow 900mV 85C Model Recovery 'DE4_SOPC_inst|the_ddr2|ddr2_controller_phy_inst|ddr2_phy_inst|ddr2_phy_alt_mem_phy_inst|dpio|ddr_clkdiv_gen.grp_gen[7].slaves_gen[0].clk_div_slave|clkout'
Slack : 1.279
TNS   : 0.000

Type  : Slow 900mV 85C Model Recovery 'DE4_SOPC_inst|the_ddr2|ddr2_controller_phy_inst|ddr2_phy_inst|ddr2_phy_alt_mem_phy_inst|dpio|ddr_clkdiv_gen.grp_gen[5].slaves_gen[0].clk_div_slave|clkout'
Slack : 1.418
TNS   : 0.000

Type  : Slow 900mV 85C Model Recovery 'DE4_SOPC_inst|the_ddr2|ddr2_controller_phy_inst|ddr2_phy_inst|ddr2_phy_alt_mem_phy_inst|dpio|ddr_clkdiv_gen.grp_gen[4].slaves_gen[0].clk_div_slave|clkout'
Slack : 1.628
TNS   : 0.000

Type  : Slow 900mV 85C Model Recovery 'DE4_SOPC_inst|the_ddr2|ddr2_controller_phy_inst|ddr2_phy_inst|ddr2_phy_alt_mem_phy_inst|dpio|ddr_clkdiv_gen.grp_gen[2].slaves_gen[0].clk_div_slave|clkout'
Slack : 2.230
TNS   : 0.000

Type  : Slow 900mV 85C Model Recovery 'DE4_SOPC_inst|the_ddr2|ddr2_controller_phy_inst|ddr2_phy_inst|ddr2_phy_alt_mem_phy_inst|dpio|ddr_clkdiv_gen.grp_gen[3].slaves_gen[0].clk_div_slave|clkout'
Slack : 2.479
TNS   : 0.000

Type  : Slow 900mV 85C Model Recovery 'DE4_SOPC_inst|the_ddr2|ddr2_controller_phy_inst|ddr2_phy_inst|ddr2_phy_alt_mem_phy_inst|clk|half_rate.pll|altpll_component|auto_generated|pll1|clk[6]'
Slack : 3.143
TNS   : 0.000

Type  : Slow 900mV 85C Model Recovery 'DE4_SOPC_inst|the_ddr2|ddr2_controller_phy_inst|ddr2_phy_inst|ddr2_phy_alt_mem_phy_inst|dpio|ddr_clkdiv_gen.grp_gen[1].slaves_gen[0].clk_div_slave|clkout'
Slack : 3.242
TNS   : 0.000

Type  : Slow 900mV 85C Model Recovery 'DE4_SOPC_inst|the_ddr2|ddr2_controller_phy_inst|ddr2_phy_inst|ddr2_phy_alt_mem_phy_inst|dpio|ddr_clkdiv_gen.clk_div_master|clkout'
Slack : 3.794
TNS   : 0.000

Type  : Slow 900mV 85C Model Recovery 'DE4_SOPC_inst|the_ddr2|ddr2_controller_phy_inst|ddr2_phy_inst|ddr2_phy_alt_mem_phy_inst|clk|half_rate.pll|altpll_component|auto_generated|pll1|clk[5]'
Slack : 4.143
TNS   : 0.000

Type  : Slow 900mV 85C Model Recovery 'OSC_50_Bank3'
Slack : 11.177
TNS   : 0.000

Type  : Slow 900mV 85C Model Recovery 'DE4_SOPC_inst|the_ddr2|ddr2_controller_phy_inst|ddr2_phy_inst|ddr2_phy_alt_mem_phy_inst|clk|scan_clk|q_clock'
Slack : 19.118
TNS   : 0.000

Type  : Slow 900mV 85C Model Recovery 'altera_reserved_tck'
Slack : 47.499
TNS   : 0.000

Type  : Slow 900mV 85C Model Removal 'altera_reserved_tck'
Slack : -1.355
TNS   : -2.777

Type  : Slow 900mV 85C Model Removal 'DE4_SOPC_inst|the_ddr2|ddr2_controller_phy_inst|ddr2_phy_inst|ddr2_phy_alt_mem_phy_inst|clk|half_rate.pll|altpll_component|auto_generated|pll1|clk[0]'
Slack : 0.425
TNS   : 0.000

Type  : Slow 900mV 85C Model Removal 'DE4_SOPC_inst|the_ddr2|ddr2_controller_phy_inst|ddr2_phy_inst|ddr2_phy_alt_mem_phy_inst|clk|half_rate.pll|altpll_component|auto_generated|pll1|clk[5]'
Slack : 0.435
TNS   : 0.000

Type  : Slow 900mV 85C Model Removal 'DE4_SOPC_inst|the_ddr2|ddr2_controller_phy_inst|ddr2_phy_inst|ddr2_phy_alt_mem_phy_inst|dpio|ddr_clkdiv_gen.grp_gen[7].slaves_gen[0].clk_div_slave|clkout'
Slack : 0.464
TNS   : 0.000

Type  : Slow 900mV 85C Model Removal 'DE4_SOPC_inst|the_ddr2|ddr2_controller_phy_inst|ddr2_phy_inst|ddr2_phy_alt_mem_phy_inst|clk|scan_clk|q_clock'
Slack : 0.508
TNS   : 0.000

Type  : Slow 900mV 85C Model Removal 'DE4_SOPC_inst|the_ddr2|ddr2_controller_phy_inst|ddr2_phy_inst|ddr2_phy_alt_mem_phy_inst|dpio|ddr_clkdiv_gen.clk_div_master|clkout'
Slack : 0.509
TNS   : 0.000

Type  : Slow 900mV 85C Model Removal 'DE4_SOPC_inst|the_ddr2|ddr2_controller_phy_inst|ddr2_phy_inst|ddr2_phy_alt_mem_phy_inst|dpio|ddr_clkdiv_gen.grp_gen[2].slaves_gen[0].clk_div_slave|clkout'
Slack : 0.553
TNS   : 0.000

Type  : Slow 900mV 85C Model Removal 'DE4_SOPC_inst|the_ddr2|ddr2_controller_phy_inst|ddr2_phy_inst|ddr2_phy_alt_mem_phy_inst|dpio|ddr_clkdiv_gen.grp_gen[4].slaves_gen[0].clk_div_slave|clkout'
Slack : 0.569
TNS   : 0.000

Type  : Slow 900mV 85C Model Removal 'DE4_SOPC_inst|the_ddr2|ddr2_controller_phy_inst|ddr2_phy_inst|ddr2_phy_alt_mem_phy_inst|dpio|ddr_clkdiv_gen.grp_gen[3].slaves_gen[0].clk_div_slave|clkout'
Slack : 0.575
TNS   : 0.000

Type  : Slow 900mV 85C Model Removal 'DE4_SOPC_inst|the_ddr2|ddr2_controller_phy_inst|ddr2_phy_inst|ddr2_phy_alt_mem_phy_inst|dpio|ddr_clkdiv_gen.grp_gen[6].slaves_gen[0].clk_div_slave|clkout'
Slack : 0.632
TNS   : 0.000

Type  : Slow 900mV 85C Model Removal 'DE4_SOPC_inst|the_ddr2|ddr2_controller_phy_inst|ddr2_phy_inst|ddr2_phy_alt_mem_phy_inst|clk|half_rate.pll|altpll_component|auto_generated|pll1|clk[6]'
Slack : 0.761
TNS   : 0.000

Type  : Slow 900mV 85C Model Removal 'DE4_SOPC_inst|the_ddr2|ddr2_controller_phy_inst|ddr2_phy_inst|ddr2_phy_alt_mem_phy_inst|dpio|ddr_clkdiv_gen.grp_gen[5].slaves_gen[0].clk_div_slave|clkout'
Slack : 0.772
TNS   : 0.000

Type  : Slow 900mV 85C Model Removal 'DE4_SOPC_inst|the_ddr2|ddr2_controller_phy_inst|ddr2_phy_inst|ddr2_phy_alt_mem_phy_inst|dpio|ddr_clkdiv_gen.grp_gen[1].slaves_gen[0].clk_div_slave|clkout'
Slack : 0.852
TNS   : 0.000

Type  : Slow 900mV 85C Model Removal 'OSC_50_Bank3'
Slack : 7.547
TNS   : 0.000

Type  : Slow 900mV 85C Model Minimum Pulse Width 'altera_reserved_tck'
Slack : 0.000
TNS   : 0.000

Type  : Slow 900mV 85C Model Minimum Pulse Width 'DE4_SOPC_inst|the_ddr2|ddr2_controller_phy_inst|ddr2_phy_inst|ddr2_phy_alt_mem_phy_inst|clk|half_rate.pll|altpll_component|auto_generated|pll1|clk[1]'
Slack : 0.501
TNS   : 0.000

Type  : Slow 900mV 85C Model Minimum Pulse Width 'DE4_SOPC_inst|the_ddr2|ddr2_controller_phy_inst|ddr2_phy_inst|ddr2_phy_alt_mem_phy_inst|clk|half_rate.pll|altpll_component|auto_generated|pll1|clk[3]'
Slack : 0.511
TNS   : 0.000

Type  : Slow 900mV 85C Model Minimum Pulse Width 'DE4_SOPC_inst|the_ddr2|ddr2_controller_phy_inst|ddr2_phy_inst|ddr2_phy_alt_mem_phy_inst|clk|half_rate.pll|altpll_component|auto_generated|pll1|clk[4]'
Slack : 0.708
TNS   : 0.000

Type  : Slow 900mV 85C Model Minimum Pulse Width 'DE4_SOPC_inst|the_ddr2|ddr2_controller_phy_inst|ddr2_phy_inst|ddr2_phy_alt_mem_phy_inst|dpio|ddr_clkdiv_gen.grp_gen[1].slaves_gen[0].clk_div_slave|clkout'
Slack : 1.692
TNS   : 0.000

Type  : Slow 900mV 85C Model Minimum Pulse Width 'DE4_SOPC_inst|the_ddr2|ddr2_controller_phy_inst|ddr2_phy_inst|ddr2_phy_alt_mem_phy_inst|dpio|ddr_clkdiv_gen.grp_gen[3].slaves_gen[0].clk_div_slave|clkout'
Slack : 1.692
TNS   : 0.000

Type  : Slow 900mV 85C Model Minimum Pulse Width 'DE4_SOPC_inst|the_ddr2|ddr2_controller_phy_inst|ddr2_phy_inst|ddr2_phy_alt_mem_phy_inst|dpio|ddr_clkdiv_gen.clk_div_master|clkout'
Slack : 1.693
TNS   : 0.000

Type  : Slow 900mV 85C Model Minimum Pulse Width 'DE4_SOPC_inst|the_ddr2|ddr2_controller_phy_inst|ddr2_phy_inst|ddr2_phy_alt_mem_phy_inst|dpio|ddr_clkdiv_gen.grp_gen[2].slaves_gen[0].clk_div_slave|clkout'
Slack : 1.693
TNS   : 0.000

Type  : Slow 900mV 85C Model Minimum Pulse Width 'DE4_SOPC_inst|the_ddr2|ddr2_controller_phy_inst|ddr2_phy_inst|ddr2_phy_alt_mem_phy_inst|dpio|ddr_clkdiv_gen.grp_gen[4].slaves_gen[0].clk_div_slave|clkout'
Slack : 1.693
TNS   : 0.000

Type  : Slow 900mV 85C Model Minimum Pulse Width 'DE4_SOPC_inst|the_ddr2|ddr2_controller_phy_inst|ddr2_phy_inst|ddr2_phy_alt_mem_phy_inst|dpio|ddr_clkdiv_gen.grp_gen[5].slaves_gen[0].clk_div_slave|clkout'
Slack : 1.693
TNS   : 0.000

Type  : Slow 900mV 85C Model Minimum Pulse Width 'DE4_SOPC_inst|the_ddr2|ddr2_controller_phy_inst|ddr2_phy_inst|ddr2_phy_alt_mem_phy_inst|dpio|ddr_clkdiv_gen.grp_gen[6].slaves_gen[0].clk_div_slave|clkout'
Slack : 1.693
TNS   : 0.000

Type  : Slow 900mV 85C Model Minimum Pulse Width 'DE4_SOPC_inst|the_ddr2|ddr2_controller_phy_inst|ddr2_phy_inst|ddr2_phy_alt_mem_phy_inst|dpio|ddr_clkdiv_gen.grp_gen[7].slaves_gen[0].clk_div_slave|clkout'
Slack : 1.693
TNS   : 0.000

Type  : Slow 900mV 85C Model Minimum Pulse Width 'DE4_SOPC_inst|the_ddr2|ddr2_controller_phy_inst|ddr2_phy_inst|ddr2_phy_alt_mem_phy_inst|clk|half_rate.pll|altpll_component|auto_generated|pll1|clk[0]'
Slack : 1.706
TNS   : 0.000

Type  : Slow 900mV 85C Model Minimum Pulse Width 'DE4_SOPC_inst|the_ddr2|ddr2_controller_phy_inst|ddr2_phy_inst|ddr2_phy_alt_mem_phy_inst|clk|half_rate.pll|altpll_component|auto_generated|pll1|clk[6]'
Slack : 1.763
TNS   : 0.000

Type  : Slow 900mV 85C Model Minimum Pulse Width 'DE4_SOPC_inst|the_ddr2|ddr2_controller_phy_inst|ddr2_phy_inst|ddr2_phy_alt_mem_phy_inst|clk|half_rate.pll|altpll_component|auto_generated|pll1|clk[5]'
Slack : 1.862
TNS   : 0.000

Type  : Slow 900mV 85C Model Minimum Pulse Width 'DE4_SOPC_inst|the_ddr2|ddr2_controller_phy_inst|ddr2_phy_inst|ddr2_phy_alt_mem_phy_inst|dpio|ddr_clkdiv_gen.grp_gen[1].slaves_gen[1].clk_div_slave|clkout'
Slack : 2.348
TNS   : 0.000

Type  : Slow 900mV 85C Model Minimum Pulse Width 'DE4_SOPC_inst|the_ddr2|ddr2_controller_phy_inst|ddr2_phy_inst|ddr2_phy_alt_mem_phy_inst|dpio|ddr_clkdiv_gen.grp_gen[3].slaves_gen[1].clk_div_slave|clkout'
Slack : 2.348
TNS   : 0.000

Type  : Slow 900mV 85C Model Minimum Pulse Width 'DE4_SOPC_inst|the_ddr2|ddr2_controller_phy_inst|ddr2_phy_inst|ddr2_phy_alt_mem_phy_inst|dpio|ddr_clkdiv_gen.grp_gen[0].slaves_gen[1].clk_div_slave|clkout'
Slack : 2.349
TNS   : 0.000

Type  : Slow 900mV 85C Model Minimum Pulse Width 'DE4_SOPC_inst|the_ddr2|ddr2_controller_phy_inst|ddr2_phy_inst|ddr2_phy_alt_mem_phy_inst|dpio|ddr_clkdiv_gen.grp_gen[2].slaves_gen[1].clk_div_slave|clkout'
Slack : 2.349
TNS   : 0.000

Type  : Slow 900mV 85C Model Minimum Pulse Width 'DE4_SOPC_inst|the_ddr2|ddr2_controller_phy_inst|ddr2_phy_inst|ddr2_phy_alt_mem_phy_inst|dpio|ddr_clkdiv_gen.grp_gen[4].slaves_gen[1].clk_div_slave|clkout'
Slack : 2.349
TNS   : 0.000

Type  : Slow 900mV 85C Model Minimum Pulse Width 'DE4_SOPC_inst|the_ddr2|ddr2_controller_phy_inst|ddr2_phy_inst|ddr2_phy_alt_mem_phy_inst|dpio|ddr_clkdiv_gen.grp_gen[5].slaves_gen[1].clk_div_slave|clkout'
Slack : 2.349
TNS   : 0.000

Type  : Slow 900mV 85C Model Minimum Pulse Width 'DE4_SOPC_inst|the_ddr2|ddr2_controller_phy_inst|ddr2_phy_inst|ddr2_phy_alt_mem_phy_inst|dpio|ddr_clkdiv_gen.grp_gen[6].slaves_gen[1].clk_div_slave|clkout'
Slack : 2.349
TNS   : 0.000

Type  : Slow 900mV 85C Model Minimum Pulse Width 'DE4_SOPC_inst|the_ddr2|ddr2_controller_phy_inst|ddr2_phy_inst|ddr2_phy_alt_mem_phy_inst|dpio|ddr_clkdiv_gen.grp_gen[7].slaves_gen[1].clk_div_slave|clkout'
Slack : 2.349
TNS   : 0.000

Type  : Slow 900mV 85C Model Minimum Pulse Width 'OSC_50_Bank3'
Slack : 8.965
TNS   : 0.000

Type  : Slow 900mV 85C Model Minimum Pulse Width 'DE4_SOPC_inst|the_ddr2|ddr2_controller_phy_inst|ddr2_phy_inst|ddr2_phy_alt_mem_phy_inst|clk|scan_clk|q_clock'
Slack : 8.966
TNS   : 0.000

Type  : Slow 900mV 0C Model Setup 'DE4_SOPC_inst|the_ddr2|ddr2_controller_phy_inst|ddr2_phy_inst|ddr2_phy_ck_p_M1_DDR2_clk[0]_tDQSS'
Slack : 0.275
TNS   : 0.000

Type  : Slow 900mV 0C Model Setup 'DE4_SOPC_inst|the_ddr2|ddr2_controller_phy_inst|ddr2_phy_inst|ddr2_phy_ck_p_M1_DDR2_clk[1]_tDQSS'
Slack : 0.285
TNS   : 0.000

Type  : Slow 900mV 0C Model Setup 'DE4_SOPC_inst|the_ddr2|ddr2_controller_phy_inst|ddr2_phy_inst|ddr2_phy_ck_n_M1_DDR2_clk_n[0]_tDQSS'
Slack : 0.288
TNS   : 0.000

Type  : Slow 900mV 0C Model Setup 'DE4_SOPC_inst|the_ddr2|ddr2_controller_phy_inst|ddr2_phy_inst|ddr2_phy_ck_n_M1_DDR2_clk_n[1]_tDQSS'
Slack : 0.299
TNS   : 0.000

Type  : Slow 900mV 0C Model Setup 'DE4_SOPC_inst|the_ddr2|ddr2_controller_phy_inst|ddr2_phy_inst|ddr2_phy_ck_p_M1_DDR2_clk[0]_tDSS'
Slack : 0.388
TNS   : 0.000

Type  : Slow 900mV 0C Model Setup 'DE4_SOPC_inst|the_ddr2|ddr2_controller_phy_inst|ddr2_phy_inst|ddr2_phy_ck_p_M1_DDR2_clk[1]_tDSS'
Slack : 0.398
TNS   : 0.000

Type  : Slow 900mV 0C Model Setup 'DE4_SOPC_inst|the_ddr2|ddr2_controller_phy_inst|ddr2_phy_inst|ddr2_phy_ck_n_M1_DDR2_clk_n[0]_tDSS'
Slack : 0.401
TNS   : 0.000

Type  : Slow 900mV 0C Model Setup 'DE4_SOPC_inst|the_ddr2|ddr2_controller_phy_inst|ddr2_phy_inst|ddr2_phy_ck_n_M1_DDR2_clk_n[1]_tDSS'
Slack : 0.412
TNS   : 0.000

Type  : Slow 900mV 0C Model Setup 'DE4_SOPC_inst|the_ddr2|ddr2_controller_phy_inst|ddr2_phy_inst|ddr2_phy_alt_mem_phy_inst|clk|half_rate.pll|altpll_component|auto_generated|pll1|clk[0]'
Slack : 0.538
TNS   : 0.000

Type  : Slow 900mV 0C Model Setup 'DE4_SOPC_inst|the_ddr2|ddr2_controller_phy_inst|ddr2_phy_inst|ddr2_phy_alt_mem_phy_inst|clk|half_rate.pll|altpll_component|auto_generated|pll1|clk[4]'
Slack : 0.543
TNS   : 0.000

Type  : Slow 900mV 0C Model Setup 'DE4_SOPC_inst|the_ddr2|ddr2_controller_phy_inst|ddr2_phy_inst|ddr2_phy_ck_p_M1_DDR2_clk[0]_ac_fall'
Slack : 0.625
TNS   : 0.000

Type  : Slow 900mV 0C Model Setup 'DE4_SOPC_inst|the_ddr2|ddr2_controller_phy_inst|ddr2_phy_inst|ddr2_phy_ck_p_M1_DDR2_clk[1]_ac_fall'
Slack : 0.635
TNS   : 0.000

Type  : Slow 900mV 0C Model Setup 'DE4_SOPC_inst|the_ddr2|ddr2_controller_phy_inst|ddr2_phy_inst|ddr2_phy_ck_n_M1_DDR2_clk_n[0]_ac_fall'
Slack : 0.638
TNS   : 0.000

Type  : Slow 900mV 0C Model Setup 'DE4_SOPC_inst|the_ddr2|ddr2_controller_phy_inst|ddr2_phy_inst|ddr2_phy_ck_p_M1_DDR2_clk[0]_ac_rise'
Slack : 0.645
TNS   : 0.000

Type  : Slow 900mV 0C Model Setup 'DE4_SOPC_inst|the_ddr2|ddr2_controller_phy_inst|ddr2_phy_inst|ddr2_phy_ck_n_M1_DDR2_clk_n[1]_ac_fall'
Slack : 0.649
TNS   : 0.000

Type  : Slow 900mV 0C Model Setup 'DE4_SOPC_inst|the_ddr2|ddr2_controller_phy_inst|ddr2_phy_inst|ddr2_phy_ck_p_M1_DDR2_clk[1]_ac_rise'
Slack : 0.655
TNS   : 0.000

Type  : Slow 900mV 0C Model Setup 'DE4_SOPC_inst|the_ddr2|ddr2_controller_phy_inst|ddr2_phy_inst|ddr2_phy_ck_n_M1_DDR2_clk_n[0]_ac_rise'
Slack : 0.658
TNS   : 0.000

Type  : Slow 900mV 0C Model Setup 'DE4_SOPC_inst|the_ddr2|ddr2_controller_phy_inst|ddr2_phy_inst|ddr2_phy_ck_n_M1_DDR2_clk_n[1]_ac_rise'
Slack : 0.669
TNS   : 0.000

Type  : Slow 900mV 0C Model Setup 'DE4_SOPC_inst|the_ddr2|ddr2_controller_phy_inst|ddr2_phy_inst|ddr2_phy_alt_mem_phy_inst|clk|half_rate.pll|altpll_component|auto_generated|pll1|clk[6]'
Slack : 0.725
TNS   : 0.000

Type  : Slow 900mV 0C Model Setup 'DE4_SOPC_inst|the_ddr2|ddr2_controller_phy_inst|ddr2_phy_inst|ddr2_phy_alt_mem_phy_inst|clk|half_rate.pll|altpll_component|auto_generated|pll1|clk[3]'
Slack : 0.929
TNS   : 0.000

Type  : Slow 900mV 0C Model Setup 'DE4_SOPC_inst|the_ddr2|ddr2_controller_phy_inst|ddr2_phy_inst|ddr2_phy_alt_mem_phy_inst|dpio|ddr_clkdiv_gen.grp_gen[1].slaves_gen[0].clk_div_slave|clkout'
Slack : 1.061
TNS   : 0.000

Type  : Slow 900mV 0C Model Setup 'DE4_SOPC_inst|the_ddr2|ddr2_controller_phy_inst|ddr2_phy_inst|ddr2_phy_alt_mem_phy_inst|dpio|ddr_clkdiv_gen.grp_gen[1].slaves_gen[1].clk_div_slave|clkout'
Slack : 1.061
TNS   : 0.000

Type  : Slow 900mV 0C Model Setup 'DE4_SOPC_inst|the_ddr2|ddr2_controller_phy_inst|ddr2_phy_inst|ddr2_phy_alt_mem_phy_inst|dpio|ddr_clkdiv_gen.grp_gen[2].slaves_gen[0].clk_div_slave|clkout'
Slack : 1.061
TNS   : 0.000

Type  : Slow 900mV 0C Model Setup 'DE4_SOPC_inst|the_ddr2|ddr2_controller_phy_inst|ddr2_phy_inst|ddr2_phy_alt_mem_phy_inst|dpio|ddr_clkdiv_gen.grp_gen[2].slaves_gen[1].clk_div_slave|clkout'
Slack : 1.061
TNS   : 0.000

Type  : Slow 900mV 0C Model Setup 'DE4_SOPC_inst|the_ddr2|ddr2_controller_phy_inst|ddr2_phy_inst|ddr2_phy_alt_mem_phy_inst|dpio|ddr_clkdiv_gen.grp_gen[3].slaves_gen[0].clk_div_slave|clkout'
Slack : 1.061
TNS   : 0.000

Type  : Slow 900mV 0C Model Setup 'DE4_SOPC_inst|the_ddr2|ddr2_controller_phy_inst|ddr2_phy_inst|ddr2_phy_alt_mem_phy_inst|dpio|ddr_clkdiv_gen.grp_gen[3].slaves_gen[1].clk_div_slave|clkout'
Slack : 1.061
TNS   : 0.000

Type  : Slow 900mV 0C Model Setup 'DE4_SOPC_inst|the_ddr2|ddr2_controller_phy_inst|ddr2_phy_inst|ddr2_phy_alt_mem_phy_inst|dpio|ddr_clkdiv_gen.grp_gen[4].slaves_gen[0].clk_div_slave|clkout'
Slack : 1.061
TNS   : 0.000

Type  : Slow 900mV 0C Model Setup 'DE4_SOPC_inst|the_ddr2|ddr2_controller_phy_inst|ddr2_phy_inst|ddr2_phy_alt_mem_phy_inst|dpio|ddr_clkdiv_gen.grp_gen[4].slaves_gen[1].clk_div_slave|clkout'
Slack : 1.061
TNS   : 0.000

Type  : Slow 900mV 0C Model Setup 'DE4_SOPC_inst|the_ddr2|ddr2_controller_phy_inst|ddr2_phy_inst|ddr2_phy_alt_mem_phy_inst|dpio|ddr_clkdiv_gen.grp_gen[5].slaves_gen[0].clk_div_slave|clkout'
Slack : 1.061
TNS   : 0.000

Type  : Slow 900mV 0C Model Setup 'DE4_SOPC_inst|the_ddr2|ddr2_controller_phy_inst|ddr2_phy_inst|ddr2_phy_alt_mem_phy_inst|dpio|ddr_clkdiv_gen.grp_gen[5].slaves_gen[1].clk_div_slave|clkout'
Slack : 1.061
TNS   : 0.000

Type  : Slow 900mV 0C Model Setup 'DE4_SOPC_inst|the_ddr2|ddr2_controller_phy_inst|ddr2_phy_inst|ddr2_phy_alt_mem_phy_inst|dpio|ddr_clkdiv_gen.grp_gen[6].slaves_gen[0].clk_div_slave|clkout'
Slack : 1.061
TNS   : 0.000

Type  : Slow 900mV 0C Model Setup 'DE4_SOPC_inst|the_ddr2|ddr2_controller_phy_inst|ddr2_phy_inst|ddr2_phy_alt_mem_phy_inst|dpio|ddr_clkdiv_gen.grp_gen[6].slaves_gen[1].clk_div_slave|clkout'
Slack : 1.061
TNS   : 0.000

Type  : Slow 900mV 0C Model Setup 'DE4_SOPC_inst|the_ddr2|ddr2_controller_phy_inst|ddr2_phy_inst|ddr2_phy_alt_mem_phy_inst|dpio|ddr_clkdiv_gen.grp_gen[7].slaves_gen[0].clk_div_slave|clkout'
Slack : 1.061
TNS   : 0.000

Type  : Slow 900mV 0C Model Setup 'DE4_SOPC_inst|the_ddr2|ddr2_controller_phy_inst|ddr2_phy_inst|ddr2_phy_alt_mem_phy_inst|dpio|ddr_clkdiv_gen.grp_gen[7].slaves_gen[1].clk_div_slave|clkout'
Slack : 1.062
TNS   : 0.000

Type  : Slow 900mV 0C Model Setup 'DE4_SOPC_inst|the_ddr2|ddr2_controller_phy_inst|ddr2_phy_inst|ddr2_phy_alt_mem_phy_inst|dpio|ddr_clkdiv_gen.clk_div_master|clkout'
Slack : 1.063
TNS   : 0.000

Type  : Slow 900mV 0C Model Setup 'DE4_SOPC_inst|the_ddr2|ddr2_controller_phy_inst|ddr2_phy_inst|ddr2_phy_alt_mem_phy_inst|dpio|ddr_clkdiv_gen.grp_gen[0].slaves_gen[1].clk_div_slave|clkout'
Slack : 1.063
TNS   : 0.000

Type  : Slow 900mV 0C Model Setup 'DE4_SOPC_inst|the_ddr2|ddr2_controller_phy_inst|ddr2_phy_inst|ddr2_phy_alt_mem_phy_inst|clk|half_rate.pll|altpll_component|auto_generated|pll1|clk[1]'
Slack : 1.527
TNS   : 0.000

Type  : Slow 900mV 0C Model Setup 'DE4_SOPC_inst|the_ddr2|ddr2_controller_phy_inst|ddr2_phy_inst|ddr2_phy_alt_mem_phy_inst|clk|half_rate.pll|altpll_component|auto_generated|pll1|clk[5]'
Slack : 3.195
TNS   : 0.000

Type  : Slow 900mV 0C Model Setup 'DE4_SOPC_inst|the_ddr2|ddr2_controller_phy_inst|ddr2_phy_inst|ddr2_phy_alt_mem_phy_inst|clk|scan_clk|q_clock'
Slack : 8.088
TNS   : 0.000

Type  : Slow 900mV 0C Model Setup 'OSC_50_Bank3'
Slack : 14.996
TNS   : 0.000

Type  : Slow 900mV 0C Model Setup 'altera_reserved_tck'
Slack : 44.881
TNS   : 0.000

Type  : Slow 900mV 0C Model Hold 'altera_reserved_tck'
Slack : -0.435
TNS   : -0.739

Type  : Slow 900mV 0C Model Hold 'DE4_SOPC_inst|the_ddr2|ddr2_controller_phy_inst|ddr2_phy_inst|ddr2_phy_alt_mem_phy_inst|dpio|ddr_clkdiv_gen.grp_gen[1].slaves_gen[0].clk_div_slave|clkout'
Slack : 0.025
TNS   : 0.000

Type  : Slow 900mV 0C Model Hold 'DE4_SOPC_inst|the_ddr2|ddr2_controller_phy_inst|ddr2_phy_inst|ddr2_phy_alt_mem_phy_inst|dpio|ddr_clkdiv_gen.grp_gen[5].slaves_gen[0].clk_div_slave|clkout'
Slack : 0.036
TNS   : 0.000

Type  : Slow 900mV 0C Model Hold 'DE4_SOPC_inst|the_ddr2|ddr2_controller_phy_inst|ddr2_phy_inst|ddr2_phy_alt_mem_phy_inst|dpio|ddr_clkdiv_gen.grp_gen[4].slaves_gen[0].clk_div_slave|clkout'
Slack : 0.044
TNS   : 0.000

Type  : Slow 900mV 0C Model Hold 'DE4_SOPC_inst|the_ddr2|ddr2_controller_phy_inst|ddr2_phy_inst|ddr2_phy_alt_mem_phy_inst|dpio|ddr_clkdiv_gen.grp_gen[3].slaves_gen[0].clk_div_slave|clkout'
Slack : 0.046
TNS   : 0.000

Type  : Slow 900mV 0C Model Hold 'DE4_SOPC_inst|the_ddr2|ddr2_controller_phy_inst|ddr2_phy_inst|ddr2_phy_alt_mem_phy_inst|dpio|ddr_clkdiv_gen.grp_gen[6].slaves_gen[0].clk_div_slave|clkout'
Slack : 0.058
TNS   : 0.000

Type  : Slow 900mV 0C Model Hold 'DE4_SOPC_inst|the_ddr2|ddr2_controller_phy_inst|ddr2_phy_inst|ddr2_phy_alt_mem_phy_inst|dpio|ddr_clkdiv_gen.grp_gen[7].slaves_gen[0].clk_div_slave|clkout'
Slack : 0.063
TNS   : 0.000

Type  : Slow 900mV 0C Model Hold 'DE4_SOPC_inst|the_ddr2|ddr2_controller_phy_inst|ddr2_phy_inst|ddr2_phy_alt_mem_phy_inst|dpio|ddr_clkdiv_gen.clk_div_master|clkout'
Slack : 0.088
TNS   : 0.000

Type  : Slow 900mV 0C Model Hold 'DE4_SOPC_inst|the_ddr2|ddr2_controller_phy_inst|ddr2_phy_inst|ddr2_phy_alt_mem_phy_inst|dpio|ddr_clkdiv_gen.grp_gen[2].slaves_gen[0].clk_div_slave|clkout'
Slack : 0.093
TNS   : 0.000

Type  : Slow 900mV 0C Model Hold 'DE4_SOPC_inst|the_ddr2|ddr2_controller_phy_inst|ddr2_phy_inst|ddr2_phy_alt_mem_phy_inst|clk|half_rate.pll|altpll_component|auto_generated|pll1|clk[0]'
Slack : 0.121
TNS   : 0.000

Type  : Slow 900mV 0C Model Hold 'DE4_SOPC_inst|the_ddr2|ddr2_controller_phy_inst|ddr2_phy_inst|ddr2_phy_alt_mem_phy_inst|clk|half_rate.pll|altpll_component|auto_generated|pll1|clk[5]'
Slack : 0.207
TNS   : 0.000

Type  : Slow 900mV 0C Model Hold 'OSC_50_Bank3'
Slack : 0.207
TNS   : 0.000

Type  : Slow 900mV 0C Model Hold 'DE4_SOPC_inst|the_ddr2|ddr2_controller_phy_inst|ddr2_phy_inst|ddr2_phy_alt_mem_phy_inst|clk|half_rate.pll|altpll_component|auto_generated|pll1|clk[6]'
Slack : 0.214
TNS   : 0.000

Type  : Slow 900mV 0C Model Hold 'DE4_SOPC_inst|the_ddr2|ddr2_controller_phy_inst|ddr2_phy_inst|ddr2_phy_alt_mem_phy_inst|clk|scan_clk|q_clock'
Slack : 0.279
TNS   : 0.000

Type  : Slow 900mV 0C Model Hold 'DE4_SOPC_inst|the_ddr2|ddr2_controller_phy_inst|ddr2_phy_inst|ddr2_phy_ck_n_M1_DDR2_clk_n[1]_tDQSS'
Slack : 0.462
TNS   : 0.000

Type  : Slow 900mV 0C Model Hold 'DE4_SOPC_inst|the_ddr2|ddr2_controller_phy_inst|ddr2_phy_inst|ddr2_phy_ck_n_M1_DDR2_clk_n[0]_tDQSS'
Slack : 0.472
TNS   : 0.000

Type  : Slow 900mV 0C Model Hold 'DE4_SOPC_inst|the_ddr2|ddr2_controller_phy_inst|ddr2_phy_inst|ddr2_phy_ck_p_M1_DDR2_clk[1]_tDQSS'
Slack : 0.506
TNS   : 0.000

Type  : Slow 900mV 0C Model Hold 'DE4_SOPC_inst|the_ddr2|ddr2_controller_phy_inst|ddr2_phy_inst|ddr2_phy_ck_p_M1_DDR2_clk[0]_tDQSS'
Slack : 0.516
TNS   : 0.000

Type  : Slow 900mV 0C Model Hold 'DE4_SOPC_inst|the_ddr2|ddr2_controller_phy_inst|ddr2_phy_inst|ddr2_phy_alt_mem_phy_inst|clk|half_rate.pll|altpll_component|auto_generated|pll1|clk[1]'
Slack : 0.522
TNS   : 0.000

Type  : Slow 900mV 0C Model Hold 'DE4_SOPC_inst|the_ddr2|ddr2_controller_phy_inst|ddr2_phy_inst|ddr2_phy_ck_n_M1_DDR2_clk_n[1]_ac_rise'
Slack : 0.551
TNS   : 0.000

Type  : Slow 900mV 0C Model Hold 'DE4_SOPC_inst|the_ddr2|ddr2_controller_phy_inst|ddr2_phy_inst|ddr2_phy_ck_n_M1_DDR2_clk_n[0]_ac_rise'
Slack : 0.561
TNS   : 0.000

Type  : Slow 900mV 0C Model Hold 'DE4_SOPC_inst|the_ddr2|ddr2_controller_phy_inst|ddr2_phy_inst|ddr2_phy_ck_n_M1_DDR2_clk_n[1]_ac_fall'
Slack : 0.563
TNS   : 0.000

Type  : Slow 900mV 0C Model Hold 'DE4_SOPC_inst|the_ddr2|ddr2_controller_phy_inst|ddr2_phy_inst|ddr2_phy_ck_n_M1_DDR2_clk_n[0]_ac_fall'
Slack : 0.573
TNS   : 0.000

Type  : Slow 900mV 0C Model Hold 'DE4_SOPC_inst|the_ddr2|ddr2_controller_phy_inst|ddr2_phy_inst|ddr2_phy_ck_n_M1_DDR2_clk_n[1]_tDSS'
Slack : 0.594
TNS   : 0.000

Type  : Slow 900mV 0C Model Hold 'DE4_SOPC_inst|the_ddr2|ddr2_controller_phy_inst|ddr2_phy_inst|ddr2_phy_ck_p_M1_DDR2_clk[1]_ac_rise'
Slack : 0.595
TNS   : 0.000

Type  : Slow 900mV 0C Model Hold 'DE4_SOPC_inst|the_ddr2|ddr2_controller_phy_inst|ddr2_phy_inst|ddr2_phy_ck_n_M1_DDR2_clk_n[0]_tDSS'
Slack : 0.604
TNS   : 0.000

Type  : Slow 900mV 0C Model Hold 'DE4_SOPC_inst|the_ddr2|ddr2_controller_phy_inst|ddr2_phy_inst|ddr2_phy_ck_p_M1_DDR2_clk[0]_ac_rise'
Slack : 0.605
TNS   : 0.000

Type  : Slow 900mV 0C Model Hold 'DE4_SOPC_inst|the_ddr2|ddr2_controller_phy_inst|ddr2_phy_inst|ddr2_phy_ck_p_M1_DDR2_clk[1]_ac_fall'
Slack : 0.607
TNS   : 0.000

Type  : Slow 900mV 0C Model Hold 'DE4_SOPC_inst|the_ddr2|ddr2_controller_phy_inst|ddr2_phy_inst|ddr2_phy_ck_p_M1_DDR2_clk[0]_ac_fall'
Slack : 0.617
TNS   : 0.000

Type  : Slow 900mV 0C Model Hold 'DE4_SOPC_inst|the_ddr2|ddr2_controller_phy_inst|ddr2_phy_inst|ddr2_phy_ck_p_M1_DDR2_clk[1]_tDSS'
Slack : 0.638
TNS   : 0.000

Type  : Slow 900mV 0C Model Hold 'DE4_SOPC_inst|the_ddr2|ddr2_controller_phy_inst|ddr2_phy_inst|ddr2_phy_ck_p_M1_DDR2_clk[0]_tDSS'
Slack : 0.648
TNS   : 0.000

Type  : Slow 900mV 0C Model Hold 'DE4_SOPC_inst|the_ddr2|ddr2_controller_phy_inst|ddr2_phy_inst|ddr2_phy_alt_mem_phy_inst|dpio|ddr_clkdiv_gen.grp_gen[0].slaves_gen[1].clk_div_slave|clkout'
Slack : 1.075
TNS   : 0.000

Type  : Slow 900mV 0C Model Hold 'DE4_SOPC_inst|the_ddr2|ddr2_controller_phy_inst|ddr2_phy_inst|ddr2_phy_alt_mem_phy_inst|dpio|ddr_clkdiv_gen.grp_gen[1].slaves_gen[1].clk_div_slave|clkout'
Slack : 1.075
TNS   : 0.000

Type  : Slow 900mV 0C Model Hold 'DE4_SOPC_inst|the_ddr2|ddr2_controller_phy_inst|ddr2_phy_inst|ddr2_phy_alt_mem_phy_inst|dpio|ddr_clkdiv_gen.grp_gen[2].slaves_gen[1].clk_div_slave|clkout'
Slack : 1.075
TNS   : 0.000

Type  : Slow 900mV 0C Model Hold 'DE4_SOPC_inst|the_ddr2|ddr2_controller_phy_inst|ddr2_phy_inst|ddr2_phy_alt_mem_phy_inst|dpio|ddr_clkdiv_gen.grp_gen[3].slaves_gen[1].clk_div_slave|clkout'
Slack : 1.075
TNS   : 0.000

Type  : Slow 900mV 0C Model Hold 'DE4_SOPC_inst|the_ddr2|ddr2_controller_phy_inst|ddr2_phy_inst|ddr2_phy_alt_mem_phy_inst|dpio|ddr_clkdiv_gen.grp_gen[4].slaves_gen[1].clk_div_slave|clkout'
Slack : 1.075
TNS   : 0.000

Type  : Slow 900mV 0C Model Hold 'DE4_SOPC_inst|the_ddr2|ddr2_controller_phy_inst|ddr2_phy_inst|ddr2_phy_alt_mem_phy_inst|dpio|ddr_clkdiv_gen.grp_gen[5].slaves_gen[1].clk_div_slave|clkout'
Slack : 1.075
TNS   : 0.000

Type  : Slow 900mV 0C Model Hold 'DE4_SOPC_inst|the_ddr2|ddr2_controller_phy_inst|ddr2_phy_inst|ddr2_phy_alt_mem_phy_inst|dpio|ddr_clkdiv_gen.grp_gen[6].slaves_gen[1].clk_div_slave|clkout'
Slack : 1.076
TNS   : 0.000

Type  : Slow 900mV 0C Model Hold 'DE4_SOPC_inst|the_ddr2|ddr2_controller_phy_inst|ddr2_phy_inst|ddr2_phy_alt_mem_phy_inst|dpio|ddr_clkdiv_gen.grp_gen[7].slaves_gen[1].clk_div_slave|clkout'
Slack : 1.076
TNS   : 0.000

Type  : Slow 900mV 0C Model Hold 'DE4_SOPC_inst|the_ddr2|ddr2_controller_phy_inst|ddr2_phy_inst|ddr2_phy_alt_mem_phy_inst|clk|half_rate.pll|altpll_component|auto_generated|pll1|clk[3]'
Slack : 1.165
TNS   : 0.000

Type  : Slow 900mV 0C Model Hold 'DE4_SOPC_inst|the_ddr2|ddr2_controller_phy_inst|ddr2_phy_inst|ddr2_phy_alt_mem_phy_inst|clk|half_rate.pll|altpll_component|auto_generated|pll1|clk[4]'
Slack : 1.674
TNS   : 0.000

Type  : Slow 900mV 0C Model Recovery 'DE4_SOPC_inst|the_ddr2|ddr2_controller_phy_inst|ddr2_phy_inst|ddr2_phy_alt_mem_phy_inst|clk|half_rate.pll|altpll_component|auto_generated|pll1|clk[0]'
Slack : 0.651
TNS   : 0.000

Type  : Slow 900mV 0C Model Recovery 'DE4_SOPC_inst|the_ddr2|ddr2_controller_phy_inst|ddr2_phy_inst|ddr2_phy_alt_mem_phy_inst|dpio|ddr_clkdiv_gen.grp_gen[6].slaves_gen[0].clk_div_slave|clkout'
Slack : 1.411
TNS   : 0.000

Type  : Slow 900mV 0C Model Recovery 'DE4_SOPC_inst|the_ddr2|ddr2_controller_phy_inst|ddr2_phy_inst|ddr2_phy_alt_mem_phy_inst|dpio|ddr_clkdiv_gen.grp_gen[7].slaves_gen[0].clk_div_slave|clkout'
Slack : 1.436
TNS   : 0.000

Type  : Slow 900mV 0C Model Recovery 'DE4_SOPC_inst|the_ddr2|ddr2_controller_phy_inst|ddr2_phy_inst|ddr2_phy_alt_mem_phy_inst|dpio|ddr_clkdiv_gen.grp_gen[5].slaves_gen[0].clk_div_slave|clkout'
Slack : 1.588
TNS   : 0.000

Type  : Slow 900mV 0C Model Recovery 'DE4_SOPC_inst|the_ddr2|ddr2_controller_phy_inst|ddr2_phy_inst|ddr2_phy_alt_mem_phy_inst|dpio|ddr_clkdiv_gen.grp_gen[4].slaves_gen[0].clk_div_slave|clkout'
Slack : 1.771
TNS   : 0.000

Type  : Slow 900mV 0C Model Recovery 'DE4_SOPC_inst|the_ddr2|ddr2_controller_phy_inst|ddr2_phy_inst|ddr2_phy_alt_mem_phy_inst|dpio|ddr_clkdiv_gen.grp_gen[2].slaves_gen[0].clk_div_slave|clkout'
Slack : 2.356
TNS   : 0.000

Type  : Slow 900mV 0C Model Recovery 'DE4_SOPC_inst|the_ddr2|ddr2_controller_phy_inst|ddr2_phy_inst|ddr2_phy_alt_mem_phy_inst|dpio|ddr_clkdiv_gen.grp_gen[3].slaves_gen[0].clk_div_slave|clkout'
Slack : 2.573
TNS   : 0.000

Type  : Slow 900mV 0C Model Recovery 'DE4_SOPC_inst|the_ddr2|ddr2_controller_phy_inst|ddr2_phy_inst|ddr2_phy_alt_mem_phy_inst|clk|half_rate.pll|altpll_component|auto_generated|pll1|clk[6]'
Slack : 3.210
TNS   : 0.000

Type  : Slow 900mV 0C Model Recovery 'DE4_SOPC_inst|the_ddr2|ddr2_controller_phy_inst|ddr2_phy_inst|ddr2_phy_alt_mem_phy_inst|dpio|ddr_clkdiv_gen.grp_gen[1].slaves_gen[0].clk_div_slave|clkout'
Slack : 3.322
TNS   : 0.000

Type  : Slow 900mV 0C Model Recovery 'DE4_SOPC_inst|the_ddr2|ddr2_controller_phy_inst|ddr2_phy_inst|ddr2_phy_alt_mem_phy_inst|dpio|ddr_clkdiv_gen.clk_div_master|clkout'
Slack : 3.845
TNS   : 0.000

Type  : Slow 900mV 0C Model Recovery 'DE4_SOPC_inst|the_ddr2|ddr2_controller_phy_inst|ddr2_phy_inst|ddr2_phy_alt_mem_phy_inst|clk|half_rate.pll|altpll_component|auto_generated|pll1|clk[5]'
Slack : 4.168
TNS   : 0.000

Type  : Slow 900mV 0C Model Recovery 'OSC_50_Bank3'
Slack : 11.773
TNS   : 0.000

Type  : Slow 900mV 0C Model Recovery 'DE4_SOPC_inst|the_ddr2|ddr2_controller_phy_inst|ddr2_phy_inst|ddr2_phy_alt_mem_phy_inst|clk|scan_clk|q_clock'
Slack : 19.141
TNS   : 0.000

Type  : Slow 900mV 0C Model Recovery 'altera_reserved_tck'
Slack : 47.787
TNS   : 0.000

Type  : Slow 900mV 0C Model Removal 'altera_reserved_tck'
Slack : -1.212
TNS   : -1.644

Type  : Slow 900mV 0C Model Removal 'DE4_SOPC_inst|the_ddr2|ddr2_controller_phy_inst|ddr2_phy_inst|ddr2_phy_alt_mem_phy_inst|clk|half_rate.pll|altpll_component|auto_generated|pll1|clk[0]'
Slack : 0.411
TNS   : 0.000

Type  : Slow 900mV 0C Model Removal 'DE4_SOPC_inst|the_ddr2|ddr2_controller_phy_inst|ddr2_phy_inst|ddr2_phy_alt_mem_phy_inst|clk|half_rate.pll|altpll_component|auto_generated|pll1|clk[5]'
Slack : 0.422
TNS   : 0.000

Type  : Slow 900mV 0C Model Removal 'DE4_SOPC_inst|the_ddr2|ddr2_controller_phy_inst|ddr2_phy_inst|ddr2_phy_alt_mem_phy_inst|dpio|ddr_clkdiv_gen.grp_gen[7].slaves_gen[0].clk_div_slave|clkout'
Slack : 0.439
TNS   : 0.000

Type  : Slow 900mV 0C Model Removal 'DE4_SOPC_inst|the_ddr2|ddr2_controller_phy_inst|ddr2_phy_inst|ddr2_phy_alt_mem_phy_inst|clk|scan_clk|q_clock'
Slack : 0.492
TNS   : 0.000

Type  : Slow 900mV 0C Model Removal 'DE4_SOPC_inst|the_ddr2|ddr2_controller_phy_inst|ddr2_phy_inst|ddr2_phy_alt_mem_phy_inst|dpio|ddr_clkdiv_gen.clk_div_master|clkout'
Slack : 0.495
TNS   : 0.000

Type  : Slow 900mV 0C Model Removal 'DE4_SOPC_inst|the_ddr2|ddr2_controller_phy_inst|ddr2_phy_inst|ddr2_phy_alt_mem_phy_inst|dpio|ddr_clkdiv_gen.grp_gen[2].slaves_gen[0].clk_div_slave|clkout'
Slack : 0.531
TNS   : 0.000

Type  : Slow 900mV 0C Model Removal 'DE4_SOPC_inst|the_ddr2|ddr2_controller_phy_inst|ddr2_phy_inst|ddr2_phy_alt_mem_phy_inst|dpio|ddr_clkdiv_gen.grp_gen[4].slaves_gen[0].clk_div_slave|clkout'
Slack : 0.545
TNS   : 0.000

Type  : Slow 900mV 0C Model Removal 'DE4_SOPC_inst|the_ddr2|ddr2_controller_phy_inst|ddr2_phy_inst|ddr2_phy_alt_mem_phy_inst|dpio|ddr_clkdiv_gen.grp_gen[3].slaves_gen[0].clk_div_slave|clkout'
Slack : 0.562
TNS   : 0.000

Type  : Slow 900mV 0C Model Removal 'DE4_SOPC_inst|the_ddr2|ddr2_controller_phy_inst|ddr2_phy_inst|ddr2_phy_alt_mem_phy_inst|dpio|ddr_clkdiv_gen.grp_gen[6].slaves_gen[0].clk_div_slave|clkout'
Slack : 0.596
TNS   : 0.000

Type  : Slow 900mV 0C Model Removal 'DE4_SOPC_inst|the_ddr2|ddr2_controller_phy_inst|ddr2_phy_inst|ddr2_phy_alt_mem_phy_inst|dpio|ddr_clkdiv_gen.grp_gen[5].slaves_gen[0].clk_div_slave|clkout'
Slack : 0.729
TNS   : 0.000

Type  : Slow 900mV 0C Model Removal 'DE4_SOPC_inst|the_ddr2|ddr2_controller_phy_inst|ddr2_phy_inst|ddr2_phy_alt_mem_phy_inst|clk|half_rate.pll|altpll_component|auto_generated|pll1|clk[6]'
Slack : 0.730
TNS   : 0.000

Type  : Slow 900mV 0C Model Removal 'DE4_SOPC_inst|the_ddr2|ddr2_controller_phy_inst|ddr2_phy_inst|ddr2_phy_alt_mem_phy_inst|dpio|ddr_clkdiv_gen.grp_gen[1].slaves_gen[0].clk_div_slave|clkout'
Slack : 0.806
TNS   : 0.000

Type  : Slow 900mV 0C Model Removal 'OSC_50_Bank3'
Slack : 6.933
TNS   : 0.000

Type  : Slow 900mV 0C Model Minimum Pulse Width 'altera_reserved_tck'
Slack : 0.000
TNS   : 0.000

Type  : Slow 900mV 0C Model Minimum Pulse Width 'DE4_SOPC_inst|the_ddr2|ddr2_controller_phy_inst|ddr2_phy_inst|ddr2_phy_alt_mem_phy_inst|clk|half_rate.pll|altpll_component|auto_generated|pll1|clk[1]'
Slack : 0.495
TNS   : 0.000

Type  : Slow 900mV 0C Model Minimum Pulse Width 'DE4_SOPC_inst|the_ddr2|ddr2_controller_phy_inst|ddr2_phy_inst|ddr2_phy_alt_mem_phy_inst|clk|half_rate.pll|altpll_component|auto_generated|pll1|clk[3]'
Slack : 0.527
TNS   : 0.000

Type  : Slow 900mV 0C Model Minimum Pulse Width 'DE4_SOPC_inst|the_ddr2|ddr2_controller_phy_inst|ddr2_phy_inst|ddr2_phy_alt_mem_phy_inst|clk|half_rate.pll|altpll_component|auto_generated|pll1|clk[4]'
Slack : 0.723
TNS   : 0.000

Type  : Slow 900mV 0C Model Minimum Pulse Width 'DE4_SOPC_inst|the_ddr2|ddr2_controller_phy_inst|ddr2_phy_inst|ddr2_phy_alt_mem_phy_inst|dpio|ddr_clkdiv_gen.grp_gen[4].slaves_gen[0].clk_div_slave|clkout'
Slack : 1.710
TNS   : 0.000

Type  : Slow 900mV 0C Model Minimum Pulse Width 'DE4_SOPC_inst|the_ddr2|ddr2_controller_phy_inst|ddr2_phy_inst|ddr2_phy_alt_mem_phy_inst|dpio|ddr_clkdiv_gen.grp_gen[5].slaves_gen[0].clk_div_slave|clkout'
Slack : 1.710
TNS   : 0.000

Type  : Slow 900mV 0C Model Minimum Pulse Width 'DE4_SOPC_inst|the_ddr2|ddr2_controller_phy_inst|ddr2_phy_inst|ddr2_phy_alt_mem_phy_inst|dpio|ddr_clkdiv_gen.clk_div_master|clkout'
Slack : 1.711
TNS   : 0.000

Type  : Slow 900mV 0C Model Minimum Pulse Width 'DE4_SOPC_inst|the_ddr2|ddr2_controller_phy_inst|ddr2_phy_inst|ddr2_phy_alt_mem_phy_inst|dpio|ddr_clkdiv_gen.grp_gen[1].slaves_gen[0].clk_div_slave|clkout'
Slack : 1.711
TNS   : 0.000

Type  : Slow 900mV 0C Model Minimum Pulse Width 'DE4_SOPC_inst|the_ddr2|ddr2_controller_phy_inst|ddr2_phy_inst|ddr2_phy_alt_mem_phy_inst|dpio|ddr_clkdiv_gen.grp_gen[2].slaves_gen[0].clk_div_slave|clkout'
Slack : 1.711
TNS   : 0.000

Type  : Slow 900mV 0C Model Minimum Pulse Width 'DE4_SOPC_inst|the_ddr2|ddr2_controller_phy_inst|ddr2_phy_inst|ddr2_phy_alt_mem_phy_inst|dpio|ddr_clkdiv_gen.grp_gen[3].slaves_gen[0].clk_div_slave|clkout'
Slack : 1.711
TNS   : 0.000

Type  : Slow 900mV 0C Model Minimum Pulse Width 'DE4_SOPC_inst|the_ddr2|ddr2_controller_phy_inst|ddr2_phy_inst|ddr2_phy_alt_mem_phy_inst|dpio|ddr_clkdiv_gen.grp_gen[6].slaves_gen[0].clk_div_slave|clkout'
Slack : 1.711
TNS   : 0.000

Type  : Slow 900mV 0C Model Minimum Pulse Width 'DE4_SOPC_inst|the_ddr2|ddr2_controller_phy_inst|ddr2_phy_inst|ddr2_phy_alt_mem_phy_inst|dpio|ddr_clkdiv_gen.grp_gen[7].slaves_gen[0].clk_div_slave|clkout'
Slack : 1.711
TNS   : 0.000

Type  : Slow 900mV 0C Model Minimum Pulse Width 'DE4_SOPC_inst|the_ddr2|ddr2_controller_phy_inst|ddr2_phy_inst|ddr2_phy_alt_mem_phy_inst|clk|half_rate.pll|altpll_component|auto_generated|pll1|clk[0]'
Slack : 1.721
TNS   : 0.000

Type  : Slow 900mV 0C Model Minimum Pulse Width 'DE4_SOPC_inst|the_ddr2|ddr2_controller_phy_inst|ddr2_phy_inst|ddr2_phy_alt_mem_phy_inst|clk|half_rate.pll|altpll_component|auto_generated|pll1|clk[6]'
Slack : 1.783
TNS   : 0.000

Type  : Slow 900mV 0C Model Minimum Pulse Width 'DE4_SOPC_inst|the_ddr2|ddr2_controller_phy_inst|ddr2_phy_inst|ddr2_phy_alt_mem_phy_inst|clk|half_rate.pll|altpll_component|auto_generated|pll1|clk[5]'
Slack : 1.849
TNS   : 0.000

Type  : Slow 900mV 0C Model Minimum Pulse Width 'DE4_SOPC_inst|the_ddr2|ddr2_controller_phy_inst|ddr2_phy_inst|ddr2_phy_alt_mem_phy_inst|dpio|ddr_clkdiv_gen.grp_gen[4].slaves_gen[1].clk_div_slave|clkout'
Slack : 2.361
TNS   : 0.000

Type  : Slow 900mV 0C Model Minimum Pulse Width 'DE4_SOPC_inst|the_ddr2|ddr2_controller_phy_inst|ddr2_phy_inst|ddr2_phy_alt_mem_phy_inst|dpio|ddr_clkdiv_gen.grp_gen[5].slaves_gen[1].clk_div_slave|clkout'
Slack : 2.361
TNS   : 0.000

Type  : Slow 900mV 0C Model Minimum Pulse Width 'DE4_SOPC_inst|the_ddr2|ddr2_controller_phy_inst|ddr2_phy_inst|ddr2_phy_alt_mem_phy_inst|dpio|ddr_clkdiv_gen.grp_gen[0].slaves_gen[1].clk_div_slave|clkout'
Slack : 2.362
TNS   : 0.000

Type  : Slow 900mV 0C Model Minimum Pulse Width 'DE4_SOPC_inst|the_ddr2|ddr2_controller_phy_inst|ddr2_phy_inst|ddr2_phy_alt_mem_phy_inst|dpio|ddr_clkdiv_gen.grp_gen[1].slaves_gen[1].clk_div_slave|clkout'
Slack : 2.362
TNS   : 0.000

Type  : Slow 900mV 0C Model Minimum Pulse Width 'DE4_SOPC_inst|the_ddr2|ddr2_controller_phy_inst|ddr2_phy_inst|ddr2_phy_alt_mem_phy_inst|dpio|ddr_clkdiv_gen.grp_gen[2].slaves_gen[1].clk_div_slave|clkout'
Slack : 2.362
TNS   : 0.000

Type  : Slow 900mV 0C Model Minimum Pulse Width 'DE4_SOPC_inst|the_ddr2|ddr2_controller_phy_inst|ddr2_phy_inst|ddr2_phy_alt_mem_phy_inst|dpio|ddr_clkdiv_gen.grp_gen[3].slaves_gen[1].clk_div_slave|clkout'
Slack : 2.362
TNS   : 0.000

Type  : Slow 900mV 0C Model Minimum Pulse Width 'DE4_SOPC_inst|the_ddr2|ddr2_controller_phy_inst|ddr2_phy_inst|ddr2_phy_alt_mem_phy_inst|dpio|ddr_clkdiv_gen.grp_gen[6].slaves_gen[1].clk_div_slave|clkout'
Slack : 2.362
TNS   : 0.000

Type  : Slow 900mV 0C Model Minimum Pulse Width 'DE4_SOPC_inst|the_ddr2|ddr2_controller_phy_inst|ddr2_phy_inst|ddr2_phy_alt_mem_phy_inst|dpio|ddr_clkdiv_gen.grp_gen[7].slaves_gen[1].clk_div_slave|clkout'
Slack : 2.362
TNS   : 0.000

Type  : Slow 900mV 0C Model Minimum Pulse Width 'DE4_SOPC_inst|the_ddr2|ddr2_controller_phy_inst|ddr2_phy_inst|ddr2_phy_alt_mem_phy_inst|clk|scan_clk|q_clock'
Slack : 8.965
TNS   : 0.000

Type  : Slow 900mV 0C Model Minimum Pulse Width 'OSC_50_Bank3'
Slack : 8.971
TNS   : 0.000

Type  : Fast 900mV 0C Model Setup 'DE4_SOPC_inst|the_ddr2|ddr2_controller_phy_inst|ddr2_phy_inst|ddr2_phy_ck_p_M1_DDR2_clk[1]_tDQSS'
Slack : 0.354
TNS   : 0.000

Type  : Fast 900mV 0C Model Setup 'DE4_SOPC_inst|the_ddr2|ddr2_controller_phy_inst|ddr2_phy_inst|ddr2_phy_ck_p_M1_DDR2_clk[0]_tDQSS'
Slack : 0.356
TNS   : 0.000

Type  : Fast 900mV 0C Model Setup 'DE4_SOPC_inst|the_ddr2|ddr2_controller_phy_inst|ddr2_phy_inst|ddr2_phy_ck_n_M1_DDR2_clk_n[1]_tDQSS'
Slack : 0.361
TNS   : 0.000

Type  : Fast 900mV 0C Model Setup 'DE4_SOPC_inst|the_ddr2|ddr2_controller_phy_inst|ddr2_phy_inst|ddr2_phy_ck_n_M1_DDR2_clk_n[0]_tDQSS'
Slack : 0.363
TNS   : 0.000

Type  : Fast 900mV 0C Model Setup 'DE4_SOPC_inst|the_ddr2|ddr2_controller_phy_inst|ddr2_phy_inst|ddr2_phy_ck_p_M1_DDR2_clk[1]_tDSS'
Slack : 0.485
TNS   : 0.000

Type  : Fast 900mV 0C Model Setup 'DE4_SOPC_inst|the_ddr2|ddr2_controller_phy_inst|ddr2_phy_inst|ddr2_phy_ck_p_M1_DDR2_clk[0]_tDSS'
Slack : 0.487
TNS   : 0.000

Type  : Fast 900mV 0C Model Setup 'DE4_SOPC_inst|the_ddr2|ddr2_controller_phy_inst|ddr2_phy_inst|ddr2_phy_ck_n_M1_DDR2_clk_n[1]_tDSS'
Slack : 0.492
TNS   : 0.000

Type  : Fast 900mV 0C Model Setup 'DE4_SOPC_inst|the_ddr2|ddr2_controller_phy_inst|ddr2_phy_inst|ddr2_phy_ck_n_M1_DDR2_clk_n[0]_tDSS'
Slack : 0.494
TNS   : 0.000

Type  : Fast 900mV 0C Model Setup 'DE4_SOPC_inst|the_ddr2|ddr2_controller_phy_inst|ddr2_phy_inst|ddr2_phy_alt_mem_phy_inst|clk|half_rate.pll|altpll_component|auto_generated|pll1|clk[4]'
Slack : 0.782
TNS   : 0.000

Type  : Fast 900mV 0C Model Setup 'DE4_SOPC_inst|the_ddr2|ddr2_controller_phy_inst|ddr2_phy_inst|ddr2_phy_ck_p_M1_DDR2_clk[1]_ac_rise'
Slack : 0.799
TNS   : 0.000

Type  : Fast 900mV 0C Model Setup 'DE4_SOPC_inst|the_ddr2|ddr2_controller_phy_inst|ddr2_phy_inst|ddr2_phy_ck_p_M1_DDR2_clk[0]_ac_rise'
Slack : 0.801
TNS   : 0.000

Type  : Fast 900mV 0C Model Setup 'DE4_SOPC_inst|the_ddr2|ddr2_controller_phy_inst|ddr2_phy_inst|ddr2_phy_ck_n_M1_DDR2_clk_n[1]_ac_rise'
Slack : 0.806
TNS   : 0.000

Type  : Fast 900mV 0C Model Setup 'DE4_SOPC_inst|the_ddr2|ddr2_controller_phy_inst|ddr2_phy_inst|ddr2_phy_ck_p_M1_DDR2_clk[1]_ac_fall'
Slack : 0.806
TNS   : 0.000

Type  : Fast 900mV 0C Model Setup 'DE4_SOPC_inst|the_ddr2|ddr2_controller_phy_inst|ddr2_phy_inst|ddr2_phy_ck_n_M1_DDR2_clk_n[0]_ac_rise'
Slack : 0.808
TNS   : 0.000

Type  : Fast 900mV 0C Model Setup 'DE4_SOPC_inst|the_ddr2|ddr2_controller_phy_inst|ddr2_phy_inst|ddr2_phy_ck_p_M1_DDR2_clk[0]_ac_fall'
Slack : 0.808
TNS   : 0.000

Type  : Fast 900mV 0C Model Setup 'DE4_SOPC_inst|the_ddr2|ddr2_controller_phy_inst|ddr2_phy_inst|ddr2_phy_ck_n_M1_DDR2_clk_n[1]_ac_fall'
Slack : 0.813
TNS   : 0.000

Type  : Fast 900mV 0C Model Setup 'DE4_SOPC_inst|the_ddr2|ddr2_controller_phy_inst|ddr2_phy_inst|ddr2_phy_ck_n_M1_DDR2_clk_n[0]_ac_fall'
Slack : 0.815
TNS   : 0.000

Type  : Fast 900mV 0C Model Setup 'DE4_SOPC_inst|the_ddr2|ddr2_controller_phy_inst|ddr2_phy_inst|ddr2_phy_alt_mem_phy_inst|dpio|ddr_clkdiv_gen.clk_div_master|clkout'
Slack : 1.108
TNS   : 0.000

Type  : Fast 900mV 0C Model Setup 'DE4_SOPC_inst|the_ddr2|ddr2_controller_phy_inst|ddr2_phy_inst|ddr2_phy_alt_mem_phy_inst|dpio|ddr_clkdiv_gen.grp_gen[0].slaves_gen[1].clk_div_slave|clkout'
Slack : 1.108
TNS   : 0.000

Type  : Fast 900mV 0C Model Setup 'DE4_SOPC_inst|the_ddr2|ddr2_controller_phy_inst|ddr2_phy_inst|ddr2_phy_alt_mem_phy_inst|dpio|ddr_clkdiv_gen.grp_gen[1].slaves_gen[0].clk_div_slave|clkout'
Slack : 1.108
TNS   : 0.000

Type  : Fast 900mV 0C Model Setup 'DE4_SOPC_inst|the_ddr2|ddr2_controller_phy_inst|ddr2_phy_inst|ddr2_phy_alt_mem_phy_inst|dpio|ddr_clkdiv_gen.grp_gen[1].slaves_gen[1].clk_div_slave|clkout'
Slack : 1.108
TNS   : 0.000

Type  : Fast 900mV 0C Model Setup 'DE4_SOPC_inst|the_ddr2|ddr2_controller_phy_inst|ddr2_phy_inst|ddr2_phy_alt_mem_phy_inst|dpio|ddr_clkdiv_gen.grp_gen[3].slaves_gen[0].clk_div_slave|clkout'
Slack : 1.108
TNS   : 0.000

Type  : Fast 900mV 0C Model Setup 'DE4_SOPC_inst|the_ddr2|ddr2_controller_phy_inst|ddr2_phy_inst|ddr2_phy_alt_mem_phy_inst|dpio|ddr_clkdiv_gen.grp_gen[3].slaves_gen[1].clk_div_slave|clkout'
Slack : 1.108
TNS   : 0.000

Type  : Fast 900mV 0C Model Setup 'DE4_SOPC_inst|the_ddr2|ddr2_controller_phy_inst|ddr2_phy_inst|ddr2_phy_alt_mem_phy_inst|dpio|ddr_clkdiv_gen.grp_gen[4].slaves_gen[0].clk_div_slave|clkout'
Slack : 1.108
TNS   : 0.000

Type  : Fast 900mV 0C Model Setup 'DE4_SOPC_inst|the_ddr2|ddr2_controller_phy_inst|ddr2_phy_inst|ddr2_phy_alt_mem_phy_inst|dpio|ddr_clkdiv_gen.grp_gen[4].slaves_gen[1].clk_div_slave|clkout'
Slack : 1.108
TNS   : 0.000

Type  : Fast 900mV 0C Model Setup 'DE4_SOPC_inst|the_ddr2|ddr2_controller_phy_inst|ddr2_phy_inst|ddr2_phy_alt_mem_phy_inst|dpio|ddr_clkdiv_gen.grp_gen[5].slaves_gen[0].clk_div_slave|clkout'
Slack : 1.108
TNS   : 0.000

Type  : Fast 900mV 0C Model Setup 'DE4_SOPC_inst|the_ddr2|ddr2_controller_phy_inst|ddr2_phy_inst|ddr2_phy_alt_mem_phy_inst|dpio|ddr_clkdiv_gen.grp_gen[5].slaves_gen[1].clk_div_slave|clkout'
Slack : 1.108
TNS   : 0.000

Type  : Fast 900mV 0C Model Setup 'DE4_SOPC_inst|the_ddr2|ddr2_controller_phy_inst|ddr2_phy_inst|ddr2_phy_alt_mem_phy_inst|dpio|ddr_clkdiv_gen.grp_gen[6].slaves_gen[0].clk_div_slave|clkout'
Slack : 1.108
TNS   : 0.000

Type  : Fast 900mV 0C Model Setup 'DE4_SOPC_inst|the_ddr2|ddr2_controller_phy_inst|ddr2_phy_inst|ddr2_phy_alt_mem_phy_inst|dpio|ddr_clkdiv_gen.grp_gen[6].slaves_gen[1].clk_div_slave|clkout'
Slack : 1.108
TNS   : 0.000

Type  : Fast 900mV 0C Model Setup 'DE4_SOPC_inst|the_ddr2|ddr2_controller_phy_inst|ddr2_phy_inst|ddr2_phy_alt_mem_phy_inst|dpio|ddr_clkdiv_gen.grp_gen[7].slaves_gen[0].clk_div_slave|clkout'
Slack : 1.108
TNS   : 0.000

Type  : Fast 900mV 0C Model Setup 'DE4_SOPC_inst|the_ddr2|ddr2_controller_phy_inst|ddr2_phy_inst|ddr2_phy_alt_mem_phy_inst|dpio|ddr_clkdiv_gen.grp_gen[7].slaves_gen[1].clk_div_slave|clkout'
Slack : 1.108
TNS   : 0.000

Type  : Fast 900mV 0C Model Setup 'DE4_SOPC_inst|the_ddr2|ddr2_controller_phy_inst|ddr2_phy_inst|ddr2_phy_alt_mem_phy_inst|dpio|ddr_clkdiv_gen.grp_gen[2].slaves_gen[0].clk_div_slave|clkout'
Slack : 1.109
TNS   : 0.000

Type  : Fast 900mV 0C Model Setup 'DE4_SOPC_inst|the_ddr2|ddr2_controller_phy_inst|ddr2_phy_inst|ddr2_phy_alt_mem_phy_inst|dpio|ddr_clkdiv_gen.grp_gen[2].slaves_gen[1].clk_div_slave|clkout'
Slack : 1.109
TNS   : 0.000

Type  : Fast 900mV 0C Model Setup 'DE4_SOPC_inst|the_ddr2|ddr2_controller_phy_inst|ddr2_phy_inst|ddr2_phy_alt_mem_phy_inst|clk|half_rate.pll|altpll_component|auto_generated|pll1|clk[3]'
Slack : 1.124
TNS   : 0.000

Type  : Fast 900mV 0C Model Setup 'DE4_SOPC_inst|the_ddr2|ddr2_controller_phy_inst|ddr2_phy_inst|ddr2_phy_alt_mem_phy_inst|clk|half_rate.pll|altpll_component|auto_generated|pll1|clk[0]'
Slack : 1.215
TNS   : 0.000

Type  : Fast 900mV 0C Model Setup 'DE4_SOPC_inst|the_ddr2|ddr2_controller_phy_inst|ddr2_phy_inst|ddr2_phy_alt_mem_phy_inst|clk|half_rate.pll|altpll_component|auto_generated|pll1|clk[6]'
Slack : 1.536
TNS   : 0.000

Type  : Fast 900mV 0C Model Setup 'DE4_SOPC_inst|the_ddr2|ddr2_controller_phy_inst|ddr2_phy_inst|ddr2_phy_alt_mem_phy_inst|clk|half_rate.pll|altpll_component|auto_generated|pll1|clk[1]'
Slack : 1.719
TNS   : 0.000

Type  : Fast 900mV 0C Model Setup 'DE4_SOPC_inst|the_ddr2|ddr2_controller_phy_inst|ddr2_phy_inst|ddr2_phy_alt_mem_phy_inst|clk|half_rate.pll|altpll_component|auto_generated|pll1|clk[5]'
Slack : 3.829
TNS   : 0.000

Type  : Fast 900mV 0C Model Setup 'DE4_SOPC_inst|the_ddr2|ddr2_controller_phy_inst|ddr2_phy_inst|ddr2_phy_alt_mem_phy_inst|clk|scan_clk|q_clock'
Slack : 8.382
TNS   : 0.000

Type  : Fast 900mV 0C Model Setup 'OSC_50_Bank3'
Slack : 16.895
TNS   : 0.000

Type  : Fast 900mV 0C Model Setup 'altera_reserved_tck'
Slack : 47.309
TNS   : 0.000

Type  : Fast 900mV 0C Model Hold 'altera_reserved_tck'
Slack : -0.138
TNS   : -1.656

Type  : Fast 900mV 0C Model Hold 'DE4_SOPC_inst|the_ddr2|ddr2_controller_phy_inst|ddr2_phy_inst|ddr2_phy_alt_mem_phy_inst|dpio|ddr_clkdiv_gen.grp_gen[5].slaves_gen[0].clk_div_slave|clkout'
Slack : 0.053
TNS   : 0.000

Type  : Fast 900mV 0C Model Hold 'DE4_SOPC_inst|the_ddr2|ddr2_controller_phy_inst|ddr2_phy_inst|ddr2_phy_alt_mem_phy_inst|dpio|ddr_clkdiv_gen.grp_gen[6].slaves_gen[0].clk_div_slave|clkout'
Slack : 0.056
TNS   : 0.000

Type  : Fast 900mV 0C Model Hold 'DE4_SOPC_inst|the_ddr2|ddr2_controller_phy_inst|ddr2_phy_inst|ddr2_phy_alt_mem_phy_inst|dpio|ddr_clkdiv_gen.grp_gen[1].slaves_gen[0].clk_div_slave|clkout'
Slack : 0.063
TNS   : 0.000

Type  : Fast 900mV 0C Model Hold 'DE4_SOPC_inst|the_ddr2|ddr2_controller_phy_inst|ddr2_phy_inst|ddr2_phy_alt_mem_phy_inst|dpio|ddr_clkdiv_gen.grp_gen[4].slaves_gen[0].clk_div_slave|clkout'
Slack : 0.068
TNS   : 0.000

Type  : Fast 900mV 0C Model Hold 'DE4_SOPC_inst|the_ddr2|ddr2_controller_phy_inst|ddr2_phy_inst|ddr2_phy_alt_mem_phy_inst|clk|half_rate.pll|altpll_component|auto_generated|pll1|clk[0]'
Slack : 0.073
TNS   : 0.000

Type  : Fast 900mV 0C Model Hold 'DE4_SOPC_inst|the_ddr2|ddr2_controller_phy_inst|ddr2_phy_inst|ddr2_phy_alt_mem_phy_inst|dpio|ddr_clkdiv_gen.grp_gen[3].slaves_gen[0].clk_div_slave|clkout'
Slack : 0.078
TNS   : 0.000

Type  : Fast 900mV 0C Model Hold 'DE4_SOPC_inst|the_ddr2|ddr2_controller_phy_inst|ddr2_phy_inst|ddr2_phy_alt_mem_phy_inst|dpio|ddr_clkdiv_gen.grp_gen[7].slaves_gen[0].clk_div_slave|clkout'
Slack : 0.088
TNS   : 0.000

Type  : Fast 900mV 0C Model Hold 'DE4_SOPC_inst|the_ddr2|ddr2_controller_phy_inst|ddr2_phy_inst|ddr2_phy_alt_mem_phy_inst|dpio|ddr_clkdiv_gen.clk_div_master|clkout'
Slack : 0.094
TNS   : 0.000

Type  : Fast 900mV 0C Model Hold 'DE4_SOPC_inst|the_ddr2|ddr2_controller_phy_inst|ddr2_phy_inst|ddr2_phy_alt_mem_phy_inst|dpio|ddr_clkdiv_gen.grp_gen[2].slaves_gen[0].clk_div_slave|clkout'
Slack : 0.108
TNS   : 0.000

Type  : Fast 900mV 0C Model Hold 'OSC_50_Bank3'
Slack : 0.111
TNS   : 0.000

Type  : Fast 900mV 0C Model Hold 'DE4_SOPC_inst|the_ddr2|ddr2_controller_phy_inst|ddr2_phy_inst|ddr2_phy_alt_mem_phy_inst|clk|half_rate.pll|altpll_component|auto_generated|pll1|clk[5]'
Slack : 0.112
TNS   : 0.000

Type  : Fast 900mV 0C Model Hold 'DE4_SOPC_inst|the_ddr2|ddr2_controller_phy_inst|ddr2_phy_inst|ddr2_phy_alt_mem_phy_inst|clk|half_rate.pll|altpll_component|auto_generated|pll1|clk[6]'
Slack : 0.121
TNS   : 0.000

Type  : Fast 900mV 0C Model Hold 'DE4_SOPC_inst|the_ddr2|ddr2_controller_phy_inst|ddr2_phy_inst|ddr2_phy_alt_mem_phy_inst|clk|scan_clk|q_clock'
Slack : 0.150
TNS   : 0.000

Type  : Fast 900mV 0C Model Hold 'DE4_SOPC_inst|the_ddr2|ddr2_controller_phy_inst|ddr2_phy_inst|ddr2_phy_alt_mem_phy_inst|clk|half_rate.pll|altpll_component|auto_generated|pll1|clk[1]'
Slack : 0.447
TNS   : 0.000

Type  : Fast 900mV 0C Model Hold 'DE4_SOPC_inst|the_ddr2|ddr2_controller_phy_inst|ddr2_phy_inst|ddr2_phy_ck_n_M1_DDR2_clk_n[0]_tDQSS'
Slack : 0.492
TNS   : 0.000

Type  : Fast 900mV 0C Model Hold 'DE4_SOPC_inst|the_ddr2|ddr2_controller_phy_inst|ddr2_phy_inst|ddr2_phy_ck_n_M1_DDR2_clk_n[1]_tDQSS'
Slack : 0.493
TNS   : 0.000

Type  : Fast 900mV 0C Model Hold 'DE4_SOPC_inst|the_ddr2|ddr2_controller_phy_inst|ddr2_phy_inst|ddr2_phy_ck_n_M1_DDR2_clk_n[0]_ac_fall'
Slack : 0.503
TNS   : 0.000

Type  : Fast 900mV 0C Model Hold 'DE4_SOPC_inst|the_ddr2|ddr2_controller_phy_inst|ddr2_phy_inst|ddr2_phy_ck_n_M1_DDR2_clk_n[1]_ac_fall'
Slack : 0.504
TNS   : 0.000

Type  : Fast 900mV 0C Model Hold 'DE4_SOPC_inst|the_ddr2|ddr2_controller_phy_inst|ddr2_phy_inst|ddr2_phy_ck_n_M1_DDR2_clk_n[0]_ac_rise'
Slack : 0.514
TNS   : 0.000

Type  : Fast 900mV 0C Model Hold 'DE4_SOPC_inst|the_ddr2|ddr2_controller_phy_inst|ddr2_phy_inst|ddr2_phy_ck_n_M1_DDR2_clk_n[1]_ac_rise'
Slack : 0.515
TNS   : 0.000

Type  : Fast 900mV 0C Model Hold 'DE4_SOPC_inst|the_ddr2|ddr2_controller_phy_inst|ddr2_phy_inst|ddr2_phy_ck_p_M1_DDR2_clk[0]_tDQSS'
Slack : 0.520
TNS   : 0.000

Type  : Fast 900mV 0C Model Hold 'DE4_SOPC_inst|the_ddr2|ddr2_controller_phy_inst|ddr2_phy_inst|ddr2_phy_ck_p_M1_DDR2_clk[1]_tDQSS'
Slack : 0.520
TNS   : 0.000

Type  : Fast 900mV 0C Model Hold 'DE4_SOPC_inst|the_ddr2|ddr2_controller_phy_inst|ddr2_phy_inst|ddr2_phy_ck_p_M1_DDR2_clk[0]_ac_fall'
Slack : 0.531
TNS   : 0.000

Type  : Fast 900mV 0C Model Hold 'DE4_SOPC_inst|the_ddr2|ddr2_controller_phy_inst|ddr2_phy_inst|ddr2_phy_ck_p_M1_DDR2_clk[1]_ac_fall'
Slack : 0.531
TNS   : 0.000

Type  : Fast 900mV 0C Model Hold 'DE4_SOPC_inst|the_ddr2|ddr2_controller_phy_inst|ddr2_phy_inst|ddr2_phy_ck_p_M1_DDR2_clk[0]_ac_rise'
Slack : 0.542
TNS   : 0.000

Type  : Fast 900mV 0C Model Hold 'DE4_SOPC_inst|the_ddr2|ddr2_controller_phy_inst|ddr2_phy_inst|ddr2_phy_ck_p_M1_DDR2_clk[1]_ac_rise'
Slack : 0.542
TNS   : 0.000

Type  : Fast 900mV 0C Model Hold 'DE4_SOPC_inst|the_ddr2|ddr2_controller_phy_inst|ddr2_phy_inst|ddr2_phy_ck_n_M1_DDR2_clk_n[0]_tDSS'
Slack : 0.604
TNS   : 0.000

Type  : Fast 900mV 0C Model Hold 'DE4_SOPC_inst|the_ddr2|ddr2_controller_phy_inst|ddr2_phy_inst|ddr2_phy_ck_n_M1_DDR2_clk_n[1]_tDSS'
Slack : 0.605
TNS   : 0.000

Type  : Fast 900mV 0C Model Hold 'DE4_SOPC_inst|the_ddr2|ddr2_controller_phy_inst|ddr2_phy_inst|ddr2_phy_ck_p_M1_DDR2_clk[0]_tDSS'
Slack : 0.632
TNS   : 0.000

Type  : Fast 900mV 0C Model Hold 'DE4_SOPC_inst|the_ddr2|ddr2_controller_phy_inst|ddr2_phy_inst|ddr2_phy_ck_p_M1_DDR2_clk[1]_tDSS'
Slack : 0.632
TNS   : 0.000

Type  : Fast 900mV 0C Model Hold 'DE4_SOPC_inst|the_ddr2|ddr2_controller_phy_inst|ddr2_phy_inst|ddr2_phy_alt_mem_phy_inst|clk|half_rate.pll|altpll_component|auto_generated|pll1|clk[3]'
Slack : 1.091
TNS   : 0.000

Type  : Fast 900mV 0C Model Hold 'DE4_SOPC_inst|the_ddr2|ddr2_controller_phy_inst|ddr2_phy_inst|ddr2_phy_alt_mem_phy_inst|dpio|ddr_clkdiv_gen.grp_gen[0].slaves_gen[1].clk_div_slave|clkout'
Slack : 1.129
TNS   : 0.000

Type  : Fast 900mV 0C Model Hold 'DE4_SOPC_inst|the_ddr2|ddr2_controller_phy_inst|ddr2_phy_inst|ddr2_phy_alt_mem_phy_inst|dpio|ddr_clkdiv_gen.grp_gen[1].slaves_gen[1].clk_div_slave|clkout'
Slack : 1.129
TNS   : 0.000

Type  : Fast 900mV 0C Model Hold 'DE4_SOPC_inst|the_ddr2|ddr2_controller_phy_inst|ddr2_phy_inst|ddr2_phy_alt_mem_phy_inst|dpio|ddr_clkdiv_gen.grp_gen[3].slaves_gen[1].clk_div_slave|clkout'
Slack : 1.129
TNS   : 0.000

Type  : Fast 900mV 0C Model Hold 'DE4_SOPC_inst|the_ddr2|ddr2_controller_phy_inst|ddr2_phy_inst|ddr2_phy_alt_mem_phy_inst|dpio|ddr_clkdiv_gen.grp_gen[6].slaves_gen[1].clk_div_slave|clkout'
Slack : 1.129
TNS   : 0.000

Type  : Fast 900mV 0C Model Hold 'DE4_SOPC_inst|the_ddr2|ddr2_controller_phy_inst|ddr2_phy_inst|ddr2_phy_alt_mem_phy_inst|dpio|ddr_clkdiv_gen.grp_gen[7].slaves_gen[1].clk_div_slave|clkout'
Slack : 1.129
TNS   : 0.000

Type  : Fast 900mV 0C Model Hold 'DE4_SOPC_inst|the_ddr2|ddr2_controller_phy_inst|ddr2_phy_inst|ddr2_phy_alt_mem_phy_inst|dpio|ddr_clkdiv_gen.grp_gen[2].slaves_gen[1].clk_div_slave|clkout'
Slack : 1.130
TNS   : 0.000

Type  : Fast 900mV 0C Model Hold 'DE4_SOPC_inst|the_ddr2|ddr2_controller_phy_inst|ddr2_phy_inst|ddr2_phy_alt_mem_phy_inst|dpio|ddr_clkdiv_gen.grp_gen[4].slaves_gen[1].clk_div_slave|clkout'
Slack : 1.130
TNS   : 0.000

Type  : Fast 900mV 0C Model Hold 'DE4_SOPC_inst|the_ddr2|ddr2_controller_phy_inst|ddr2_phy_inst|ddr2_phy_alt_mem_phy_inst|dpio|ddr_clkdiv_gen.grp_gen[5].slaves_gen[1].clk_div_slave|clkout'
Slack : 1.130
TNS   : 0.000

Type  : Fast 900mV 0C Model Hold 'DE4_SOPC_inst|the_ddr2|ddr2_controller_phy_inst|ddr2_phy_inst|ddr2_phy_alt_mem_phy_inst|clk|half_rate.pll|altpll_component|auto_generated|pll1|clk[4]'
Slack : 1.494
TNS   : 0.000

Type  : Fast 900mV 0C Model Recovery 'DE4_SOPC_inst|the_ddr2|ddr2_controller_phy_inst|ddr2_phy_inst|ddr2_phy_alt_mem_phy_inst|clk|half_rate.pll|altpll_component|auto_generated|pll1|clk[0]'
Slack : 2.201
TNS   : 0.000

Type  : Fast 900mV 0C Model Recovery 'DE4_SOPC_inst|the_ddr2|ddr2_controller_phy_inst|ddr2_phy_inst|ddr2_phy_alt_mem_phy_inst|dpio|ddr_clkdiv_gen.grp_gen[6].slaves_gen[0].clk_div_slave|clkout'
Slack : 2.661
TNS   : 0.000

Type  : Fast 900mV 0C Model Recovery 'DE4_SOPC_inst|the_ddr2|ddr2_controller_phy_inst|ddr2_phy_inst|ddr2_phy_alt_mem_phy_inst|dpio|ddr_clkdiv_gen.grp_gen[7].slaves_gen[0].clk_div_slave|clkout'
Slack : 2.693
TNS   : 0.000

Type  : Fast 900mV 0C Model Recovery 'DE4_SOPC_inst|the_ddr2|ddr2_controller_phy_inst|ddr2_phy_inst|ddr2_phy_alt_mem_phy_inst|dpio|ddr_clkdiv_gen.grp_gen[5].slaves_gen[0].clk_div_slave|clkout'
Slack : 2.787
TNS   : 0.000

Type  : Fast 900mV 0C Model Recovery 'DE4_SOPC_inst|the_ddr2|ddr2_controller_phy_inst|ddr2_phy_inst|ddr2_phy_alt_mem_phy_inst|dpio|ddr_clkdiv_gen.grp_gen[4].slaves_gen[0].clk_div_slave|clkout'
Slack : 2.906
TNS   : 0.000

Type  : Fast 900mV 0C Model Recovery 'DE4_SOPC_inst|the_ddr2|ddr2_controller_phy_inst|ddr2_phy_inst|ddr2_phy_alt_mem_phy_inst|dpio|ddr_clkdiv_gen.grp_gen[2].slaves_gen[0].clk_div_slave|clkout'
Slack : 3.325
TNS   : 0.000

Type  : Fast 900mV 0C Model Recovery 'DE4_SOPC_inst|the_ddr2|ddr2_controller_phy_inst|ddr2_phy_inst|ddr2_phy_alt_mem_phy_inst|dpio|ddr_clkdiv_gen.grp_gen[3].slaves_gen[0].clk_div_slave|clkout'
Slack : 3.476
TNS   : 0.000

Type  : Fast 900mV 0C Model Recovery 'DE4_SOPC_inst|the_ddr2|ddr2_controller_phy_inst|ddr2_phy_inst|ddr2_phy_alt_mem_phy_inst|clk|half_rate.pll|altpll_component|auto_generated|pll1|clk[6]'
Slack : 3.886
TNS   : 0.000

Type  : Fast 900mV 0C Model Recovery 'DE4_SOPC_inst|the_ddr2|ddr2_controller_phy_inst|ddr2_phy_inst|ddr2_phy_alt_mem_phy_inst|dpio|ddr_clkdiv_gen.grp_gen[1].slaves_gen[0].clk_div_slave|clkout'
Slack : 3.957
TNS   : 0.000

Type  : Fast 900mV 0C Model Recovery 'DE4_SOPC_inst|the_ddr2|ddr2_controller_phy_inst|ddr2_phy_inst|ddr2_phy_alt_mem_phy_inst|dpio|ddr_clkdiv_gen.clk_div_master|clkout'
Slack : 4.285
TNS   : 0.000

Type  : Fast 900mV 0C Model Recovery 'DE4_SOPC_inst|the_ddr2|ddr2_controller_phy_inst|ddr2_phy_inst|ddr2_phy_alt_mem_phy_inst|clk|half_rate.pll|altpll_component|auto_generated|pll1|clk[5]'
Slack : 4.505
TNS   : 0.000

Type  : Fast 900mV 0C Model Recovery 'OSC_50_Bank3'
Slack : 14.359
TNS   : 0.000

Type  : Fast 900mV 0C Model Recovery 'DE4_SOPC_inst|the_ddr2|ddr2_controller_phy_inst|ddr2_phy_inst|ddr2_phy_alt_mem_phy_inst|clk|scan_clk|q_clock'
Slack : 19.490
TNS   : 0.000

Type  : Fast 900mV 0C Model Recovery 'altera_reserved_tck'
Slack : 47.997
TNS   : 0.000

Type  : Fast 900mV 0C Model Removal 'altera_reserved_tck'
Slack : -1.004
TNS   : -3.353

Type  : Fast 900mV 0C Model Removal 'DE4_SOPC_inst|the_ddr2|ddr2_controller_phy_inst|ddr2_phy_inst|ddr2_phy_alt_mem_phy_inst|clk|half_rate.pll|altpll_component|auto_generated|pll1|clk[0]'
Slack : 0.239
TNS   : 0.000

Type  : Fast 900mV 0C Model Removal 'DE4_SOPC_inst|the_ddr2|ddr2_controller_phy_inst|ddr2_phy_inst|ddr2_phy_alt_mem_phy_inst|clk|half_rate.pll|altpll_component|auto_generated|pll1|clk[5]'
Slack : 0.244
TNS   : 0.000

Type  : Fast 900mV 0C Model Removal 'DE4_SOPC_inst|the_ddr2|ddr2_controller_phy_inst|ddr2_phy_inst|ddr2_phy_alt_mem_phy_inst|dpio|ddr_clkdiv_gen.grp_gen[7].slaves_gen[0].clk_div_slave|clkout'
Slack : 0.267
TNS   : 0.000

Type  : Fast 900mV 0C Model Removal 'DE4_SOPC_inst|the_ddr2|ddr2_controller_phy_inst|ddr2_phy_inst|ddr2_phy_alt_mem_phy_inst|clk|scan_clk|q_clock'
Slack : 0.289
TNS   : 0.000

Type  : Fast 900mV 0C Model Removal 'DE4_SOPC_inst|the_ddr2|ddr2_controller_phy_inst|ddr2_phy_inst|ddr2_phy_alt_mem_phy_inst|dpio|ddr_clkdiv_gen.clk_div_master|clkout'
Slack : 0.289
TNS   : 0.000

Type  : Fast 900mV 0C Model Removal 'DE4_SOPC_inst|the_ddr2|ddr2_controller_phy_inst|ddr2_phy_inst|ddr2_phy_alt_mem_phy_inst|dpio|ddr_clkdiv_gen.grp_gen[2].slaves_gen[0].clk_div_slave|clkout'
Slack : 0.296
TNS   : 0.000

Type  : Fast 900mV 0C Model Removal 'DE4_SOPC_inst|the_ddr2|ddr2_controller_phy_inst|ddr2_phy_inst|ddr2_phy_alt_mem_phy_inst|dpio|ddr_clkdiv_gen.grp_gen[4].slaves_gen[0].clk_div_slave|clkout'
Slack : 0.334
TNS   : 0.000

Type  : Fast 900mV 0C Model Removal 'DE4_SOPC_inst|the_ddr2|ddr2_controller_phy_inst|ddr2_phy_inst|ddr2_phy_alt_mem_phy_inst|dpio|ddr_clkdiv_gen.grp_gen[3].slaves_gen[0].clk_div_slave|clkout'
Slack : 0.341
TNS   : 0.000

Type  : Fast 900mV 0C Model Removal 'DE4_SOPC_inst|the_ddr2|ddr2_controller_phy_inst|ddr2_phy_inst|ddr2_phy_alt_mem_phy_inst|dpio|ddr_clkdiv_gen.grp_gen[6].slaves_gen[0].clk_div_slave|clkout'
Slack : 0.373
TNS   : 0.000

Type  : Fast 900mV 0C Model Removal 'DE4_SOPC_inst|the_ddr2|ddr2_controller_phy_inst|ddr2_phy_inst|ddr2_phy_alt_mem_phy_inst|clk|half_rate.pll|altpll_component|auto_generated|pll1|clk[6]'
Slack : 0.430
TNS   : 0.000

Type  : Fast 900mV 0C Model Removal 'DE4_SOPC_inst|the_ddr2|ddr2_controller_phy_inst|ddr2_phy_inst|ddr2_phy_alt_mem_phy_inst|dpio|ddr_clkdiv_gen.grp_gen[5].slaves_gen[0].clk_div_slave|clkout'
Slack : 0.435
TNS   : 0.000

Type  : Fast 900mV 0C Model Removal 'DE4_SOPC_inst|the_ddr2|ddr2_controller_phy_inst|ddr2_phy_inst|ddr2_phy_alt_mem_phy_inst|dpio|ddr_clkdiv_gen.grp_gen[1].slaves_gen[0].clk_div_slave|clkout'
Slack : 0.470
TNS   : 0.000

Type  : Fast 900mV 0C Model Removal 'OSC_50_Bank3'
Slack : 4.897
TNS   : 0.000

Type  : Fast 900mV 0C Model Minimum Pulse Width 'altera_reserved_tck'
Slack : 0.000
TNS   : 0.000

Type  : Fast 900mV 0C Model Minimum Pulse Width 'DE4_SOPC_inst|the_ddr2|ddr2_controller_phy_inst|ddr2_phy_inst|ddr2_phy_alt_mem_phy_inst|clk|half_rate.pll|altpll_component|auto_generated|pll1|clk[1]'
Slack : 0.491
TNS   : 0.000

Type  : Fast 900mV 0C Model Minimum Pulse Width 'DE4_SOPC_inst|the_ddr2|ddr2_controller_phy_inst|ddr2_phy_inst|ddr2_phy_alt_mem_phy_inst|clk|half_rate.pll|altpll_component|auto_generated|pll1|clk[3]'
Slack : 0.492
TNS   : 0.000

Type  : Fast 900mV 0C Model Minimum Pulse Width 'DE4_SOPC_inst|the_ddr2|ddr2_controller_phy_inst|ddr2_phy_inst|ddr2_phy_alt_mem_phy_inst|clk|half_rate.pll|altpll_component|auto_generated|pll1|clk[4]'
Slack : 0.700
TNS   : 0.000

Type  : Fast 900mV 0C Model Minimum Pulse Width 'DE4_SOPC_inst|the_ddr2|ddr2_controller_phy_inst|ddr2_phy_inst|ddr2_phy_alt_mem_phy_inst|dpio|ddr_clkdiv_gen.grp_gen[6].slaves_gen[0].clk_div_slave|clkout'
Slack : 1.701
TNS   : 0.000

Type  : Fast 900mV 0C Model Minimum Pulse Width 'DE4_SOPC_inst|the_ddr2|ddr2_controller_phy_inst|ddr2_phy_inst|ddr2_phy_alt_mem_phy_inst|dpio|ddr_clkdiv_gen.grp_gen[7].slaves_gen[0].clk_div_slave|clkout'
Slack : 1.701
TNS   : 0.000

Type  : Fast 900mV 0C Model Minimum Pulse Width 'DE4_SOPC_inst|the_ddr2|ddr2_controller_phy_inst|ddr2_phy_inst|ddr2_phy_alt_mem_phy_inst|dpio|ddr_clkdiv_gen.clk_div_master|clkout'
Slack : 1.702
TNS   : 0.000

Type  : Fast 900mV 0C Model Minimum Pulse Width 'DE4_SOPC_inst|the_ddr2|ddr2_controller_phy_inst|ddr2_phy_inst|ddr2_phy_alt_mem_phy_inst|dpio|ddr_clkdiv_gen.grp_gen[1].slaves_gen[0].clk_div_slave|clkout'
Slack : 1.702
TNS   : 0.000

Type  : Fast 900mV 0C Model Minimum Pulse Width 'DE4_SOPC_inst|the_ddr2|ddr2_controller_phy_inst|ddr2_phy_inst|ddr2_phy_alt_mem_phy_inst|dpio|ddr_clkdiv_gen.grp_gen[2].slaves_gen[0].clk_div_slave|clkout'
Slack : 1.702
TNS   : 0.000

Type  : Fast 900mV 0C Model Minimum Pulse Width 'DE4_SOPC_inst|the_ddr2|ddr2_controller_phy_inst|ddr2_phy_inst|ddr2_phy_alt_mem_phy_inst|dpio|ddr_clkdiv_gen.grp_gen[3].slaves_gen[0].clk_div_slave|clkout'
Slack : 1.702
TNS   : 0.000

Type  : Fast 900mV 0C Model Minimum Pulse Width 'DE4_SOPC_inst|the_ddr2|ddr2_controller_phy_inst|ddr2_phy_inst|ddr2_phy_alt_mem_phy_inst|dpio|ddr_clkdiv_gen.grp_gen[4].slaves_gen[0].clk_div_slave|clkout'
Slack : 1.702
TNS   : 0.000

Type  : Fast 900mV 0C Model Minimum Pulse Width 'DE4_SOPC_inst|the_ddr2|ddr2_controller_phy_inst|ddr2_phy_inst|ddr2_phy_alt_mem_phy_inst|dpio|ddr_clkdiv_gen.grp_gen[5].slaves_gen[0].clk_div_slave|clkout'
Slack : 1.702
TNS   : 0.000

Type  : Fast 900mV 0C Model Minimum Pulse Width 'DE4_SOPC_inst|the_ddr2|ddr2_controller_phy_inst|ddr2_phy_inst|ddr2_phy_alt_mem_phy_inst|clk|half_rate.pll|altpll_component|auto_generated|pll1|clk[0]'
Slack : 1.708
TNS   : 0.000

Type  : Fast 900mV 0C Model Minimum Pulse Width 'DE4_SOPC_inst|the_ddr2|ddr2_controller_phy_inst|ddr2_phy_inst|ddr2_phy_alt_mem_phy_inst|clk|half_rate.pll|altpll_component|auto_generated|pll1|clk[6]'
Slack : 1.745
TNS   : 0.000

Type  : Fast 900mV 0C Model Minimum Pulse Width 'DE4_SOPC_inst|the_ddr2|ddr2_controller_phy_inst|ddr2_phy_inst|ddr2_phy_alt_mem_phy_inst|clk|half_rate.pll|altpll_component|auto_generated|pll1|clk[5]'
Slack : 2.092
TNS   : 0.000

Type  : Fast 900mV 0C Model Minimum Pulse Width 'DE4_SOPC_inst|the_ddr2|ddr2_controller_phy_inst|ddr2_phy_inst|ddr2_phy_alt_mem_phy_inst|dpio|ddr_clkdiv_gen.grp_gen[0].slaves_gen[1].clk_div_slave|clkout'
Slack : 2.396
TNS   : 0.000

Type  : Fast 900mV 0C Model Minimum Pulse Width 'DE4_SOPC_inst|the_ddr2|ddr2_controller_phy_inst|ddr2_phy_inst|ddr2_phy_alt_mem_phy_inst|dpio|ddr_clkdiv_gen.grp_gen[1].slaves_gen[1].clk_div_slave|clkout'
Slack : 2.396
TNS   : 0.000

Type  : Fast 900mV 0C Model Minimum Pulse Width 'DE4_SOPC_inst|the_ddr2|ddr2_controller_phy_inst|ddr2_phy_inst|ddr2_phy_alt_mem_phy_inst|dpio|ddr_clkdiv_gen.grp_gen[2].slaves_gen[1].clk_div_slave|clkout'
Slack : 2.396
TNS   : 0.000

Type  : Fast 900mV 0C Model Minimum Pulse Width 'DE4_SOPC_inst|the_ddr2|ddr2_controller_phy_inst|ddr2_phy_inst|ddr2_phy_alt_mem_phy_inst|dpio|ddr_clkdiv_gen.grp_gen[3].slaves_gen[1].clk_div_slave|clkout'
Slack : 2.396
TNS   : 0.000

Type  : Fast 900mV 0C Model Minimum Pulse Width 'DE4_SOPC_inst|the_ddr2|ddr2_controller_phy_inst|ddr2_phy_inst|ddr2_phy_alt_mem_phy_inst|dpio|ddr_clkdiv_gen.grp_gen[4].slaves_gen[1].clk_div_slave|clkout'
Slack : 2.396
TNS   : 0.000

Type  : Fast 900mV 0C Model Minimum Pulse Width 'DE4_SOPC_inst|the_ddr2|ddr2_controller_phy_inst|ddr2_phy_inst|ddr2_phy_alt_mem_phy_inst|dpio|ddr_clkdiv_gen.grp_gen[5].slaves_gen[1].clk_div_slave|clkout'
Slack : 2.396
TNS   : 0.000

Type  : Fast 900mV 0C Model Minimum Pulse Width 'DE4_SOPC_inst|the_ddr2|ddr2_controller_phy_inst|ddr2_phy_inst|ddr2_phy_alt_mem_phy_inst|dpio|ddr_clkdiv_gen.grp_gen[6].slaves_gen[1].clk_div_slave|clkout'
Slack : 2.396
TNS   : 0.000

Type  : Fast 900mV 0C Model Minimum Pulse Width 'DE4_SOPC_inst|the_ddr2|ddr2_controller_phy_inst|ddr2_phy_inst|ddr2_phy_alt_mem_phy_inst|dpio|ddr_clkdiv_gen.grp_gen[7].slaves_gen[1].clk_div_slave|clkout'
Slack : 2.396
TNS   : 0.000

Type  : Fast 900mV 0C Model Minimum Pulse Width 'DE4_SOPC_inst|the_ddr2|ddr2_controller_phy_inst|ddr2_phy_inst|ddr2_phy_alt_mem_phy_inst|clk|scan_clk|q_clock'
Slack : 8.973
TNS   : 0.000

Type  : Fast 900mV 0C Model Minimum Pulse Width 'OSC_50_Bank3'
Slack : 9.107
TNS   : 0.000

------------------------------------------------------------
