------------------------------------------------------------
TimeQuest Timing Analyzer Summary
------------------------------------------------------------

Type  : Slow 900mV 85C Model Setup 'DE4_SOPC_inst|the_ddr2|ddr2_controller_phy_inst|ddr2_phy_inst|ddr2_phy_ck_p_M1_DDR2_clk[0]_tDQSS'
Slack : 0.235
TNS   : 0.000

Type  : Slow 900mV 85C Model Setup 'DE4_SOPC_inst|the_ddr2|ddr2_controller_phy_inst|ddr2_phy_inst|ddr2_phy_ck_p_M1_DDR2_clk[1]_tDQSS'
Slack : 0.247
TNS   : 0.000

Type  : Slow 900mV 85C Model Setup 'DE4_SOPC_inst|the_ddr2|ddr2_controller_phy_inst|ddr2_phy_inst|ddr2_phy_ck_n_M1_DDR2_clk_n[0]_tDQSS'
Slack : 0.253
TNS   : 0.000

Type  : Slow 900mV 85C Model Setup 'DE4_SOPC_inst|the_ddr2|ddr2_controller_phy_inst|ddr2_phy_inst|ddr2_phy_ck_n_M1_DDR2_clk_n[1]_tDQSS'
Slack : 0.265
TNS   : 0.000

Type  : Slow 900mV 85C Model Setup 'DE4_SOPC_inst|the_ddr2|ddr2_controller_phy_inst|ddr2_phy_inst|ddr2_phy_ck_p_M1_DDR2_clk[0]_tDSS'
Slack : 0.363
TNS   : 0.000

Type  : Slow 900mV 85C Model Setup 'DE4_SOPC_inst|the_ddr2|ddr2_controller_phy_inst|ddr2_phy_inst|ddr2_phy_ck_p_M1_DDR2_clk[1]_tDSS'
Slack : 0.375
TNS   : 0.000

Type  : Slow 900mV 85C Model Setup 'DE4_SOPC_inst|the_ddr2|ddr2_controller_phy_inst|ddr2_phy_inst|ddr2_phy_ck_n_M1_DDR2_clk_n[0]_tDSS'
Slack : 0.381
TNS   : 0.000

Type  : Slow 900mV 85C Model Setup 'DE4_SOPC_inst|the_ddr2|ddr2_controller_phy_inst|ddr2_phy_inst|ddr2_phy_ck_n_M1_DDR2_clk_n[1]_tDSS'
Slack : 0.393
TNS   : 0.000

Type  : Slow 900mV 85C Model Setup 'DE4_SOPC_inst|the_ddr2|ddr2_controller_phy_inst|ddr2_phy_inst|ddr2_phy_alt_mem_phy_inst|clk|half_rate.pll|altpll_component|auto_generated|pll1|clk[0]'
Slack : 0.418
TNS   : 0.000

Type  : Slow 900mV 85C Model Setup 'DE4_SOPC_inst|the_ddr2|ddr2_controller_phy_inst|ddr2_phy_inst|ddr2_phy_alt_mem_phy_inst|clk|half_rate.pll|altpll_component|auto_generated|pll1|clk[4]'
Slack : 0.526
TNS   : 0.000

Type  : Slow 900mV 85C Model Setup 'DE4_SOPC_inst|the_ddr2|ddr2_controller_phy_inst|ddr2_phy_inst|ddr2_phy_ck_p_M1_DDR2_clk[0]_ac_fall'
Slack : 0.567
TNS   : 0.000

Type  : Slow 900mV 85C Model Setup 'DE4_SOPC_inst|the_ddr2|ddr2_controller_phy_inst|ddr2_phy_inst|ddr2_phy_ck_p_M1_DDR2_clk[0]_ac_rise'
Slack : 0.576
TNS   : 0.000

Type  : Slow 900mV 85C Model Setup 'DE4_SOPC_inst|the_ddr2|ddr2_controller_phy_inst|ddr2_phy_inst|ddr2_phy_ck_p_M1_DDR2_clk[1]_ac_fall'
Slack : 0.579
TNS   : 0.000

Type  : Slow 900mV 85C Model Setup 'DE4_SOPC_inst|the_ddr2|ddr2_controller_phy_inst|ddr2_phy_inst|ddr2_phy_ck_n_M1_DDR2_clk_n[0]_ac_fall'
Slack : 0.585
TNS   : 0.000

Type  : Slow 900mV 85C Model Setup 'DE4_SOPC_inst|the_ddr2|ddr2_controller_phy_inst|ddr2_phy_inst|ddr2_phy_ck_p_M1_DDR2_clk[1]_ac_rise'
Slack : 0.588
TNS   : 0.000

Type  : Slow 900mV 85C Model Setup 'DE4_SOPC_inst|the_ddr2|ddr2_controller_phy_inst|ddr2_phy_inst|ddr2_phy_ck_n_M1_DDR2_clk_n[0]_ac_rise'
Slack : 0.594
TNS   : 0.000

Type  : Slow 900mV 85C Model Setup 'DE4_SOPC_inst|the_ddr2|ddr2_controller_phy_inst|ddr2_phy_inst|ddr2_phy_ck_n_M1_DDR2_clk_n[1]_ac_fall'
Slack : 0.597
TNS   : 0.000

Type  : Slow 900mV 85C Model Setup 'DE4_SOPC_inst|the_ddr2|ddr2_controller_phy_inst|ddr2_phy_inst|ddr2_phy_ck_n_M1_DDR2_clk_n[1]_ac_rise'
Slack : 0.606
TNS   : 0.000

Type  : Slow 900mV 85C Model Setup 'DE4_SOPC_inst|the_ddr2|ddr2_controller_phy_inst|ddr2_phy_inst|ddr2_phy_alt_mem_phy_inst|clk|half_rate.pll|altpll_component|auto_generated|pll1|clk[6]'
Slack : 0.626
TNS   : 0.000

Type  : Slow 900mV 85C Model Setup 'DE4_SOPC_inst|the_ddr2|ddr2_controller_phy_inst|ddr2_phy_inst|ddr2_phy_alt_mem_phy_inst|clk|half_rate.pll|altpll_component|auto_generated|pll1|clk[3]'
Slack : 0.906
TNS   : 0.000

Type  : Slow 900mV 85C Model Setup 'DE4_SOPC_inst|the_ddr2|ddr2_controller_phy_inst|ddr2_phy_inst|ddr2_phy_alt_mem_phy_inst|dpio|ddr_clkdiv_gen.grp_gen[1].slaves_gen[0].clk_div_slave|clkout'
Slack : 1.041
TNS   : 0.000

Type  : Slow 900mV 85C Model Setup 'DE4_SOPC_inst|the_ddr2|ddr2_controller_phy_inst|ddr2_phy_inst|ddr2_phy_alt_mem_phy_inst|dpio|ddr_clkdiv_gen.grp_gen[1].slaves_gen[1].clk_div_slave|clkout'
Slack : 1.041
TNS   : 0.000

Type  : Slow 900mV 85C Model Setup 'DE4_SOPC_inst|the_ddr2|ddr2_controller_phy_inst|ddr2_phy_inst|ddr2_phy_alt_mem_phy_inst|dpio|ddr_clkdiv_gen.grp_gen[3].slaves_gen[0].clk_div_slave|clkout'
Slack : 1.041
TNS   : 0.000

Type  : Slow 900mV 85C Model Setup 'DE4_SOPC_inst|the_ddr2|ddr2_controller_phy_inst|ddr2_phy_inst|ddr2_phy_alt_mem_phy_inst|dpio|ddr_clkdiv_gen.grp_gen[3].slaves_gen[1].clk_div_slave|clkout'
Slack : 1.041
TNS   : 0.000

Type  : Slow 900mV 85C Model Setup 'DE4_SOPC_inst|the_ddr2|ddr2_controller_phy_inst|ddr2_phy_inst|ddr2_phy_alt_mem_phy_inst|dpio|ddr_clkdiv_gen.grp_gen[4].slaves_gen[0].clk_div_slave|clkout'
Slack : 1.041
TNS   : 0.000

Type  : Slow 900mV 85C Model Setup 'DE4_SOPC_inst|the_ddr2|ddr2_controller_phy_inst|ddr2_phy_inst|ddr2_phy_alt_mem_phy_inst|dpio|ddr_clkdiv_gen.grp_gen[4].slaves_gen[1].clk_div_slave|clkout'
Slack : 1.041
TNS   : 0.000

Type  : Slow 900mV 85C Model Setup 'DE4_SOPC_inst|the_ddr2|ddr2_controller_phy_inst|ddr2_phy_inst|ddr2_phy_alt_mem_phy_inst|dpio|ddr_clkdiv_gen.grp_gen[5].slaves_gen[0].clk_div_slave|clkout'
Slack : 1.041
TNS   : 0.000

Type  : Slow 900mV 85C Model Setup 'DE4_SOPC_inst|the_ddr2|ddr2_controller_phy_inst|ddr2_phy_inst|ddr2_phy_alt_mem_phy_inst|dpio|ddr_clkdiv_gen.grp_gen[5].slaves_gen[1].clk_div_slave|clkout'
Slack : 1.041
TNS   : 0.000

Type  : Slow 900mV 85C Model Setup 'DE4_SOPC_inst|the_ddr2|ddr2_controller_phy_inst|ddr2_phy_inst|ddr2_phy_alt_mem_phy_inst|dpio|ddr_clkdiv_gen.clk_div_master|clkout'
Slack : 1.042
TNS   : 0.000

Type  : Slow 900mV 85C Model Setup 'DE4_SOPC_inst|the_ddr2|ddr2_controller_phy_inst|ddr2_phy_inst|ddr2_phy_alt_mem_phy_inst|dpio|ddr_clkdiv_gen.grp_gen[0].slaves_gen[1].clk_div_slave|clkout'
Slack : 1.042
TNS   : 0.000

Type  : Slow 900mV 85C Model Setup 'DE4_SOPC_inst|the_ddr2|ddr2_controller_phy_inst|ddr2_phy_inst|ddr2_phy_alt_mem_phy_inst|dpio|ddr_clkdiv_gen.grp_gen[2].slaves_gen[0].clk_div_slave|clkout'
Slack : 1.042
TNS   : 0.000

Type  : Slow 900mV 85C Model Setup 'DE4_SOPC_inst|the_ddr2|ddr2_controller_phy_inst|ddr2_phy_inst|ddr2_phy_alt_mem_phy_inst|dpio|ddr_clkdiv_gen.grp_gen[2].slaves_gen[1].clk_div_slave|clkout'
Slack : 1.042
TNS   : 0.000

Type  : Slow 900mV 85C Model Setup 'DE4_SOPC_inst|the_ddr2|ddr2_controller_phy_inst|ddr2_phy_inst|ddr2_phy_alt_mem_phy_inst|dpio|ddr_clkdiv_gen.grp_gen[6].slaves_gen[0].clk_div_slave|clkout'
Slack : 1.042
TNS   : 0.000

Type  : Slow 900mV 85C Model Setup 'DE4_SOPC_inst|the_ddr2|ddr2_controller_phy_inst|ddr2_phy_inst|ddr2_phy_alt_mem_phy_inst|dpio|ddr_clkdiv_gen.grp_gen[6].slaves_gen[1].clk_div_slave|clkout'
Slack : 1.042
TNS   : 0.000

Type  : Slow 900mV 85C Model Setup 'DE4_SOPC_inst|the_ddr2|ddr2_controller_phy_inst|ddr2_phy_inst|ddr2_phy_alt_mem_phy_inst|dpio|ddr_clkdiv_gen.grp_gen[7].slaves_gen[0].clk_div_slave|clkout'
Slack : 1.042
TNS   : 0.000

Type  : Slow 900mV 85C Model Setup 'DE4_SOPC_inst|the_ddr2|ddr2_controller_phy_inst|ddr2_phy_inst|ddr2_phy_alt_mem_phy_inst|dpio|ddr_clkdiv_gen.grp_gen[7].slaves_gen[1].clk_div_slave|clkout'
Slack : 1.042
TNS   : 0.000

Type  : Slow 900mV 85C Model Setup 'DE4_SOPC_inst|the_ddr2|ddr2_controller_phy_inst|ddr2_phy_inst|ddr2_phy_alt_mem_phy_inst|clk|half_rate.pll|altpll_component|auto_generated|pll1|clk[1]'
Slack : 1.504
TNS   : 0.000

Type  : Slow 900mV 85C Model Setup 'DE4_SOPC_inst|the_ddr2|ddr2_controller_phy_inst|ddr2_phy_inst|ddr2_phy_alt_mem_phy_inst|clk|half_rate.pll|altpll_component|auto_generated|pll1|clk[5]'
Slack : 3.364
TNS   : 0.000

Type  : Slow 900mV 85C Model Setup 'DE4_SOPC_inst|the_ddr2|ddr2_controller_phy_inst|ddr2_phy_inst|ddr2_phy_alt_mem_phy_inst|clk|scan_clk|q_clock'
Slack : 8.379
TNS   : 0.000

Type  : Slow 900mV 85C Model Setup 'OSC_50_Bank3'
Slack : 14.802
TNS   : 0.000

Type  : Slow 900mV 85C Model Hold 'DE4_SOPC_inst|the_ddr2|ddr2_controller_phy_inst|ddr2_phy_inst|ddr2_phy_alt_mem_phy_inst|dpio|ddr_clkdiv_gen.grp_gen[7].slaves_gen[0].clk_div_slave|clkout'
Slack : 0.050
TNS   : 0.000

Type  : Slow 900mV 85C Model Hold 'DE4_SOPC_inst|the_ddr2|ddr2_controller_phy_inst|ddr2_phy_inst|ddr2_phy_alt_mem_phy_inst|dpio|ddr_clkdiv_gen.grp_gen[1].slaves_gen[0].clk_div_slave|clkout'
Slack : 0.096
TNS   : 0.000

Type  : Slow 900mV 85C Model Hold 'DE4_SOPC_inst|the_ddr2|ddr2_controller_phy_inst|ddr2_phy_inst|ddr2_phy_alt_mem_phy_inst|dpio|ddr_clkdiv_gen.clk_div_master|clkout'
Slack : 0.122
TNS   : 0.000

Type  : Slow 900mV 85C Model Hold 'DE4_SOPC_inst|the_ddr2|ddr2_controller_phy_inst|ddr2_phy_inst|ddr2_phy_alt_mem_phy_inst|dpio|ddr_clkdiv_gen.grp_gen[2].slaves_gen[0].clk_div_slave|clkout'
Slack : 0.124
TNS   : 0.000

Type  : Slow 900mV 85C Model Hold 'DE4_SOPC_inst|the_ddr2|ddr2_controller_phy_inst|ddr2_phy_inst|ddr2_phy_alt_mem_phy_inst|dpio|ddr_clkdiv_gen.grp_gen[3].slaves_gen[0].clk_div_slave|clkout'
Slack : 0.131
TNS   : 0.000

Type  : Slow 900mV 85C Model Hold 'DE4_SOPC_inst|the_ddr2|ddr2_controller_phy_inst|ddr2_phy_inst|ddr2_phy_alt_mem_phy_inst|dpio|ddr_clkdiv_gen.grp_gen[5].slaves_gen[0].clk_div_slave|clkout'
Slack : 0.135
TNS   : 0.000

Type  : Slow 900mV 85C Model Hold 'DE4_SOPC_inst|the_ddr2|ddr2_controller_phy_inst|ddr2_phy_inst|ddr2_phy_alt_mem_phy_inst|dpio|ddr_clkdiv_gen.grp_gen[6].slaves_gen[0].clk_div_slave|clkout'
Slack : 0.142
TNS   : 0.000

Type  : Slow 900mV 85C Model Hold 'DE4_SOPC_inst|the_ddr2|ddr2_controller_phy_inst|ddr2_phy_inst|ddr2_phy_alt_mem_phy_inst|dpio|ddr_clkdiv_gen.grp_gen[4].slaves_gen[0].clk_div_slave|clkout'
Slack : 0.147
TNS   : 0.000

Type  : Slow 900mV 85C Model Hold 'DE4_SOPC_inst|the_ddr2|ddr2_controller_phy_inst|ddr2_phy_inst|ddr2_phy_alt_mem_phy_inst|clk|half_rate.pll|altpll_component|auto_generated|pll1|clk[0]'
Slack : 0.199
TNS   : 0.000

Type  : Slow 900mV 85C Model Hold 'DE4_SOPC_inst|the_ddr2|ddr2_controller_phy_inst|ddr2_phy_inst|ddr2_phy_alt_mem_phy_inst|clk|half_rate.pll|altpll_component|auto_generated|pll1|clk[5]'
Slack : 0.210
TNS   : 0.000

Type  : Slow 900mV 85C Model Hold 'DE4_SOPC_inst|the_ddr2|ddr2_controller_phy_inst|ddr2_phy_inst|ddr2_phy_alt_mem_phy_inst|clk|half_rate.pll|altpll_component|auto_generated|pll1|clk[6]'
Slack : 0.214
TNS   : 0.000

Type  : Slow 900mV 85C Model Hold 'OSC_50_Bank3'
Slack : 0.216
TNS   : 0.000

Type  : Slow 900mV 85C Model Hold 'DE4_SOPC_inst|the_ddr2|ddr2_controller_phy_inst|ddr2_phy_inst|ddr2_phy_alt_mem_phy_inst|clk|scan_clk|q_clock'
Slack : 0.262
TNS   : 0.000

Type  : Slow 900mV 85C Model Hold 'DE4_SOPC_inst|the_ddr2|ddr2_controller_phy_inst|ddr2_phy_inst|ddr2_phy_ck_n_M1_DDR2_clk_n[1]_tDQSS'
Slack : 0.438
TNS   : 0.000

Type  : Slow 900mV 85C Model Hold 'DE4_SOPC_inst|the_ddr2|ddr2_controller_phy_inst|ddr2_phy_inst|ddr2_phy_ck_n_M1_DDR2_clk_n[0]_tDQSS'
Slack : 0.450
TNS   : 0.000

Type  : Slow 900mV 85C Model Hold 'DE4_SOPC_inst|the_ddr2|ddr2_controller_phy_inst|ddr2_phy_inst|ddr2_phy_ck_p_M1_DDR2_clk[1]_tDQSS'
Slack : 0.485
TNS   : 0.000

Type  : Slow 900mV 85C Model Hold 'DE4_SOPC_inst|the_ddr2|ddr2_controller_phy_inst|ddr2_phy_inst|ddr2_phy_ck_p_M1_DDR2_clk[0]_tDQSS'
Slack : 0.497
TNS   : 0.000

Type  : Slow 900mV 85C Model Hold 'DE4_SOPC_inst|the_ddr2|ddr2_controller_phy_inst|ddr2_phy_inst|ddr2_phy_alt_mem_phy_inst|clk|half_rate.pll|altpll_component|auto_generated|pll1|clk[1]'
Slack : 0.527
TNS   : 0.000

Type  : Slow 900mV 85C Model Hold 'DE4_SOPC_inst|the_ddr2|ddr2_controller_phy_inst|ddr2_phy_inst|ddr2_phy_ck_n_M1_DDR2_clk_n[1]_ac_fall'
Slack : 0.554
TNS   : 0.000

Type  : Slow 900mV 85C Model Hold 'DE4_SOPC_inst|the_ddr2|ddr2_controller_phy_inst|ddr2_phy_inst|ddr2_phy_ck_n_M1_DDR2_clk_n[1]_ac_rise'
Slack : 0.555
TNS   : 0.000

Type  : Slow 900mV 85C Model Hold 'DE4_SOPC_inst|the_ddr2|ddr2_controller_phy_inst|ddr2_phy_inst|ddr2_phy_ck_n_M1_DDR2_clk_n[0]_ac_fall'
Slack : 0.566
TNS   : 0.000

Type  : Slow 900mV 85C Model Hold 'DE4_SOPC_inst|the_ddr2|ddr2_controller_phy_inst|ddr2_phy_inst|ddr2_phy_ck_n_M1_DDR2_clk_n[0]_ac_rise'
Slack : 0.567
TNS   : 0.000

Type  : Slow 900mV 85C Model Hold 'DE4_SOPC_inst|the_ddr2|ddr2_controller_phy_inst|ddr2_phy_inst|ddr2_phy_ck_n_M1_DDR2_clk_n[1]_tDSS'
Slack : 0.567
TNS   : 0.000

Type  : Slow 900mV 85C Model Hold 'DE4_SOPC_inst|the_ddr2|ddr2_controller_phy_inst|ddr2_phy_inst|ddr2_phy_ck_n_M1_DDR2_clk_n[0]_tDSS'
Slack : 0.579
TNS   : 0.000

Type  : Slow 900mV 85C Model Hold 'DE4_SOPC_inst|the_ddr2|ddr2_controller_phy_inst|ddr2_phy_inst|ddr2_phy_ck_p_M1_DDR2_clk[1]_ac_fall'
Slack : 0.601
TNS   : 0.000

Type  : Slow 900mV 85C Model Hold 'DE4_SOPC_inst|the_ddr2|ddr2_controller_phy_inst|ddr2_phy_inst|ddr2_phy_ck_p_M1_DDR2_clk[1]_ac_rise'
Slack : 0.602
TNS   : 0.000

Type  : Slow 900mV 85C Model Hold 'DE4_SOPC_inst|the_ddr2|ddr2_controller_phy_inst|ddr2_phy_inst|ddr2_phy_ck_p_M1_DDR2_clk[0]_ac_fall'
Slack : 0.613
TNS   : 0.000

Type  : Slow 900mV 85C Model Hold 'DE4_SOPC_inst|the_ddr2|ddr2_controller_phy_inst|ddr2_phy_inst|ddr2_phy_ck_p_M1_DDR2_clk[0]_ac_rise'
Slack : 0.614
TNS   : 0.000

Type  : Slow 900mV 85C Model Hold 'DE4_SOPC_inst|the_ddr2|ddr2_controller_phy_inst|ddr2_phy_inst|ddr2_phy_ck_p_M1_DDR2_clk[1]_tDSS'
Slack : 0.614
TNS   : 0.000

Type  : Slow 900mV 85C Model Hold 'DE4_SOPC_inst|the_ddr2|ddr2_controller_phy_inst|ddr2_phy_inst|ddr2_phy_ck_p_M1_DDR2_clk[0]_tDSS'
Slack : 0.626
TNS   : 0.000

Type  : Slow 900mV 85C Model Hold 'DE4_SOPC_inst|the_ddr2|ddr2_controller_phy_inst|ddr2_phy_inst|ddr2_phy_alt_mem_phy_inst|dpio|ddr_clkdiv_gen.grp_gen[1].slaves_gen[1].clk_div_slave|clkout'
Slack : 1.061
TNS   : 0.000

Type  : Slow 900mV 85C Model Hold 'DE4_SOPC_inst|the_ddr2|ddr2_controller_phy_inst|ddr2_phy_inst|ddr2_phy_alt_mem_phy_inst|dpio|ddr_clkdiv_gen.grp_gen[3].slaves_gen[1].clk_div_slave|clkout'
Slack : 1.061
TNS   : 0.000

Type  : Slow 900mV 85C Model Hold 'DE4_SOPC_inst|the_ddr2|ddr2_controller_phy_inst|ddr2_phy_inst|ddr2_phy_alt_mem_phy_inst|dpio|ddr_clkdiv_gen.grp_gen[4].slaves_gen[1].clk_div_slave|clkout'
Slack : 1.061
TNS   : 0.000

Type  : Slow 900mV 85C Model Hold 'DE4_SOPC_inst|the_ddr2|ddr2_controller_phy_inst|ddr2_phy_inst|ddr2_phy_alt_mem_phy_inst|dpio|ddr_clkdiv_gen.grp_gen[5].slaves_gen[1].clk_div_slave|clkout'
Slack : 1.061
TNS   : 0.000

Type  : Slow 900mV 85C Model Hold 'DE4_SOPC_inst|the_ddr2|ddr2_controller_phy_inst|ddr2_phy_inst|ddr2_phy_alt_mem_phy_inst|dpio|ddr_clkdiv_gen.grp_gen[6].slaves_gen[1].clk_div_slave|clkout'
Slack : 1.061
TNS   : 0.000

Type  : Slow 900mV 85C Model Hold 'DE4_SOPC_inst|the_ddr2|ddr2_controller_phy_inst|ddr2_phy_inst|ddr2_phy_alt_mem_phy_inst|dpio|ddr_clkdiv_gen.grp_gen[7].slaves_gen[1].clk_div_slave|clkout'
Slack : 1.061
TNS   : 0.000

Type  : Slow 900mV 85C Model Hold 'DE4_SOPC_inst|the_ddr2|ddr2_controller_phy_inst|ddr2_phy_inst|ddr2_phy_alt_mem_phy_inst|dpio|ddr_clkdiv_gen.grp_gen[0].slaves_gen[1].clk_div_slave|clkout'
Slack : 1.062
TNS   : 0.000

Type  : Slow 900mV 85C Model Hold 'DE4_SOPC_inst|the_ddr2|ddr2_controller_phy_inst|ddr2_phy_inst|ddr2_phy_alt_mem_phy_inst|dpio|ddr_clkdiv_gen.grp_gen[2].slaves_gen[1].clk_div_slave|clkout'
Slack : 1.062
TNS   : 0.000

Type  : Slow 900mV 85C Model Hold 'DE4_SOPC_inst|the_ddr2|ddr2_controller_phy_inst|ddr2_phy_inst|ddr2_phy_alt_mem_phy_inst|clk|half_rate.pll|altpll_component|auto_generated|pll1|clk[3]'
Slack : 1.171
TNS   : 0.000

Type  : Slow 900mV 85C Model Hold 'DE4_SOPC_inst|the_ddr2|ddr2_controller_phy_inst|ddr2_phy_inst|ddr2_phy_alt_mem_phy_inst|clk|half_rate.pll|altpll_component|auto_generated|pll1|clk[4]'
Slack : 1.657
TNS   : 0.000

Type  : Slow 900mV 85C Model Recovery 'DE4_SOPC_inst|the_ddr2|ddr2_controller_phy_inst|ddr2_phy_inst|ddr2_phy_alt_mem_phy_inst|clk|half_rate.pll|altpll_component|auto_generated|pll1|clk[0]'
Slack : 1.171
TNS   : 0.000

Type  : Slow 900mV 85C Model Recovery 'DE4_SOPC_inst|the_ddr2|ddr2_controller_phy_inst|ddr2_phy_inst|ddr2_phy_alt_mem_phy_inst|dpio|ddr_clkdiv_gen.grp_gen[7].slaves_gen[0].clk_div_slave|clkout'
Slack : 1.220
TNS   : 0.000

Type  : Slow 900mV 85C Model Recovery 'DE4_SOPC_inst|the_ddr2|ddr2_controller_phy_inst|ddr2_phy_inst|ddr2_phy_alt_mem_phy_inst|dpio|ddr_clkdiv_gen.grp_gen[5].slaves_gen[0].clk_div_slave|clkout'
Slack : 1.330
TNS   : 0.000

Type  : Slow 900mV 85C Model Recovery 'DE4_SOPC_inst|the_ddr2|ddr2_controller_phy_inst|ddr2_phy_inst|ddr2_phy_alt_mem_phy_inst|dpio|ddr_clkdiv_gen.grp_gen[6].slaves_gen[0].clk_div_slave|clkout'
Slack : 1.604
TNS   : 0.000

Type  : Slow 900mV 85C Model Recovery 'DE4_SOPC_inst|the_ddr2|ddr2_controller_phy_inst|ddr2_phy_inst|ddr2_phy_alt_mem_phy_inst|dpio|ddr_clkdiv_gen.grp_gen[4].slaves_gen[0].clk_div_slave|clkout'
Slack : 2.233
TNS   : 0.000

Type  : Slow 900mV 85C Model Recovery 'DE4_SOPC_inst|the_ddr2|ddr2_controller_phy_inst|ddr2_phy_inst|ddr2_phy_alt_mem_phy_inst|clk|half_rate.pll|altpll_component|auto_generated|pll1|clk[6]'
Slack : 2.605
TNS   : 0.000

Type  : Slow 900mV 85C Model Recovery 'DE4_SOPC_inst|the_ddr2|ddr2_controller_phy_inst|ddr2_phy_inst|ddr2_phy_alt_mem_phy_inst|dpio|ddr_clkdiv_gen.grp_gen[3].slaves_gen[0].clk_div_slave|clkout'
Slack : 2.757
TNS   : 0.000

Type  : Slow 900mV 85C Model Recovery 'DE4_SOPC_inst|the_ddr2|ddr2_controller_phy_inst|ddr2_phy_inst|ddr2_phy_alt_mem_phy_inst|dpio|ddr_clkdiv_gen.grp_gen[1].slaves_gen[0].clk_div_slave|clkout'
Slack : 2.839
TNS   : 0.000

Type  : Slow 900mV 85C Model Recovery 'DE4_SOPC_inst|the_ddr2|ddr2_controller_phy_inst|ddr2_phy_inst|ddr2_phy_alt_mem_phy_inst|dpio|ddr_clkdiv_gen.grp_gen[2].slaves_gen[0].clk_div_slave|clkout'
Slack : 2.939
TNS   : 0.000

Type  : Slow 900mV 85C Model Recovery 'DE4_SOPC_inst|the_ddr2|ddr2_controller_phy_inst|ddr2_phy_inst|ddr2_phy_alt_mem_phy_inst|clk|half_rate.pll|altpll_component|auto_generated|pll1|clk[5]'
Slack : 3.500
TNS   : 0.000

Type  : Slow 900mV 85C Model Recovery 'DE4_SOPC_inst|the_ddr2|ddr2_controller_phy_inst|ddr2_phy_inst|ddr2_phy_alt_mem_phy_inst|dpio|ddr_clkdiv_gen.clk_div_master|clkout'
Slack : 4.030
TNS   : 0.000

Type  : Slow 900mV 85C Model Recovery 'OSC_50_Bank3'
Slack : 11.322
TNS   : 0.000

Type  : Slow 900mV 85C Model Recovery 'DE4_SOPC_inst|the_ddr2|ddr2_controller_phy_inst|ddr2_phy_inst|ddr2_phy_alt_mem_phy_inst|clk|scan_clk|q_clock'
Slack : 19.002
TNS   : 0.000

Type  : Slow 900mV 85C Model Removal 'DE4_SOPC_inst|the_ddr2|ddr2_controller_phy_inst|ddr2_phy_inst|ddr2_phy_alt_mem_phy_inst|clk|half_rate.pll|altpll_component|auto_generated|pll1|clk[0]'
Slack : 0.442
TNS   : 0.000

Type  : Slow 900mV 85C Model Removal 'DE4_SOPC_inst|the_ddr2|ddr2_controller_phy_inst|ddr2_phy_inst|ddr2_phy_alt_mem_phy_inst|dpio|ddr_clkdiv_gen.grp_gen[2].slaves_gen[0].clk_div_slave|clkout'
Slack : 0.547
TNS   : 0.000

Type  : Slow 900mV 85C Model Removal 'DE4_SOPC_inst|the_ddr2|ddr2_controller_phy_inst|ddr2_phy_inst|ddr2_phy_alt_mem_phy_inst|dpio|ddr_clkdiv_gen.grp_gen[3].slaves_gen[0].clk_div_slave|clkout'
Slack : 0.552
TNS   : 0.000

Type  : Slow 900mV 85C Model Removal 'DE4_SOPC_inst|the_ddr2|ddr2_controller_phy_inst|ddr2_phy_inst|ddr2_phy_alt_mem_phy_inst|dpio|ddr_clkdiv_gen.clk_div_master|clkout'
Slack : 0.569
TNS   : 0.000

Type  : Slow 900mV 85C Model Removal 'DE4_SOPC_inst|the_ddr2|ddr2_controller_phy_inst|ddr2_phy_inst|ddr2_phy_alt_mem_phy_inst|clk|scan_clk|q_clock'
Slack : 0.614
TNS   : 0.000

Type  : Slow 900mV 85C Model Removal 'DE4_SOPC_inst|the_ddr2|ddr2_controller_phy_inst|ddr2_phy_inst|ddr2_phy_alt_mem_phy_inst|dpio|ddr_clkdiv_gen.grp_gen[6].slaves_gen[0].clk_div_slave|clkout'
Slack : 0.651
TNS   : 0.000

Type  : Slow 900mV 85C Model Removal 'DE4_SOPC_inst|the_ddr2|ddr2_controller_phy_inst|ddr2_phy_inst|ddr2_phy_alt_mem_phy_inst|dpio|ddr_clkdiv_gen.grp_gen[5].slaves_gen[0].clk_div_slave|clkout'
Slack : 0.653
TNS   : 0.000

Type  : Slow 900mV 85C Model Removal 'DE4_SOPC_inst|the_ddr2|ddr2_controller_phy_inst|ddr2_phy_inst|ddr2_phy_alt_mem_phy_inst|dpio|ddr_clkdiv_gen.grp_gen[7].slaves_gen[0].clk_div_slave|clkout'
Slack : 0.668
TNS   : 0.000

Type  : Slow 900mV 85C Model Removal 'DE4_SOPC_inst|the_ddr2|ddr2_controller_phy_inst|ddr2_phy_inst|ddr2_phy_alt_mem_phy_inst|dpio|ddr_clkdiv_gen.grp_gen[1].slaves_gen[0].clk_div_slave|clkout'
Slack : 0.807
TNS   : 0.000

Type  : Slow 900mV 85C Model Removal 'DE4_SOPC_inst|the_ddr2|ddr2_controller_phy_inst|ddr2_phy_inst|ddr2_phy_alt_mem_phy_inst|clk|half_rate.pll|altpll_component|auto_generated|pll1|clk[6]'
Slack : 0.922
TNS   : 0.000

Type  : Slow 900mV 85C Model Removal 'DE4_SOPC_inst|the_ddr2|ddr2_controller_phy_inst|ddr2_phy_inst|ddr2_phy_alt_mem_phy_inst|clk|half_rate.pll|altpll_component|auto_generated|pll1|clk[5]'
Slack : 0.984
TNS   : 0.000

Type  : Slow 900mV 85C Model Removal 'DE4_SOPC_inst|the_ddr2|ddr2_controller_phy_inst|ddr2_phy_inst|ddr2_phy_alt_mem_phy_inst|dpio|ddr_clkdiv_gen.grp_gen[4].slaves_gen[0].clk_div_slave|clkout'
Slack : 1.325
TNS   : 0.000

Type  : Slow 900mV 85C Model Removal 'OSC_50_Bank3'
Slack : 7.289
TNS   : 0.000

Type  : Slow 900mV 85C Model Minimum Pulse Width 'DE4_SOPC_inst|the_ddr2|ddr2_controller_phy_inst|ddr2_phy_inst|ddr2_phy_alt_mem_phy_inst|clk|half_rate.pll|altpll_component|auto_generated|pll1|clk[1]'
Slack : 0.500
TNS   : 0.000

Type  : Slow 900mV 85C Model Minimum Pulse Width 'DE4_SOPC_inst|the_ddr2|ddr2_controller_phy_inst|ddr2_phy_inst|ddr2_phy_alt_mem_phy_inst|clk|half_rate.pll|altpll_component|auto_generated|pll1|clk[3]'
Slack : 0.511
TNS   : 0.000

Type  : Slow 900mV 85C Model Minimum Pulse Width 'DE4_SOPC_inst|the_ddr2|ddr2_controller_phy_inst|ddr2_phy_inst|ddr2_phy_alt_mem_phy_inst|clk|half_rate.pll|altpll_component|auto_generated|pll1|clk[4]'
Slack : 0.708
TNS   : 0.000

Type  : Slow 900mV 85C Model Minimum Pulse Width 'DE4_SOPC_inst|the_ddr2|ddr2_controller_phy_inst|ddr2_phy_inst|ddr2_phy_alt_mem_phy_inst|dpio|ddr_clkdiv_gen.grp_gen[1].slaves_gen[0].clk_div_slave|clkout'
Slack : 1.692
TNS   : 0.000

Type  : Slow 900mV 85C Model Minimum Pulse Width 'DE4_SOPC_inst|the_ddr2|ddr2_controller_phy_inst|ddr2_phy_inst|ddr2_phy_alt_mem_phy_inst|dpio|ddr_clkdiv_gen.grp_gen[3].slaves_gen[0].clk_div_slave|clkout'
Slack : 1.692
TNS   : 0.000

Type  : Slow 900mV 85C Model Minimum Pulse Width 'DE4_SOPC_inst|the_ddr2|ddr2_controller_phy_inst|ddr2_phy_inst|ddr2_phy_alt_mem_phy_inst|dpio|ddr_clkdiv_gen.clk_div_master|clkout'
Slack : 1.693
TNS   : 0.000

Type  : Slow 900mV 85C Model Minimum Pulse Width 'DE4_SOPC_inst|the_ddr2|ddr2_controller_phy_inst|ddr2_phy_inst|ddr2_phy_alt_mem_phy_inst|dpio|ddr_clkdiv_gen.grp_gen[2].slaves_gen[0].clk_div_slave|clkout'
Slack : 1.693
TNS   : 0.000

Type  : Slow 900mV 85C Model Minimum Pulse Width 'DE4_SOPC_inst|the_ddr2|ddr2_controller_phy_inst|ddr2_phy_inst|ddr2_phy_alt_mem_phy_inst|dpio|ddr_clkdiv_gen.grp_gen[4].slaves_gen[0].clk_div_slave|clkout'
Slack : 1.693
TNS   : 0.000

Type  : Slow 900mV 85C Model Minimum Pulse Width 'DE4_SOPC_inst|the_ddr2|ddr2_controller_phy_inst|ddr2_phy_inst|ddr2_phy_alt_mem_phy_inst|dpio|ddr_clkdiv_gen.grp_gen[5].slaves_gen[0].clk_div_slave|clkout'
Slack : 1.693
TNS   : 0.000

Type  : Slow 900mV 85C Model Minimum Pulse Width 'DE4_SOPC_inst|the_ddr2|ddr2_controller_phy_inst|ddr2_phy_inst|ddr2_phy_alt_mem_phy_inst|dpio|ddr_clkdiv_gen.grp_gen[6].slaves_gen[0].clk_div_slave|clkout'
Slack : 1.693
TNS   : 0.000

Type  : Slow 900mV 85C Model Minimum Pulse Width 'DE4_SOPC_inst|the_ddr2|ddr2_controller_phy_inst|ddr2_phy_inst|ddr2_phy_alt_mem_phy_inst|dpio|ddr_clkdiv_gen.grp_gen[7].slaves_gen[0].clk_div_slave|clkout'
Slack : 1.693
TNS   : 0.000

Type  : Slow 900mV 85C Model Minimum Pulse Width 'DE4_SOPC_inst|the_ddr2|ddr2_controller_phy_inst|ddr2_phy_inst|ddr2_phy_alt_mem_phy_inst|clk|half_rate.pll|altpll_component|auto_generated|pll1|clk[0]'
Slack : 1.712
TNS   : 0.000

Type  : Slow 900mV 85C Model Minimum Pulse Width 'DE4_SOPC_inst|the_ddr2|ddr2_controller_phy_inst|ddr2_phy_inst|ddr2_phy_alt_mem_phy_inst|clk|half_rate.pll|altpll_component|auto_generated|pll1|clk[6]'
Slack : 1.764
TNS   : 0.000

Type  : Slow 900mV 85C Model Minimum Pulse Width 'DE4_SOPC_inst|the_ddr2|ddr2_controller_phy_inst|ddr2_phy_inst|ddr2_phy_alt_mem_phy_inst|clk|half_rate.pll|altpll_component|auto_generated|pll1|clk[5]'
Slack : 1.863
TNS   : 0.000

Type  : Slow 900mV 85C Model Minimum Pulse Width 'DE4_SOPC_inst|the_ddr2|ddr2_controller_phy_inst|ddr2_phy_inst|ddr2_phy_alt_mem_phy_inst|dpio|ddr_clkdiv_gen.grp_gen[1].slaves_gen[1].clk_div_slave|clkout'
Slack : 2.348
TNS   : 0.000

Type  : Slow 900mV 85C Model Minimum Pulse Width 'DE4_SOPC_inst|the_ddr2|ddr2_controller_phy_inst|ddr2_phy_inst|ddr2_phy_alt_mem_phy_inst|dpio|ddr_clkdiv_gen.grp_gen[3].slaves_gen[1].clk_div_slave|clkout'
Slack : 2.348
TNS   : 0.000

Type  : Slow 900mV 85C Model Minimum Pulse Width 'DE4_SOPC_inst|the_ddr2|ddr2_controller_phy_inst|ddr2_phy_inst|ddr2_phy_alt_mem_phy_inst|dpio|ddr_clkdiv_gen.grp_gen[0].slaves_gen[1].clk_div_slave|clkout'
Slack : 2.349
TNS   : 0.000

Type  : Slow 900mV 85C Model Minimum Pulse Width 'DE4_SOPC_inst|the_ddr2|ddr2_controller_phy_inst|ddr2_phy_inst|ddr2_phy_alt_mem_phy_inst|dpio|ddr_clkdiv_gen.grp_gen[2].slaves_gen[1].clk_div_slave|clkout'
Slack : 2.349
TNS   : 0.000

Type  : Slow 900mV 85C Model Minimum Pulse Width 'DE4_SOPC_inst|the_ddr2|ddr2_controller_phy_inst|ddr2_phy_inst|ddr2_phy_alt_mem_phy_inst|dpio|ddr_clkdiv_gen.grp_gen[4].slaves_gen[1].clk_div_slave|clkout'
Slack : 2.349
TNS   : 0.000

Type  : Slow 900mV 85C Model Minimum Pulse Width 'DE4_SOPC_inst|the_ddr2|ddr2_controller_phy_inst|ddr2_phy_inst|ddr2_phy_alt_mem_phy_inst|dpio|ddr_clkdiv_gen.grp_gen[5].slaves_gen[1].clk_div_slave|clkout'
Slack : 2.349
TNS   : 0.000

Type  : Slow 900mV 85C Model Minimum Pulse Width 'DE4_SOPC_inst|the_ddr2|ddr2_controller_phy_inst|ddr2_phy_inst|ddr2_phy_alt_mem_phy_inst|dpio|ddr_clkdiv_gen.grp_gen[6].slaves_gen[1].clk_div_slave|clkout'
Slack : 2.349
TNS   : 0.000

Type  : Slow 900mV 85C Model Minimum Pulse Width 'DE4_SOPC_inst|the_ddr2|ddr2_controller_phy_inst|ddr2_phy_inst|ddr2_phy_alt_mem_phy_inst|dpio|ddr_clkdiv_gen.grp_gen[7].slaves_gen[1].clk_div_slave|clkout'
Slack : 2.349
TNS   : 0.000

Type  : Slow 900mV 85C Model Minimum Pulse Width 'OSC_50_Bank3'
Slack : 8.964
TNS   : 0.000

Type  : Slow 900mV 85C Model Minimum Pulse Width 'DE4_SOPC_inst|the_ddr2|ddr2_controller_phy_inst|ddr2_phy_inst|ddr2_phy_alt_mem_phy_inst|clk|scan_clk|q_clock'
Slack : 8.997
TNS   : 0.000

Type  : Slow 900mV 0C Model Setup 'DE4_SOPC_inst|the_ddr2|ddr2_controller_phy_inst|ddr2_phy_inst|ddr2_phy_ck_p_M1_DDR2_clk[0]_tDQSS'
Slack : 0.277
TNS   : 0.000

Type  : Slow 900mV 0C Model Setup 'DE4_SOPC_inst|the_ddr2|ddr2_controller_phy_inst|ddr2_phy_inst|ddr2_phy_ck_p_M1_DDR2_clk[1]_tDQSS'
Slack : 0.287
TNS   : 0.000

Type  : Slow 900mV 0C Model Setup 'DE4_SOPC_inst|the_ddr2|ddr2_controller_phy_inst|ddr2_phy_inst|ddr2_phy_ck_n_M1_DDR2_clk_n[0]_tDQSS'
Slack : 0.290
TNS   : 0.000

Type  : Slow 900mV 0C Model Setup 'DE4_SOPC_inst|the_ddr2|ddr2_controller_phy_inst|ddr2_phy_inst|ddr2_phy_ck_n_M1_DDR2_clk_n[1]_tDQSS'
Slack : 0.301
TNS   : 0.000

Type  : Slow 900mV 0C Model Setup 'DE4_SOPC_inst|the_ddr2|ddr2_controller_phy_inst|ddr2_phy_inst|ddr2_phy_ck_p_M1_DDR2_clk[0]_tDSS'
Slack : 0.389
TNS   : 0.000

Type  : Slow 900mV 0C Model Setup 'DE4_SOPC_inst|the_ddr2|ddr2_controller_phy_inst|ddr2_phy_inst|ddr2_phy_ck_p_M1_DDR2_clk[1]_tDSS'
Slack : 0.399
TNS   : 0.000

Type  : Slow 900mV 0C Model Setup 'DE4_SOPC_inst|the_ddr2|ddr2_controller_phy_inst|ddr2_phy_inst|ddr2_phy_ck_n_M1_DDR2_clk_n[0]_tDSS'
Slack : 0.402
TNS   : 0.000

Type  : Slow 900mV 0C Model Setup 'DE4_SOPC_inst|the_ddr2|ddr2_controller_phy_inst|ddr2_phy_inst|ddr2_phy_ck_n_M1_DDR2_clk_n[1]_tDSS'
Slack : 0.413
TNS   : 0.000

Type  : Slow 900mV 0C Model Setup 'DE4_SOPC_inst|the_ddr2|ddr2_controller_phy_inst|ddr2_phy_inst|ddr2_phy_alt_mem_phy_inst|clk|half_rate.pll|altpll_component|auto_generated|pll1|clk[4]'
Slack : 0.543
TNS   : 0.000

Type  : Slow 900mV 0C Model Setup 'DE4_SOPC_inst|the_ddr2|ddr2_controller_phy_inst|ddr2_phy_inst|ddr2_phy_alt_mem_phy_inst|clk|half_rate.pll|altpll_component|auto_generated|pll1|clk[0]'
Slack : 0.549
TNS   : 0.000

Type  : Slow 900mV 0C Model Setup 'DE4_SOPC_inst|the_ddr2|ddr2_controller_phy_inst|ddr2_phy_inst|ddr2_phy_ck_p_M1_DDR2_clk[0]_ac_fall'
Slack : 0.625
TNS   : 0.000

Type  : Slow 900mV 0C Model Setup 'DE4_SOPC_inst|the_ddr2|ddr2_controller_phy_inst|ddr2_phy_inst|ddr2_phy_ck_p_M1_DDR2_clk[1]_ac_fall'
Slack : 0.635
TNS   : 0.000

Type  : Slow 900mV 0C Model Setup 'DE4_SOPC_inst|the_ddr2|ddr2_controller_phy_inst|ddr2_phy_inst|ddr2_phy_ck_n_M1_DDR2_clk_n[0]_ac_fall'
Slack : 0.638
TNS   : 0.000

Type  : Slow 900mV 0C Model Setup 'DE4_SOPC_inst|the_ddr2|ddr2_controller_phy_inst|ddr2_phy_inst|ddr2_phy_ck_p_M1_DDR2_clk[0]_ac_rise'
Slack : 0.645
TNS   : 0.000

Type  : Slow 900mV 0C Model Setup 'DE4_SOPC_inst|the_ddr2|ddr2_controller_phy_inst|ddr2_phy_inst|ddr2_phy_ck_n_M1_DDR2_clk_n[1]_ac_fall'
Slack : 0.649
TNS   : 0.000

Type  : Slow 900mV 0C Model Setup 'DE4_SOPC_inst|the_ddr2|ddr2_controller_phy_inst|ddr2_phy_inst|ddr2_phy_ck_p_M1_DDR2_clk[1]_ac_rise'
Slack : 0.655
TNS   : 0.000

Type  : Slow 900mV 0C Model Setup 'DE4_SOPC_inst|the_ddr2|ddr2_controller_phy_inst|ddr2_phy_inst|ddr2_phy_ck_n_M1_DDR2_clk_n[0]_ac_rise'
Slack : 0.658
TNS   : 0.000

Type  : Slow 900mV 0C Model Setup 'DE4_SOPC_inst|the_ddr2|ddr2_controller_phy_inst|ddr2_phy_inst|ddr2_phy_ck_n_M1_DDR2_clk_n[1]_ac_rise'
Slack : 0.669
TNS   : 0.000

Type  : Slow 900mV 0C Model Setup 'DE4_SOPC_inst|the_ddr2|ddr2_controller_phy_inst|ddr2_phy_inst|ddr2_phy_alt_mem_phy_inst|clk|half_rate.pll|altpll_component|auto_generated|pll1|clk[6]'
Slack : 0.724
TNS   : 0.000

Type  : Slow 900mV 0C Model Setup 'DE4_SOPC_inst|the_ddr2|ddr2_controller_phy_inst|ddr2_phy_inst|ddr2_phy_alt_mem_phy_inst|clk|half_rate.pll|altpll_component|auto_generated|pll1|clk[3]'
Slack : 0.929
TNS   : 0.000

Type  : Slow 900mV 0C Model Setup 'DE4_SOPC_inst|the_ddr2|ddr2_controller_phy_inst|ddr2_phy_inst|ddr2_phy_alt_mem_phy_inst|dpio|ddr_clkdiv_gen.grp_gen[1].slaves_gen[0].clk_div_slave|clkout'
Slack : 1.061
TNS   : 0.000

Type  : Slow 900mV 0C Model Setup 'DE4_SOPC_inst|the_ddr2|ddr2_controller_phy_inst|ddr2_phy_inst|ddr2_phy_alt_mem_phy_inst|dpio|ddr_clkdiv_gen.grp_gen[1].slaves_gen[1].clk_div_slave|clkout'
Slack : 1.061
TNS   : 0.000

Type  : Slow 900mV 0C Model Setup 'DE4_SOPC_inst|the_ddr2|ddr2_controller_phy_inst|ddr2_phy_inst|ddr2_phy_alt_mem_phy_inst|dpio|ddr_clkdiv_gen.grp_gen[2].slaves_gen[0].clk_div_slave|clkout'
Slack : 1.061
TNS   : 0.000

Type  : Slow 900mV 0C Model Setup 'DE4_SOPC_inst|the_ddr2|ddr2_controller_phy_inst|ddr2_phy_inst|ddr2_phy_alt_mem_phy_inst|dpio|ddr_clkdiv_gen.grp_gen[2].slaves_gen[1].clk_div_slave|clkout'
Slack : 1.061
TNS   : 0.000

Type  : Slow 900mV 0C Model Setup 'DE4_SOPC_inst|the_ddr2|ddr2_controller_phy_inst|ddr2_phy_inst|ddr2_phy_alt_mem_phy_inst|dpio|ddr_clkdiv_gen.grp_gen[3].slaves_gen[0].clk_div_slave|clkout'
Slack : 1.061
TNS   : 0.000

Type  : Slow 900mV 0C Model Setup 'DE4_SOPC_inst|the_ddr2|ddr2_controller_phy_inst|ddr2_phy_inst|ddr2_phy_alt_mem_phy_inst|dpio|ddr_clkdiv_gen.grp_gen[3].slaves_gen[1].clk_div_slave|clkout'
Slack : 1.061
TNS   : 0.000

Type  : Slow 900mV 0C Model Setup 'DE4_SOPC_inst|the_ddr2|ddr2_controller_phy_inst|ddr2_phy_inst|ddr2_phy_alt_mem_phy_inst|dpio|ddr_clkdiv_gen.grp_gen[4].slaves_gen[0].clk_div_slave|clkout'
Slack : 1.061
TNS   : 0.000

Type  : Slow 900mV 0C Model Setup 'DE4_SOPC_inst|the_ddr2|ddr2_controller_phy_inst|ddr2_phy_inst|ddr2_phy_alt_mem_phy_inst|dpio|ddr_clkdiv_gen.grp_gen[4].slaves_gen[1].clk_div_slave|clkout'
Slack : 1.061
TNS   : 0.000

Type  : Slow 900mV 0C Model Setup 'DE4_SOPC_inst|the_ddr2|ddr2_controller_phy_inst|ddr2_phy_inst|ddr2_phy_alt_mem_phy_inst|dpio|ddr_clkdiv_gen.grp_gen[5].slaves_gen[0].clk_div_slave|clkout'
Slack : 1.061
TNS   : 0.000

Type  : Slow 900mV 0C Model Setup 'DE4_SOPC_inst|the_ddr2|ddr2_controller_phy_inst|ddr2_phy_inst|ddr2_phy_alt_mem_phy_inst|dpio|ddr_clkdiv_gen.grp_gen[5].slaves_gen[1].clk_div_slave|clkout'
Slack : 1.061
TNS   : 0.000

Type  : Slow 900mV 0C Model Setup 'DE4_SOPC_inst|the_ddr2|ddr2_controller_phy_inst|ddr2_phy_inst|ddr2_phy_alt_mem_phy_inst|dpio|ddr_clkdiv_gen.grp_gen[6].slaves_gen[0].clk_div_slave|clkout'
Slack : 1.062
TNS   : 0.000

Type  : Slow 900mV 0C Model Setup 'DE4_SOPC_inst|the_ddr2|ddr2_controller_phy_inst|ddr2_phy_inst|ddr2_phy_alt_mem_phy_inst|dpio|ddr_clkdiv_gen.grp_gen[6].slaves_gen[1].clk_div_slave|clkout'
Slack : 1.062
TNS   : 0.000

Type  : Slow 900mV 0C Model Setup 'DE4_SOPC_inst|the_ddr2|ddr2_controller_phy_inst|ddr2_phy_inst|ddr2_phy_alt_mem_phy_inst|dpio|ddr_clkdiv_gen.grp_gen[7].slaves_gen[0].clk_div_slave|clkout'
Slack : 1.062
TNS   : 0.000

Type  : Slow 900mV 0C Model Setup 'DE4_SOPC_inst|the_ddr2|ddr2_controller_phy_inst|ddr2_phy_inst|ddr2_phy_alt_mem_phy_inst|dpio|ddr_clkdiv_gen.grp_gen[7].slaves_gen[1].clk_div_slave|clkout'
Slack : 1.062
TNS   : 0.000

Type  : Slow 900mV 0C Model Setup 'DE4_SOPC_inst|the_ddr2|ddr2_controller_phy_inst|ddr2_phy_inst|ddr2_phy_alt_mem_phy_inst|dpio|ddr_clkdiv_gen.clk_div_master|clkout'
Slack : 1.063
TNS   : 0.000

Type  : Slow 900mV 0C Model Setup 'DE4_SOPC_inst|the_ddr2|ddr2_controller_phy_inst|ddr2_phy_inst|ddr2_phy_alt_mem_phy_inst|dpio|ddr_clkdiv_gen.grp_gen[0].slaves_gen[1].clk_div_slave|clkout'
Slack : 1.063
TNS   : 0.000

Type  : Slow 900mV 0C Model Setup 'DE4_SOPC_inst|the_ddr2|ddr2_controller_phy_inst|ddr2_phy_inst|ddr2_phy_alt_mem_phy_inst|clk|half_rate.pll|altpll_component|auto_generated|pll1|clk[1]'
Slack : 1.528
TNS   : 0.000

Type  : Slow 900mV 0C Model Setup 'DE4_SOPC_inst|the_ddr2|ddr2_controller_phy_inst|ddr2_phy_inst|ddr2_phy_alt_mem_phy_inst|clk|half_rate.pll|altpll_component|auto_generated|pll1|clk[5]'
Slack : 3.403
TNS   : 0.000

Type  : Slow 900mV 0C Model Setup 'DE4_SOPC_inst|the_ddr2|ddr2_controller_phy_inst|ddr2_phy_inst|ddr2_phy_alt_mem_phy_inst|clk|scan_clk|q_clock'
Slack : 8.443
TNS   : 0.000

Type  : Slow 900mV 0C Model Setup 'OSC_50_Bank3'
Slack : 15.062
TNS   : 0.000

Type  : Slow 900mV 0C Model Hold 'DE4_SOPC_inst|the_ddr2|ddr2_controller_phy_inst|ddr2_phy_inst|ddr2_phy_alt_mem_phy_inst|dpio|ddr_clkdiv_gen.grp_gen[7].slaves_gen[0].clk_div_slave|clkout'
Slack : 0.032
TNS   : 0.000

Type  : Slow 900mV 0C Model Hold 'DE4_SOPC_inst|the_ddr2|ddr2_controller_phy_inst|ddr2_phy_inst|ddr2_phy_alt_mem_phy_inst|dpio|ddr_clkdiv_gen.grp_gen[1].slaves_gen[0].clk_div_slave|clkout'
Slack : 0.073
TNS   : 0.000

Type  : Slow 900mV 0C Model Hold 'DE4_SOPC_inst|the_ddr2|ddr2_controller_phy_inst|ddr2_phy_inst|ddr2_phy_alt_mem_phy_inst|dpio|ddr_clkdiv_gen.clk_div_master|clkout'
Slack : 0.083
TNS   : 0.000

Type  : Slow 900mV 0C Model Hold 'DE4_SOPC_inst|the_ddr2|ddr2_controller_phy_inst|ddr2_phy_inst|ddr2_phy_alt_mem_phy_inst|dpio|ddr_clkdiv_gen.grp_gen[2].slaves_gen[0].clk_div_slave|clkout'
Slack : 0.104
TNS   : 0.000

Type  : Slow 900mV 0C Model Hold 'DE4_SOPC_inst|the_ddr2|ddr2_controller_phy_inst|ddr2_phy_inst|ddr2_phy_alt_mem_phy_inst|dpio|ddr_clkdiv_gen.grp_gen[3].slaves_gen[0].clk_div_slave|clkout'
Slack : 0.106
TNS   : 0.000

Type  : Slow 900mV 0C Model Hold 'DE4_SOPC_inst|the_ddr2|ddr2_controller_phy_inst|ddr2_phy_inst|ddr2_phy_alt_mem_phy_inst|dpio|ddr_clkdiv_gen.grp_gen[5].slaves_gen[0].clk_div_slave|clkout'
Slack : 0.110
TNS   : 0.000

Type  : Slow 900mV 0C Model Hold 'DE4_SOPC_inst|the_ddr2|ddr2_controller_phy_inst|ddr2_phy_inst|ddr2_phy_alt_mem_phy_inst|dpio|ddr_clkdiv_gen.grp_gen[4].slaves_gen[0].clk_div_slave|clkout'
Slack : 0.117
TNS   : 0.000

Type  : Slow 900mV 0C Model Hold 'DE4_SOPC_inst|the_ddr2|ddr2_controller_phy_inst|ddr2_phy_inst|ddr2_phy_alt_mem_phy_inst|dpio|ddr_clkdiv_gen.grp_gen[6].slaves_gen[0].clk_div_slave|clkout'
Slack : 0.133
TNS   : 0.000

Type  : Slow 900mV 0C Model Hold 'DE4_SOPC_inst|the_ddr2|ddr2_controller_phy_inst|ddr2_phy_inst|ddr2_phy_alt_mem_phy_inst|clk|half_rate.pll|altpll_component|auto_generated|pll1|clk[0]'
Slack : 0.192
TNS   : 0.000

Type  : Slow 900mV 0C Model Hold 'DE4_SOPC_inst|the_ddr2|ddr2_controller_phy_inst|ddr2_phy_inst|ddr2_phy_alt_mem_phy_inst|clk|half_rate.pll|altpll_component|auto_generated|pll1|clk[5]'
Slack : 0.205
TNS   : 0.000

Type  : Slow 900mV 0C Model Hold 'DE4_SOPC_inst|the_ddr2|ddr2_controller_phy_inst|ddr2_phy_inst|ddr2_phy_alt_mem_phy_inst|clk|half_rate.pll|altpll_component|auto_generated|pll1|clk[6]'
Slack : 0.208
TNS   : 0.000

Type  : Slow 900mV 0C Model Hold 'OSC_50_Bank3'
Slack : 0.209
TNS   : 0.000

Type  : Slow 900mV 0C Model Hold 'DE4_SOPC_inst|the_ddr2|ddr2_controller_phy_inst|ddr2_phy_inst|ddr2_phy_alt_mem_phy_inst|clk|scan_clk|q_clock'
Slack : 0.258
TNS   : 0.000

Type  : Slow 900mV 0C Model Hold 'DE4_SOPC_inst|the_ddr2|ddr2_controller_phy_inst|ddr2_phy_inst|ddr2_phy_ck_n_M1_DDR2_clk_n[1]_tDQSS'
Slack : 0.460
TNS   : 0.000

Type  : Slow 900mV 0C Model Hold 'DE4_SOPC_inst|the_ddr2|ddr2_controller_phy_inst|ddr2_phy_inst|ddr2_phy_ck_n_M1_DDR2_clk_n[0]_tDQSS'
Slack : 0.471
TNS   : 0.000

Type  : Slow 900mV 0C Model Hold 'DE4_SOPC_inst|the_ddr2|ddr2_controller_phy_inst|ddr2_phy_inst|ddr2_phy_ck_p_M1_DDR2_clk[1]_tDQSS'
Slack : 0.504
TNS   : 0.000

Type  : Slow 900mV 0C Model Hold 'DE4_SOPC_inst|the_ddr2|ddr2_controller_phy_inst|ddr2_phy_inst|ddr2_phy_ck_p_M1_DDR2_clk[0]_tDQSS'
Slack : 0.515
TNS   : 0.000

Type  : Slow 900mV 0C Model Hold 'DE4_SOPC_inst|the_ddr2|ddr2_controller_phy_inst|ddr2_phy_inst|ddr2_phy_alt_mem_phy_inst|clk|half_rate.pll|altpll_component|auto_generated|pll1|clk[1]'
Slack : 0.523
TNS   : 0.000

Type  : Slow 900mV 0C Model Hold 'DE4_SOPC_inst|the_ddr2|ddr2_controller_phy_inst|ddr2_phy_inst|ddr2_phy_ck_n_M1_DDR2_clk_n[1]_ac_rise'
Slack : 0.551
TNS   : 0.000

Type  : Slow 900mV 0C Model Hold 'DE4_SOPC_inst|the_ddr2|ddr2_controller_phy_inst|ddr2_phy_inst|ddr2_phy_ck_n_M1_DDR2_clk_n[0]_ac_rise'
Slack : 0.562
TNS   : 0.000

Type  : Slow 900mV 0C Model Hold 'DE4_SOPC_inst|the_ddr2|ddr2_controller_phy_inst|ddr2_phy_inst|ddr2_phy_ck_n_M1_DDR2_clk_n[1]_ac_fall'
Slack : 0.563
TNS   : 0.000

Type  : Slow 900mV 0C Model Hold 'DE4_SOPC_inst|the_ddr2|ddr2_controller_phy_inst|ddr2_phy_inst|ddr2_phy_ck_n_M1_DDR2_clk_n[0]_ac_fall'
Slack : 0.574
TNS   : 0.000

Type  : Slow 900mV 0C Model Hold 'DE4_SOPC_inst|the_ddr2|ddr2_controller_phy_inst|ddr2_phy_inst|ddr2_phy_ck_n_M1_DDR2_clk_n[1]_tDSS'
Slack : 0.593
TNS   : 0.000

Type  : Slow 900mV 0C Model Hold 'DE4_SOPC_inst|the_ddr2|ddr2_controller_phy_inst|ddr2_phy_inst|ddr2_phy_ck_p_M1_DDR2_clk[1]_ac_rise'
Slack : 0.595
TNS   : 0.000

Type  : Slow 900mV 0C Model Hold 'DE4_SOPC_inst|the_ddr2|ddr2_controller_phy_inst|ddr2_phy_inst|ddr2_phy_ck_n_M1_DDR2_clk_n[0]_tDSS'
Slack : 0.604
TNS   : 0.000

Type  : Slow 900mV 0C Model Hold 'DE4_SOPC_inst|the_ddr2|ddr2_controller_phy_inst|ddr2_phy_inst|ddr2_phy_ck_p_M1_DDR2_clk[0]_ac_rise'
Slack : 0.606
TNS   : 0.000

Type  : Slow 900mV 0C Model Hold 'DE4_SOPC_inst|the_ddr2|ddr2_controller_phy_inst|ddr2_phy_inst|ddr2_phy_ck_p_M1_DDR2_clk[1]_ac_fall'
Slack : 0.607
TNS   : 0.000

Type  : Slow 900mV 0C Model Hold 'DE4_SOPC_inst|the_ddr2|ddr2_controller_phy_inst|ddr2_phy_inst|ddr2_phy_ck_p_M1_DDR2_clk[0]_ac_fall'
Slack : 0.618
TNS   : 0.000

Type  : Slow 900mV 0C Model Hold 'DE4_SOPC_inst|the_ddr2|ddr2_controller_phy_inst|ddr2_phy_inst|ddr2_phy_ck_p_M1_DDR2_clk[1]_tDSS'
Slack : 0.637
TNS   : 0.000

Type  : Slow 900mV 0C Model Hold 'DE4_SOPC_inst|the_ddr2|ddr2_controller_phy_inst|ddr2_phy_inst|ddr2_phy_ck_p_M1_DDR2_clk[0]_tDSS'
Slack : 0.648
TNS   : 0.000

Type  : Slow 900mV 0C Model Hold 'DE4_SOPC_inst|the_ddr2|ddr2_controller_phy_inst|ddr2_phy_inst|ddr2_phy_alt_mem_phy_inst|dpio|ddr_clkdiv_gen.grp_gen[0].slaves_gen[1].clk_div_slave|clkout'
Slack : 1.075
TNS   : 0.000

Type  : Slow 900mV 0C Model Hold 'DE4_SOPC_inst|the_ddr2|ddr2_controller_phy_inst|ddr2_phy_inst|ddr2_phy_alt_mem_phy_inst|dpio|ddr_clkdiv_gen.grp_gen[1].slaves_gen[1].clk_div_slave|clkout'
Slack : 1.075
TNS   : 0.000

Type  : Slow 900mV 0C Model Hold 'DE4_SOPC_inst|the_ddr2|ddr2_controller_phy_inst|ddr2_phy_inst|ddr2_phy_alt_mem_phy_inst|dpio|ddr_clkdiv_gen.grp_gen[2].slaves_gen[1].clk_div_slave|clkout'
Slack : 1.075
TNS   : 0.000

Type  : Slow 900mV 0C Model Hold 'DE4_SOPC_inst|the_ddr2|ddr2_controller_phy_inst|ddr2_phy_inst|ddr2_phy_alt_mem_phy_inst|dpio|ddr_clkdiv_gen.grp_gen[3].slaves_gen[1].clk_div_slave|clkout'
Slack : 1.075
TNS   : 0.000

Type  : Slow 900mV 0C Model Hold 'DE4_SOPC_inst|the_ddr2|ddr2_controller_phy_inst|ddr2_phy_inst|ddr2_phy_alt_mem_phy_inst|dpio|ddr_clkdiv_gen.grp_gen[4].slaves_gen[1].clk_div_slave|clkout'
Slack : 1.076
TNS   : 0.000

Type  : Slow 900mV 0C Model Hold 'DE4_SOPC_inst|the_ddr2|ddr2_controller_phy_inst|ddr2_phy_inst|ddr2_phy_alt_mem_phy_inst|dpio|ddr_clkdiv_gen.grp_gen[5].slaves_gen[1].clk_div_slave|clkout'
Slack : 1.076
TNS   : 0.000

Type  : Slow 900mV 0C Model Hold 'DE4_SOPC_inst|the_ddr2|ddr2_controller_phy_inst|ddr2_phy_inst|ddr2_phy_alt_mem_phy_inst|dpio|ddr_clkdiv_gen.grp_gen[6].slaves_gen[1].clk_div_slave|clkout'
Slack : 1.077
TNS   : 0.000

Type  : Slow 900mV 0C Model Hold 'DE4_SOPC_inst|the_ddr2|ddr2_controller_phy_inst|ddr2_phy_inst|ddr2_phy_alt_mem_phy_inst|dpio|ddr_clkdiv_gen.grp_gen[7].slaves_gen[1].clk_div_slave|clkout'
Slack : 1.077
TNS   : 0.000

Type  : Slow 900mV 0C Model Hold 'DE4_SOPC_inst|the_ddr2|ddr2_controller_phy_inst|ddr2_phy_inst|ddr2_phy_alt_mem_phy_inst|clk|half_rate.pll|altpll_component|auto_generated|pll1|clk[3]'
Slack : 1.165
TNS   : 0.000

Type  : Slow 900mV 0C Model Hold 'DE4_SOPC_inst|the_ddr2|ddr2_controller_phy_inst|ddr2_phy_inst|ddr2_phy_alt_mem_phy_inst|clk|half_rate.pll|altpll_component|auto_generated|pll1|clk[4]'
Slack : 1.674
TNS   : 0.000

Type  : Slow 900mV 0C Model Recovery 'DE4_SOPC_inst|the_ddr2|ddr2_controller_phy_inst|ddr2_phy_inst|ddr2_phy_alt_mem_phy_inst|dpio|ddr_clkdiv_gen.grp_gen[7].slaves_gen[0].clk_div_slave|clkout'
Slack : 1.354
TNS   : 0.000

Type  : Slow 900mV 0C Model Recovery 'DE4_SOPC_inst|the_ddr2|ddr2_controller_phy_inst|ddr2_phy_inst|ddr2_phy_alt_mem_phy_inst|dpio|ddr_clkdiv_gen.grp_gen[5].slaves_gen[0].clk_div_slave|clkout'
Slack : 1.468
TNS   : 0.000

Type  : Slow 900mV 0C Model Recovery 'DE4_SOPC_inst|the_ddr2|ddr2_controller_phy_inst|ddr2_phy_inst|ddr2_phy_alt_mem_phy_inst|clk|half_rate.pll|altpll_component|auto_generated|pll1|clk[0]'
Slack : 1.492
TNS   : 0.000

Type  : Slow 900mV 0C Model Recovery 'DE4_SOPC_inst|the_ddr2|ddr2_controller_phy_inst|ddr2_phy_inst|ddr2_phy_alt_mem_phy_inst|dpio|ddr_clkdiv_gen.grp_gen[6].slaves_gen[0].clk_div_slave|clkout'
Slack : 1.733
TNS   : 0.000

Type  : Slow 900mV 0C Model Recovery 'DE4_SOPC_inst|the_ddr2|ddr2_controller_phy_inst|ddr2_phy_inst|ddr2_phy_alt_mem_phy_inst|dpio|ddr_clkdiv_gen.grp_gen[4].slaves_gen[0].clk_div_slave|clkout'
Slack : 2.351
TNS   : 0.000

Type  : Slow 900mV 0C Model Recovery 'DE4_SOPC_inst|the_ddr2|ddr2_controller_phy_inst|ddr2_phy_inst|ddr2_phy_alt_mem_phy_inst|clk|half_rate.pll|altpll_component|auto_generated|pll1|clk[6]'
Slack : 2.726
TNS   : 0.000

Type  : Slow 900mV 0C Model Recovery 'DE4_SOPC_inst|the_ddr2|ddr2_controller_phy_inst|ddr2_phy_inst|ddr2_phy_alt_mem_phy_inst|dpio|ddr_clkdiv_gen.grp_gen[3].slaves_gen[0].clk_div_slave|clkout'
Slack : 2.843
TNS   : 0.000

Type  : Slow 900mV 0C Model Recovery 'DE4_SOPC_inst|the_ddr2|ddr2_controller_phy_inst|ddr2_phy_inst|ddr2_phy_alt_mem_phy_inst|dpio|ddr_clkdiv_gen.grp_gen[1].slaves_gen[0].clk_div_slave|clkout'
Slack : 2.914
TNS   : 0.000

Type  : Slow 900mV 0C Model Recovery 'DE4_SOPC_inst|the_ddr2|ddr2_controller_phy_inst|ddr2_phy_inst|ddr2_phy_alt_mem_phy_inst|dpio|ddr_clkdiv_gen.grp_gen[2].slaves_gen[0].clk_div_slave|clkout'
Slack : 3.018
TNS   : 0.000

Type  : Slow 900mV 0C Model Recovery 'DE4_SOPC_inst|the_ddr2|ddr2_controller_phy_inst|ddr2_phy_inst|ddr2_phy_alt_mem_phy_inst|clk|half_rate.pll|altpll_component|auto_generated|pll1|clk[5]'
Slack : 3.560
TNS   : 0.000

Type  : Slow 900mV 0C Model Recovery 'DE4_SOPC_inst|the_ddr2|ddr2_controller_phy_inst|ddr2_phy_inst|ddr2_phy_alt_mem_phy_inst|dpio|ddr_clkdiv_gen.clk_div_master|clkout'
Slack : 4.051
TNS   : 0.000

Type  : Slow 900mV 0C Model Recovery 'OSC_50_Bank3'
Slack : 11.953
TNS   : 0.000

Type  : Slow 900mV 0C Model Recovery 'DE4_SOPC_inst|the_ddr2|ddr2_controller_phy_inst|ddr2_phy_inst|ddr2_phy_alt_mem_phy_inst|clk|scan_clk|q_clock'
Slack : 19.019
TNS   : 0.000

Type  : Slow 900mV 0C Model Removal 'DE4_SOPC_inst|the_ddr2|ddr2_controller_phy_inst|ddr2_phy_inst|ddr2_phy_alt_mem_phy_inst|clk|half_rate.pll|altpll_component|auto_generated|pll1|clk[0]'
Slack : 0.426
TNS   : 0.000

Type  : Slow 900mV 0C Model Removal 'DE4_SOPC_inst|the_ddr2|ddr2_controller_phy_inst|ddr2_phy_inst|ddr2_phy_alt_mem_phy_inst|dpio|ddr_clkdiv_gen.grp_gen[3].slaves_gen[0].clk_div_slave|clkout'
Slack : 0.525
TNS   : 0.000

Type  : Slow 900mV 0C Model Removal 'DE4_SOPC_inst|the_ddr2|ddr2_controller_phy_inst|ddr2_phy_inst|ddr2_phy_alt_mem_phy_inst|dpio|ddr_clkdiv_gen.grp_gen[2].slaves_gen[0].clk_div_slave|clkout'
Slack : 0.539
TNS   : 0.000

Type  : Slow 900mV 0C Model Removal 'DE4_SOPC_inst|the_ddr2|ddr2_controller_phy_inst|ddr2_phy_inst|ddr2_phy_alt_mem_phy_inst|dpio|ddr_clkdiv_gen.clk_div_master|clkout'
Slack : 0.548
TNS   : 0.000

Type  : Slow 900mV 0C Model Removal 'DE4_SOPC_inst|the_ddr2|ddr2_controller_phy_inst|ddr2_phy_inst|ddr2_phy_alt_mem_phy_inst|clk|scan_clk|q_clock'
Slack : 0.604
TNS   : 0.000

Type  : Slow 900mV 0C Model Removal 'DE4_SOPC_inst|the_ddr2|ddr2_controller_phy_inst|ddr2_phy_inst|ddr2_phy_alt_mem_phy_inst|dpio|ddr_clkdiv_gen.grp_gen[5].slaves_gen[0].clk_div_slave|clkout'
Slack : 0.625
TNS   : 0.000

Type  : Slow 900mV 0C Model Removal 'DE4_SOPC_inst|the_ddr2|ddr2_controller_phy_inst|ddr2_phy_inst|ddr2_phy_alt_mem_phy_inst|dpio|ddr_clkdiv_gen.grp_gen[6].slaves_gen[0].clk_div_slave|clkout'
Slack : 0.628
TNS   : 0.000

Type  : Slow 900mV 0C Model Removal 'DE4_SOPC_inst|the_ddr2|ddr2_controller_phy_inst|ddr2_phy_inst|ddr2_phy_alt_mem_phy_inst|dpio|ddr_clkdiv_gen.grp_gen[7].slaves_gen[0].clk_div_slave|clkout'
Slack : 0.644
TNS   : 0.000

Type  : Slow 900mV 0C Model Removal 'DE4_SOPC_inst|the_ddr2|ddr2_controller_phy_inst|ddr2_phy_inst|ddr2_phy_alt_mem_phy_inst|dpio|ddr_clkdiv_gen.grp_gen[1].slaves_gen[0].clk_div_slave|clkout'
Slack : 0.750
TNS   : 0.000

Type  : Slow 900mV 0C Model Removal 'DE4_SOPC_inst|the_ddr2|ddr2_controller_phy_inst|ddr2_phy_inst|ddr2_phy_alt_mem_phy_inst|clk|half_rate.pll|altpll_component|auto_generated|pll1|clk[6]'
Slack : 0.891
TNS   : 0.000

Type  : Slow 900mV 0C Model Removal 'DE4_SOPC_inst|the_ddr2|ddr2_controller_phy_inst|ddr2_phy_inst|ddr2_phy_alt_mem_phy_inst|clk|half_rate.pll|altpll_component|auto_generated|pll1|clk[5]'
Slack : 0.933
TNS   : 0.000

Type  : Slow 900mV 0C Model Removal 'DE4_SOPC_inst|the_ddr2|ddr2_controller_phy_inst|ddr2_phy_inst|ddr2_phy_alt_mem_phy_inst|dpio|ddr_clkdiv_gen.grp_gen[4].slaves_gen[0].clk_div_slave|clkout'
Slack : 1.234
TNS   : 0.000

Type  : Slow 900mV 0C Model Removal 'OSC_50_Bank3'
Slack : 6.669
TNS   : 0.000

Type  : Slow 900mV 0C Model Minimum Pulse Width 'DE4_SOPC_inst|the_ddr2|ddr2_controller_phy_inst|ddr2_phy_inst|ddr2_phy_alt_mem_phy_inst|clk|half_rate.pll|altpll_component|auto_generated|pll1|clk[1]'
Slack : 0.494
TNS   : 0.000

Type  : Slow 900mV 0C Model Minimum Pulse Width 'DE4_SOPC_inst|the_ddr2|ddr2_controller_phy_inst|ddr2_phy_inst|ddr2_phy_alt_mem_phy_inst|clk|half_rate.pll|altpll_component|auto_generated|pll1|clk[3]'
Slack : 0.527
TNS   : 0.000

Type  : Slow 900mV 0C Model Minimum Pulse Width 'DE4_SOPC_inst|the_ddr2|ddr2_controller_phy_inst|ddr2_phy_inst|ddr2_phy_alt_mem_phy_inst|clk|half_rate.pll|altpll_component|auto_generated|pll1|clk[4]'
Slack : 0.723
TNS   : 0.000

Type  : Slow 900mV 0C Model Minimum Pulse Width 'DE4_SOPC_inst|the_ddr2|ddr2_controller_phy_inst|ddr2_phy_inst|ddr2_phy_alt_mem_phy_inst|dpio|ddr_clkdiv_gen.grp_gen[4].slaves_gen[0].clk_div_slave|clkout'
Slack : 1.710
TNS   : 0.000

Type  : Slow 900mV 0C Model Minimum Pulse Width 'DE4_SOPC_inst|the_ddr2|ddr2_controller_phy_inst|ddr2_phy_inst|ddr2_phy_alt_mem_phy_inst|dpio|ddr_clkdiv_gen.grp_gen[5].slaves_gen[0].clk_div_slave|clkout'
Slack : 1.710
TNS   : 0.000

Type  : Slow 900mV 0C Model Minimum Pulse Width 'DE4_SOPC_inst|the_ddr2|ddr2_controller_phy_inst|ddr2_phy_inst|ddr2_phy_alt_mem_phy_inst|dpio|ddr_clkdiv_gen.clk_div_master|clkout'
Slack : 1.711
TNS   : 0.000

Type  : Slow 900mV 0C Model Minimum Pulse Width 'DE4_SOPC_inst|the_ddr2|ddr2_controller_phy_inst|ddr2_phy_inst|ddr2_phy_alt_mem_phy_inst|dpio|ddr_clkdiv_gen.grp_gen[1].slaves_gen[0].clk_div_slave|clkout'
Slack : 1.711
TNS   : 0.000

Type  : Slow 900mV 0C Model Minimum Pulse Width 'DE4_SOPC_inst|the_ddr2|ddr2_controller_phy_inst|ddr2_phy_inst|ddr2_phy_alt_mem_phy_inst|dpio|ddr_clkdiv_gen.grp_gen[2].slaves_gen[0].clk_div_slave|clkout'
Slack : 1.711
TNS   : 0.000

Type  : Slow 900mV 0C Model Minimum Pulse Width 'DE4_SOPC_inst|the_ddr2|ddr2_controller_phy_inst|ddr2_phy_inst|ddr2_phy_alt_mem_phy_inst|dpio|ddr_clkdiv_gen.grp_gen[3].slaves_gen[0].clk_div_slave|clkout'
Slack : 1.711
TNS   : 0.000

Type  : Slow 900mV 0C Model Minimum Pulse Width 'DE4_SOPC_inst|the_ddr2|ddr2_controller_phy_inst|ddr2_phy_inst|ddr2_phy_alt_mem_phy_inst|dpio|ddr_clkdiv_gen.grp_gen[6].slaves_gen[0].clk_div_slave|clkout'
Slack : 1.711
TNS   : 0.000

Type  : Slow 900mV 0C Model Minimum Pulse Width 'DE4_SOPC_inst|the_ddr2|ddr2_controller_phy_inst|ddr2_phy_inst|ddr2_phy_alt_mem_phy_inst|dpio|ddr_clkdiv_gen.grp_gen[7].slaves_gen[0].clk_div_slave|clkout'
Slack : 1.711
TNS   : 0.000

Type  : Slow 900mV 0C Model Minimum Pulse Width 'DE4_SOPC_inst|the_ddr2|ddr2_controller_phy_inst|ddr2_phy_inst|ddr2_phy_alt_mem_phy_inst|clk|half_rate.pll|altpll_component|auto_generated|pll1|clk[0]'
Slack : 1.728
TNS   : 0.000

Type  : Slow 900mV 0C Model Minimum Pulse Width 'DE4_SOPC_inst|the_ddr2|ddr2_controller_phy_inst|ddr2_phy_inst|ddr2_phy_alt_mem_phy_inst|clk|half_rate.pll|altpll_component|auto_generated|pll1|clk[6]'
Slack : 1.783
TNS   : 0.000

Type  : Slow 900mV 0C Model Minimum Pulse Width 'DE4_SOPC_inst|the_ddr2|ddr2_controller_phy_inst|ddr2_phy_inst|ddr2_phy_alt_mem_phy_inst|clk|half_rate.pll|altpll_component|auto_generated|pll1|clk[5]'
Slack : 1.849
TNS   : 0.000

Type  : Slow 900mV 0C Model Minimum Pulse Width 'DE4_SOPC_inst|the_ddr2|ddr2_controller_phy_inst|ddr2_phy_inst|ddr2_phy_alt_mem_phy_inst|dpio|ddr_clkdiv_gen.grp_gen[4].slaves_gen[1].clk_div_slave|clkout'
Slack : 2.361
TNS   : 0.000

Type  : Slow 900mV 0C Model Minimum Pulse Width 'DE4_SOPC_inst|the_ddr2|ddr2_controller_phy_inst|ddr2_phy_inst|ddr2_phy_alt_mem_phy_inst|dpio|ddr_clkdiv_gen.grp_gen[5].slaves_gen[1].clk_div_slave|clkout'
Slack : 2.361
TNS   : 0.000

Type  : Slow 900mV 0C Model Minimum Pulse Width 'DE4_SOPC_inst|the_ddr2|ddr2_controller_phy_inst|ddr2_phy_inst|ddr2_phy_alt_mem_phy_inst|dpio|ddr_clkdiv_gen.grp_gen[0].slaves_gen[1].clk_div_slave|clkout'
Slack : 2.362
TNS   : 0.000

Type  : Slow 900mV 0C Model Minimum Pulse Width 'DE4_SOPC_inst|the_ddr2|ddr2_controller_phy_inst|ddr2_phy_inst|ddr2_phy_alt_mem_phy_inst|dpio|ddr_clkdiv_gen.grp_gen[1].slaves_gen[1].clk_div_slave|clkout'
Slack : 2.362
TNS   : 0.000

Type  : Slow 900mV 0C Model Minimum Pulse Width 'DE4_SOPC_inst|the_ddr2|ddr2_controller_phy_inst|ddr2_phy_inst|ddr2_phy_alt_mem_phy_inst|dpio|ddr_clkdiv_gen.grp_gen[2].slaves_gen[1].clk_div_slave|clkout'
Slack : 2.362
TNS   : 0.000

Type  : Slow 900mV 0C Model Minimum Pulse Width 'DE4_SOPC_inst|the_ddr2|ddr2_controller_phy_inst|ddr2_phy_inst|ddr2_phy_alt_mem_phy_inst|dpio|ddr_clkdiv_gen.grp_gen[3].slaves_gen[1].clk_div_slave|clkout'
Slack : 2.362
TNS   : 0.000

Type  : Slow 900mV 0C Model Minimum Pulse Width 'DE4_SOPC_inst|the_ddr2|ddr2_controller_phy_inst|ddr2_phy_inst|ddr2_phy_alt_mem_phy_inst|dpio|ddr_clkdiv_gen.grp_gen[6].slaves_gen[1].clk_div_slave|clkout'
Slack : 2.362
TNS   : 0.000

Type  : Slow 900mV 0C Model Minimum Pulse Width 'DE4_SOPC_inst|the_ddr2|ddr2_controller_phy_inst|ddr2_phy_inst|ddr2_phy_alt_mem_phy_inst|dpio|ddr_clkdiv_gen.grp_gen[7].slaves_gen[1].clk_div_slave|clkout'
Slack : 2.362
TNS   : 0.000

Type  : Slow 900mV 0C Model Minimum Pulse Width 'OSC_50_Bank3'
Slack : 8.970
TNS   : 0.000

Type  : Slow 900mV 0C Model Minimum Pulse Width 'DE4_SOPC_inst|the_ddr2|ddr2_controller_phy_inst|ddr2_phy_inst|ddr2_phy_alt_mem_phy_inst|clk|scan_clk|q_clock'
Slack : 8.994
TNS   : 0.000

Type  : Fast 900mV 0C Model Setup 'DE4_SOPC_inst|the_ddr2|ddr2_controller_phy_inst|ddr2_phy_inst|ddr2_phy_ck_p_M1_DDR2_clk[1]_tDQSS'
Slack : 0.355
TNS   : 0.000

Type  : Fast 900mV 0C Model Setup 'DE4_SOPC_inst|the_ddr2|ddr2_controller_phy_inst|ddr2_phy_inst|ddr2_phy_ck_p_M1_DDR2_clk[0]_tDQSS'
Slack : 0.357
TNS   : 0.000

Type  : Fast 900mV 0C Model Setup 'DE4_SOPC_inst|the_ddr2|ddr2_controller_phy_inst|ddr2_phy_inst|ddr2_phy_ck_n_M1_DDR2_clk_n[1]_tDQSS'
Slack : 0.362
TNS   : 0.000

Type  : Fast 900mV 0C Model Setup 'DE4_SOPC_inst|the_ddr2|ddr2_controller_phy_inst|ddr2_phy_inst|ddr2_phy_ck_n_M1_DDR2_clk_n[0]_tDQSS'
Slack : 0.364
TNS   : 0.000

Type  : Fast 900mV 0C Model Setup 'DE4_SOPC_inst|the_ddr2|ddr2_controller_phy_inst|ddr2_phy_inst|ddr2_phy_ck_p_M1_DDR2_clk[1]_tDSS'
Slack : 0.486
TNS   : 0.000

Type  : Fast 900mV 0C Model Setup 'DE4_SOPC_inst|the_ddr2|ddr2_controller_phy_inst|ddr2_phy_inst|ddr2_phy_ck_p_M1_DDR2_clk[0]_tDSS'
Slack : 0.488
TNS   : 0.000

Type  : Fast 900mV 0C Model Setup 'DE4_SOPC_inst|the_ddr2|ddr2_controller_phy_inst|ddr2_phy_inst|ddr2_phy_ck_n_M1_DDR2_clk_n[1]_tDSS'
Slack : 0.493
TNS   : 0.000

Type  : Fast 900mV 0C Model Setup 'DE4_SOPC_inst|the_ddr2|ddr2_controller_phy_inst|ddr2_phy_inst|ddr2_phy_ck_n_M1_DDR2_clk_n[0]_tDSS'
Slack : 0.495
TNS   : 0.000

Type  : Fast 900mV 0C Model Setup 'DE4_SOPC_inst|the_ddr2|ddr2_controller_phy_inst|ddr2_phy_inst|ddr2_phy_alt_mem_phy_inst|clk|half_rate.pll|altpll_component|auto_generated|pll1|clk[4]'
Slack : 0.782
TNS   : 0.000

Type  : Fast 900mV 0C Model Setup 'DE4_SOPC_inst|the_ddr2|ddr2_controller_phy_inst|ddr2_phy_inst|ddr2_phy_ck_p_M1_DDR2_clk[1]_ac_rise'
Slack : 0.799
TNS   : 0.000

Type  : Fast 900mV 0C Model Setup 'DE4_SOPC_inst|the_ddr2|ddr2_controller_phy_inst|ddr2_phy_inst|ddr2_phy_ck_p_M1_DDR2_clk[0]_ac_rise'
Slack : 0.801
TNS   : 0.000

Type  : Fast 900mV 0C Model Setup 'DE4_SOPC_inst|the_ddr2|ddr2_controller_phy_inst|ddr2_phy_inst|ddr2_phy_ck_n_M1_DDR2_clk_n[1]_ac_rise'
Slack : 0.806
TNS   : 0.000

Type  : Fast 900mV 0C Model Setup 'DE4_SOPC_inst|the_ddr2|ddr2_controller_phy_inst|ddr2_phy_inst|ddr2_phy_ck_p_M1_DDR2_clk[1]_ac_fall'
Slack : 0.806
TNS   : 0.000

Type  : Fast 900mV 0C Model Setup 'DE4_SOPC_inst|the_ddr2|ddr2_controller_phy_inst|ddr2_phy_inst|ddr2_phy_ck_n_M1_DDR2_clk_n[0]_ac_rise'
Slack : 0.808
TNS   : 0.000

Type  : Fast 900mV 0C Model Setup 'DE4_SOPC_inst|the_ddr2|ddr2_controller_phy_inst|ddr2_phy_inst|ddr2_phy_ck_p_M1_DDR2_clk[0]_ac_fall'
Slack : 0.808
TNS   : 0.000

Type  : Fast 900mV 0C Model Setup 'DE4_SOPC_inst|the_ddr2|ddr2_controller_phy_inst|ddr2_phy_inst|ddr2_phy_ck_n_M1_DDR2_clk_n[1]_ac_fall'
Slack : 0.813
TNS   : 0.000

Type  : Fast 900mV 0C Model Setup 'DE4_SOPC_inst|the_ddr2|ddr2_controller_phy_inst|ddr2_phy_inst|ddr2_phy_ck_n_M1_DDR2_clk_n[0]_ac_fall'
Slack : 0.815
TNS   : 0.000

Type  : Fast 900mV 0C Model Setup 'DE4_SOPC_inst|the_ddr2|ddr2_controller_phy_inst|ddr2_phy_inst|ddr2_phy_alt_mem_phy_inst|dpio|ddr_clkdiv_gen.clk_div_master|clkout'
Slack : 1.109
TNS   : 0.000

Type  : Fast 900mV 0C Model Setup 'DE4_SOPC_inst|the_ddr2|ddr2_controller_phy_inst|ddr2_phy_inst|ddr2_phy_alt_mem_phy_inst|dpio|ddr_clkdiv_gen.grp_gen[0].slaves_gen[1].clk_div_slave|clkout'
Slack : 1.109
TNS   : 0.000

Type  : Fast 900mV 0C Model Setup 'DE4_SOPC_inst|the_ddr2|ddr2_controller_phy_inst|ddr2_phy_inst|ddr2_phy_alt_mem_phy_inst|dpio|ddr_clkdiv_gen.grp_gen[1].slaves_gen[0].clk_div_slave|clkout'
Slack : 1.109
TNS   : 0.000

Type  : Fast 900mV 0C Model Setup 'DE4_SOPC_inst|the_ddr2|ddr2_controller_phy_inst|ddr2_phy_inst|ddr2_phy_alt_mem_phy_inst|dpio|ddr_clkdiv_gen.grp_gen[1].slaves_gen[1].clk_div_slave|clkout'
Slack : 1.109
TNS   : 0.000

Type  : Fast 900mV 0C Model Setup 'DE4_SOPC_inst|the_ddr2|ddr2_controller_phy_inst|ddr2_phy_inst|ddr2_phy_alt_mem_phy_inst|dpio|ddr_clkdiv_gen.grp_gen[2].slaves_gen[0].clk_div_slave|clkout'
Slack : 1.109
TNS   : 0.000

Type  : Fast 900mV 0C Model Setup 'DE4_SOPC_inst|the_ddr2|ddr2_controller_phy_inst|ddr2_phy_inst|ddr2_phy_alt_mem_phy_inst|dpio|ddr_clkdiv_gen.grp_gen[2].slaves_gen[1].clk_div_slave|clkout'
Slack : 1.109
TNS   : 0.000

Type  : Fast 900mV 0C Model Setup 'DE4_SOPC_inst|the_ddr2|ddr2_controller_phy_inst|ddr2_phy_inst|ddr2_phy_alt_mem_phy_inst|dpio|ddr_clkdiv_gen.grp_gen[3].slaves_gen[0].clk_div_slave|clkout'
Slack : 1.109
TNS   : 0.000

Type  : Fast 900mV 0C Model Setup 'DE4_SOPC_inst|the_ddr2|ddr2_controller_phy_inst|ddr2_phy_inst|ddr2_phy_alt_mem_phy_inst|dpio|ddr_clkdiv_gen.grp_gen[3].slaves_gen[1].clk_div_slave|clkout'
Slack : 1.109
TNS   : 0.000

Type  : Fast 900mV 0C Model Setup 'DE4_SOPC_inst|the_ddr2|ddr2_controller_phy_inst|ddr2_phy_inst|ddr2_phy_alt_mem_phy_inst|dpio|ddr_clkdiv_gen.grp_gen[4].slaves_gen[0].clk_div_slave|clkout'
Slack : 1.109
TNS   : 0.000

Type  : Fast 900mV 0C Model Setup 'DE4_SOPC_inst|the_ddr2|ddr2_controller_phy_inst|ddr2_phy_inst|ddr2_phy_alt_mem_phy_inst|dpio|ddr_clkdiv_gen.grp_gen[4].slaves_gen[1].clk_div_slave|clkout'
Slack : 1.109
TNS   : 0.000

Type  : Fast 900mV 0C Model Setup 'DE4_SOPC_inst|the_ddr2|ddr2_controller_phy_inst|ddr2_phy_inst|ddr2_phy_alt_mem_phy_inst|dpio|ddr_clkdiv_gen.grp_gen[5].slaves_gen[0].clk_div_slave|clkout'
Slack : 1.109
TNS   : 0.000

Type  : Fast 900mV 0C Model Setup 'DE4_SOPC_inst|the_ddr2|ddr2_controller_phy_inst|ddr2_phy_inst|ddr2_phy_alt_mem_phy_inst|dpio|ddr_clkdiv_gen.grp_gen[5].slaves_gen[1].clk_div_slave|clkout'
Slack : 1.109
TNS   : 0.000

Type  : Fast 900mV 0C Model Setup 'DE4_SOPC_inst|the_ddr2|ddr2_controller_phy_inst|ddr2_phy_inst|ddr2_phy_alt_mem_phy_inst|dpio|ddr_clkdiv_gen.grp_gen[6].slaves_gen[0].clk_div_slave|clkout'
Slack : 1.109
TNS   : 0.000

Type  : Fast 900mV 0C Model Setup 'DE4_SOPC_inst|the_ddr2|ddr2_controller_phy_inst|ddr2_phy_inst|ddr2_phy_alt_mem_phy_inst|dpio|ddr_clkdiv_gen.grp_gen[6].slaves_gen[1].clk_div_slave|clkout'
Slack : 1.109
TNS   : 0.000

Type  : Fast 900mV 0C Model Setup 'DE4_SOPC_inst|the_ddr2|ddr2_controller_phy_inst|ddr2_phy_inst|ddr2_phy_alt_mem_phy_inst|dpio|ddr_clkdiv_gen.grp_gen[7].slaves_gen[0].clk_div_slave|clkout'
Slack : 1.109
TNS   : 0.000

Type  : Fast 900mV 0C Model Setup 'DE4_SOPC_inst|the_ddr2|ddr2_controller_phy_inst|ddr2_phy_inst|ddr2_phy_alt_mem_phy_inst|dpio|ddr_clkdiv_gen.grp_gen[7].slaves_gen[1].clk_div_slave|clkout'
Slack : 1.109
TNS   : 0.000

Type  : Fast 900mV 0C Model Setup 'DE4_SOPC_inst|the_ddr2|ddr2_controller_phy_inst|ddr2_phy_inst|ddr2_phy_alt_mem_phy_inst|clk|half_rate.pll|altpll_component|auto_generated|pll1|clk[3]'
Slack : 1.124
TNS   : 0.000

Type  : Fast 900mV 0C Model Setup 'DE4_SOPC_inst|the_ddr2|ddr2_controller_phy_inst|ddr2_phy_inst|ddr2_phy_alt_mem_phy_inst|clk|half_rate.pll|altpll_component|auto_generated|pll1|clk[0]'
Slack : 1.291
TNS   : 0.000

Type  : Fast 900mV 0C Model Setup 'DE4_SOPC_inst|the_ddr2|ddr2_controller_phy_inst|ddr2_phy_inst|ddr2_phy_alt_mem_phy_inst|clk|half_rate.pll|altpll_component|auto_generated|pll1|clk[6]'
Slack : 1.549
TNS   : 0.000

Type  : Fast 900mV 0C Model Setup 'DE4_SOPC_inst|the_ddr2|ddr2_controller_phy_inst|ddr2_phy_inst|ddr2_phy_alt_mem_phy_inst|clk|half_rate.pll|altpll_component|auto_generated|pll1|clk[1]'
Slack : 1.720
TNS   : 0.000

Type  : Fast 900mV 0C Model Setup 'DE4_SOPC_inst|the_ddr2|ddr2_controller_phy_inst|ddr2_phy_inst|ddr2_phy_alt_mem_phy_inst|clk|half_rate.pll|altpll_component|auto_generated|pll1|clk[5]'
Slack : 3.953
TNS   : 0.000

Type  : Fast 900mV 0C Model Setup 'DE4_SOPC_inst|the_ddr2|ddr2_controller_phy_inst|ddr2_phy_inst|ddr2_phy_alt_mem_phy_inst|clk|scan_clk|q_clock'
Slack : 8.677
TNS   : 0.000

Type  : Fast 900mV 0C Model Setup 'OSC_50_Bank3'
Slack : 16.977
TNS   : 0.000

Type  : Fast 900mV 0C Model Hold 'DE4_SOPC_inst|the_ddr2|ddr2_controller_phy_inst|ddr2_phy_inst|ddr2_phy_alt_mem_phy_inst|dpio|ddr_clkdiv_gen.grp_gen[7].slaves_gen[0].clk_div_slave|clkout'
Slack : 0.041
TNS   : 0.000

Type  : Fast 900mV 0C Model Hold 'DE4_SOPC_inst|the_ddr2|ddr2_controller_phy_inst|ddr2_phy_inst|ddr2_phy_alt_mem_phy_inst|dpio|ddr_clkdiv_gen.grp_gen[1].slaves_gen[0].clk_div_slave|clkout'
Slack : 0.091
TNS   : 0.000

Type  : Fast 900mV 0C Model Hold 'DE4_SOPC_inst|the_ddr2|ddr2_controller_phy_inst|ddr2_phy_inst|ddr2_phy_alt_mem_phy_inst|dpio|ddr_clkdiv_gen.clk_div_master|clkout'
Slack : 0.098
TNS   : 0.000

Type  : Fast 900mV 0C Model Hold 'DE4_SOPC_inst|the_ddr2|ddr2_controller_phy_inst|ddr2_phy_inst|ddr2_phy_alt_mem_phy_inst|dpio|ddr_clkdiv_gen.grp_gen[2].slaves_gen[0].clk_div_slave|clkout'
Slack : 0.100
TNS   : 0.000

Type  : Fast 900mV 0C Model Hold 'DE4_SOPC_inst|the_ddr2|ddr2_controller_phy_inst|ddr2_phy_inst|ddr2_phy_alt_mem_phy_inst|clk|half_rate.pll|altpll_component|auto_generated|pll1|clk[5]'
Slack : 0.110
TNS   : 0.000

Type  : Fast 900mV 0C Model Hold 'DE4_SOPC_inst|the_ddr2|ddr2_controller_phy_inst|ddr2_phy_inst|ddr2_phy_alt_mem_phy_inst|clk|half_rate.pll|altpll_component|auto_generated|pll1|clk[6]'
Slack : 0.112
TNS   : 0.000

Type  : Fast 900mV 0C Model Hold 'DE4_SOPC_inst|the_ddr2|ddr2_controller_phy_inst|ddr2_phy_inst|ddr2_phy_alt_mem_phy_inst|clk|half_rate.pll|altpll_component|auto_generated|pll1|clk[0]'
Slack : 0.114
TNS   : 0.000

Type  : Fast 900mV 0C Model Hold 'OSC_50_Bank3'
Slack : 0.115
TNS   : 0.000

Type  : Fast 900mV 0C Model Hold 'DE4_SOPC_inst|the_ddr2|ddr2_controller_phy_inst|ddr2_phy_inst|ddr2_phy_alt_mem_phy_inst|dpio|ddr_clkdiv_gen.grp_gen[4].slaves_gen[0].clk_div_slave|clkout'
Slack : 0.119
TNS   : 0.000

Type  : Fast 900mV 0C Model Hold 'DE4_SOPC_inst|the_ddr2|ddr2_controller_phy_inst|ddr2_phy_inst|ddr2_phy_alt_mem_phy_inst|dpio|ddr_clkdiv_gen.grp_gen[6].slaves_gen[0].clk_div_slave|clkout'
Slack : 0.123
TNS   : 0.000

Type  : Fast 900mV 0C Model Hold 'DE4_SOPC_inst|the_ddr2|ddr2_controller_phy_inst|ddr2_phy_inst|ddr2_phy_alt_mem_phy_inst|dpio|ddr_clkdiv_gen.grp_gen[5].slaves_gen[0].clk_div_slave|clkout'
Slack : 0.124
TNS   : 0.000

Type  : Fast 900mV 0C Model Hold 'DE4_SOPC_inst|the_ddr2|ddr2_controller_phy_inst|ddr2_phy_inst|ddr2_phy_alt_mem_phy_inst|dpio|ddr_clkdiv_gen.grp_gen[3].slaves_gen[0].clk_div_slave|clkout'
Slack : 0.125
TNS   : 0.000

Type  : Fast 900mV 0C Model Hold 'DE4_SOPC_inst|the_ddr2|ddr2_controller_phy_inst|ddr2_phy_inst|ddr2_phy_alt_mem_phy_inst|clk|scan_clk|q_clock'
Slack : 0.142
TNS   : 0.000

Type  : Fast 900mV 0C Model Hold 'DE4_SOPC_inst|the_ddr2|ddr2_controller_phy_inst|ddr2_phy_inst|ddr2_phy_alt_mem_phy_inst|clk|half_rate.pll|altpll_component|auto_generated|pll1|clk[1]'
Slack : 0.447
TNS   : 0.000

Type  : Fast 900mV 0C Model Hold 'DE4_SOPC_inst|the_ddr2|ddr2_controller_phy_inst|ddr2_phy_inst|ddr2_phy_ck_n_M1_DDR2_clk_n[0]_tDQSS'
Slack : 0.492
TNS   : 0.000

Type  : Fast 900mV 0C Model Hold 'DE4_SOPC_inst|the_ddr2|ddr2_controller_phy_inst|ddr2_phy_inst|ddr2_phy_ck_n_M1_DDR2_clk_n[1]_tDQSS'
Slack : 0.493
TNS   : 0.000

Type  : Fast 900mV 0C Model Hold 'DE4_SOPC_inst|the_ddr2|ddr2_controller_phy_inst|ddr2_phy_inst|ddr2_phy_ck_n_M1_DDR2_clk_n[0]_ac_fall'
Slack : 0.503
TNS   : 0.000

Type  : Fast 900mV 0C Model Hold 'DE4_SOPC_inst|the_ddr2|ddr2_controller_phy_inst|ddr2_phy_inst|ddr2_phy_ck_n_M1_DDR2_clk_n[1]_ac_fall'
Slack : 0.504
TNS   : 0.000

Type  : Fast 900mV 0C Model Hold 'DE4_SOPC_inst|the_ddr2|ddr2_controller_phy_inst|ddr2_phy_inst|ddr2_phy_ck_n_M1_DDR2_clk_n[0]_ac_rise'
Slack : 0.514
TNS   : 0.000

Type  : Fast 900mV 0C Model Hold 'DE4_SOPC_inst|the_ddr2|ddr2_controller_phy_inst|ddr2_phy_inst|ddr2_phy_ck_n_M1_DDR2_clk_n[1]_ac_rise'
Slack : 0.515
TNS   : 0.000

Type  : Fast 900mV 0C Model Hold 'DE4_SOPC_inst|the_ddr2|ddr2_controller_phy_inst|ddr2_phy_inst|ddr2_phy_ck_p_M1_DDR2_clk[0]_tDQSS'
Slack : 0.520
TNS   : 0.000

Type  : Fast 900mV 0C Model Hold 'DE4_SOPC_inst|the_ddr2|ddr2_controller_phy_inst|ddr2_phy_inst|ddr2_phy_ck_p_M1_DDR2_clk[1]_tDQSS'
Slack : 0.520
TNS   : 0.000

Type  : Fast 900mV 0C Model Hold 'DE4_SOPC_inst|the_ddr2|ddr2_controller_phy_inst|ddr2_phy_inst|ddr2_phy_ck_p_M1_DDR2_clk[0]_ac_fall'
Slack : 0.531
TNS   : 0.000

Type  : Fast 900mV 0C Model Hold 'DE4_SOPC_inst|the_ddr2|ddr2_controller_phy_inst|ddr2_phy_inst|ddr2_phy_ck_p_M1_DDR2_clk[1]_ac_fall'
Slack : 0.531
TNS   : 0.000

Type  : Fast 900mV 0C Model Hold 'DE4_SOPC_inst|the_ddr2|ddr2_controller_phy_inst|ddr2_phy_inst|ddr2_phy_ck_p_M1_DDR2_clk[0]_ac_rise'
Slack : 0.542
TNS   : 0.000

Type  : Fast 900mV 0C Model Hold 'DE4_SOPC_inst|the_ddr2|ddr2_controller_phy_inst|ddr2_phy_inst|ddr2_phy_ck_p_M1_DDR2_clk[1]_ac_rise'
Slack : 0.542
TNS   : 0.000

Type  : Fast 900mV 0C Model Hold 'DE4_SOPC_inst|the_ddr2|ddr2_controller_phy_inst|ddr2_phy_inst|ddr2_phy_ck_n_M1_DDR2_clk_n[0]_tDSS'
Slack : 0.604
TNS   : 0.000

Type  : Fast 900mV 0C Model Hold 'DE4_SOPC_inst|the_ddr2|ddr2_controller_phy_inst|ddr2_phy_inst|ddr2_phy_ck_n_M1_DDR2_clk_n[1]_tDSS'
Slack : 0.605
TNS   : 0.000

Type  : Fast 900mV 0C Model Hold 'DE4_SOPC_inst|the_ddr2|ddr2_controller_phy_inst|ddr2_phy_inst|ddr2_phy_ck_p_M1_DDR2_clk[0]_tDSS'
Slack : 0.632
TNS   : 0.000

Type  : Fast 900mV 0C Model Hold 'DE4_SOPC_inst|the_ddr2|ddr2_controller_phy_inst|ddr2_phy_inst|ddr2_phy_ck_p_M1_DDR2_clk[1]_tDSS'
Slack : 0.632
TNS   : 0.000

Type  : Fast 900mV 0C Model Hold 'DE4_SOPC_inst|the_ddr2|ddr2_controller_phy_inst|ddr2_phy_inst|ddr2_phy_alt_mem_phy_inst|clk|half_rate.pll|altpll_component|auto_generated|pll1|clk[3]'
Slack : 1.091
TNS   : 0.000

Type  : Fast 900mV 0C Model Hold 'DE4_SOPC_inst|the_ddr2|ddr2_controller_phy_inst|ddr2_phy_inst|ddr2_phy_alt_mem_phy_inst|dpio|ddr_clkdiv_gen.grp_gen[0].slaves_gen[1].clk_div_slave|clkout'
Slack : 1.129
TNS   : 0.000

Type  : Fast 900mV 0C Model Hold 'DE4_SOPC_inst|the_ddr2|ddr2_controller_phy_inst|ddr2_phy_inst|ddr2_phy_alt_mem_phy_inst|dpio|ddr_clkdiv_gen.grp_gen[1].slaves_gen[1].clk_div_slave|clkout'
Slack : 1.129
TNS   : 0.000

Type  : Fast 900mV 0C Model Hold 'DE4_SOPC_inst|the_ddr2|ddr2_controller_phy_inst|ddr2_phy_inst|ddr2_phy_alt_mem_phy_inst|dpio|ddr_clkdiv_gen.grp_gen[3].slaves_gen[1].clk_div_slave|clkout'
Slack : 1.129
TNS   : 0.000

Type  : Fast 900mV 0C Model Hold 'DE4_SOPC_inst|the_ddr2|ddr2_controller_phy_inst|ddr2_phy_inst|ddr2_phy_alt_mem_phy_inst|dpio|ddr_clkdiv_gen.grp_gen[6].slaves_gen[1].clk_div_slave|clkout'
Slack : 1.129
TNS   : 0.000

Type  : Fast 900mV 0C Model Hold 'DE4_SOPC_inst|the_ddr2|ddr2_controller_phy_inst|ddr2_phy_inst|ddr2_phy_alt_mem_phy_inst|dpio|ddr_clkdiv_gen.grp_gen[7].slaves_gen[1].clk_div_slave|clkout'
Slack : 1.129
TNS   : 0.000

Type  : Fast 900mV 0C Model Hold 'DE4_SOPC_inst|the_ddr2|ddr2_controller_phy_inst|ddr2_phy_inst|ddr2_phy_alt_mem_phy_inst|dpio|ddr_clkdiv_gen.grp_gen[2].slaves_gen[1].clk_div_slave|clkout'
Slack : 1.130
TNS   : 0.000

Type  : Fast 900mV 0C Model Hold 'DE4_SOPC_inst|the_ddr2|ddr2_controller_phy_inst|ddr2_phy_inst|ddr2_phy_alt_mem_phy_inst|dpio|ddr_clkdiv_gen.grp_gen[4].slaves_gen[1].clk_div_slave|clkout'
Slack : 1.130
TNS   : 0.000

Type  : Fast 900mV 0C Model Hold 'DE4_SOPC_inst|the_ddr2|ddr2_controller_phy_inst|ddr2_phy_inst|ddr2_phy_alt_mem_phy_inst|dpio|ddr_clkdiv_gen.grp_gen[5].slaves_gen[1].clk_div_slave|clkout'
Slack : 1.130
TNS   : 0.000

Type  : Fast 900mV 0C Model Hold 'DE4_SOPC_inst|the_ddr2|ddr2_controller_phy_inst|ddr2_phy_inst|ddr2_phy_alt_mem_phy_inst|clk|half_rate.pll|altpll_component|auto_generated|pll1|clk[4]'
Slack : 1.495
TNS   : 0.000

Type  : Fast 900mV 0C Model Recovery 'DE4_SOPC_inst|the_ddr2|ddr2_controller_phy_inst|ddr2_phy_inst|ddr2_phy_alt_mem_phy_inst|clk|half_rate.pll|altpll_component|auto_generated|pll1|clk[0]'
Slack : 2.474
TNS   : 0.000

Type  : Fast 900mV 0C Model Recovery 'DE4_SOPC_inst|the_ddr2|ddr2_controller_phy_inst|ddr2_phy_inst|ddr2_phy_alt_mem_phy_inst|dpio|ddr_clkdiv_gen.grp_gen[7].slaves_gen[0].clk_div_slave|clkout'
Slack : 2.662
TNS   : 0.000

Type  : Fast 900mV 0C Model Recovery 'DE4_SOPC_inst|the_ddr2|ddr2_controller_phy_inst|ddr2_phy_inst|ddr2_phy_alt_mem_phy_inst|dpio|ddr_clkdiv_gen.grp_gen[5].slaves_gen[0].clk_div_slave|clkout'
Slack : 2.718
TNS   : 0.000

Type  : Fast 900mV 0C Model Recovery 'DE4_SOPC_inst|the_ddr2|ddr2_controller_phy_inst|ddr2_phy_inst|ddr2_phy_alt_mem_phy_inst|dpio|ddr_clkdiv_gen.grp_gen[6].slaves_gen[0].clk_div_slave|clkout'
Slack : 2.888
TNS   : 0.000

Type  : Fast 900mV 0C Model Recovery 'DE4_SOPC_inst|the_ddr2|ddr2_controller_phy_inst|ddr2_phy_inst|ddr2_phy_alt_mem_phy_inst|dpio|ddr_clkdiv_gen.grp_gen[4].slaves_gen[0].clk_div_slave|clkout'
Slack : 3.272
TNS   : 0.000

Type  : Fast 900mV 0C Model Recovery 'DE4_SOPC_inst|the_ddr2|ddr2_controller_phy_inst|ddr2_phy_inst|ddr2_phy_alt_mem_phy_inst|clk|half_rate.pll|altpll_component|auto_generated|pll1|clk[6]'
Slack : 3.553
TNS   : 0.000

Type  : Fast 900mV 0C Model Recovery 'DE4_SOPC_inst|the_ddr2|ddr2_controller_phy_inst|ddr2_phy_inst|ddr2_phy_alt_mem_phy_inst|dpio|ddr_clkdiv_gen.grp_gen[3].slaves_gen[0].clk_div_slave|clkout'
Slack : 3.608
TNS   : 0.000

Type  : Fast 900mV 0C Model Recovery 'DE4_SOPC_inst|the_ddr2|ddr2_controller_phy_inst|ddr2_phy_inst|ddr2_phy_alt_mem_phy_inst|dpio|ddr_clkdiv_gen.grp_gen[1].slaves_gen[0].clk_div_slave|clkout'
Slack : 3.691
TNS   : 0.000

Type  : Fast 900mV 0C Model Recovery 'DE4_SOPC_inst|the_ddr2|ddr2_controller_phy_inst|ddr2_phy_inst|ddr2_phy_alt_mem_phy_inst|dpio|ddr_clkdiv_gen.grp_gen[2].slaves_gen[0].clk_div_slave|clkout'
Slack : 3.727
TNS   : 0.000

Type  : Fast 900mV 0C Model Recovery 'DE4_SOPC_inst|the_ddr2|ddr2_controller_phy_inst|ddr2_phy_inst|ddr2_phy_alt_mem_phy_inst|clk|half_rate.pll|altpll_component|auto_generated|pll1|clk[5]'
Slack : 4.073
TNS   : 0.000

Type  : Fast 900mV 0C Model Recovery 'DE4_SOPC_inst|the_ddr2|ddr2_controller_phy_inst|ddr2_phy_inst|ddr2_phy_alt_mem_phy_inst|dpio|ddr_clkdiv_gen.clk_div_master|clkout'
Slack : 4.432
TNS   : 0.000

Type  : Fast 900mV 0C Model Recovery 'OSC_50_Bank3'
Slack : 14.460
TNS   : 0.000

Type  : Fast 900mV 0C Model Recovery 'DE4_SOPC_inst|the_ddr2|ddr2_controller_phy_inst|ddr2_phy_inst|ddr2_phy_alt_mem_phy_inst|clk|scan_clk|q_clock'
Slack : 19.422
TNS   : 0.000

Type  : Fast 900mV 0C Model Removal 'DE4_SOPC_inst|the_ddr2|ddr2_controller_phy_inst|ddr2_phy_inst|ddr2_phy_alt_mem_phy_inst|clk|half_rate.pll|altpll_component|auto_generated|pll1|clk[0]'
Slack : 0.248
TNS   : 0.000

Type  : Fast 900mV 0C Model Removal 'DE4_SOPC_inst|the_ddr2|ddr2_controller_phy_inst|ddr2_phy_inst|ddr2_phy_alt_mem_phy_inst|dpio|ddr_clkdiv_gen.grp_gen[3].slaves_gen[0].clk_div_slave|clkout'
Slack : 0.319
TNS   : 0.000

Type  : Fast 900mV 0C Model Removal 'DE4_SOPC_inst|the_ddr2|ddr2_controller_phy_inst|ddr2_phy_inst|ddr2_phy_alt_mem_phy_inst|dpio|ddr_clkdiv_gen.grp_gen[2].slaves_gen[0].clk_div_slave|clkout'
Slack : 0.320
TNS   : 0.000

Type  : Fast 900mV 0C Model Removal 'DE4_SOPC_inst|the_ddr2|ddr2_controller_phy_inst|ddr2_phy_inst|ddr2_phy_alt_mem_phy_inst|dpio|ddr_clkdiv_gen.clk_div_master|clkout'
Slack : 0.334
TNS   : 0.000

Type  : Fast 900mV 0C Model Removal 'DE4_SOPC_inst|the_ddr2|ddr2_controller_phy_inst|ddr2_phy_inst|ddr2_phy_alt_mem_phy_inst|clk|scan_clk|q_clock'
Slack : 0.352
TNS   : 0.000

Type  : Fast 900mV 0C Model Removal 'DE4_SOPC_inst|the_ddr2|ddr2_controller_phy_inst|ddr2_phy_inst|ddr2_phy_alt_mem_phy_inst|dpio|ddr_clkdiv_gen.grp_gen[5].slaves_gen[0].clk_div_slave|clkout'
Slack : 0.352
TNS   : 0.000

Type  : Fast 900mV 0C Model Removal 'DE4_SOPC_inst|the_ddr2|ddr2_controller_phy_inst|ddr2_phy_inst|ddr2_phy_alt_mem_phy_inst|dpio|ddr_clkdiv_gen.grp_gen[6].slaves_gen[0].clk_div_slave|clkout'
Slack : 0.355
TNS   : 0.000

Type  : Fast 900mV 0C Model Removal 'DE4_SOPC_inst|the_ddr2|ddr2_controller_phy_inst|ddr2_phy_inst|ddr2_phy_alt_mem_phy_inst|dpio|ddr_clkdiv_gen.grp_gen[7].slaves_gen[0].clk_div_slave|clkout'
Slack : 0.364
TNS   : 0.000

Type  : Fast 900mV 0C Model Removal 'DE4_SOPC_inst|the_ddr2|ddr2_controller_phy_inst|ddr2_phy_inst|ddr2_phy_alt_mem_phy_inst|dpio|ddr_clkdiv_gen.grp_gen[1].slaves_gen[0].clk_div_slave|clkout'
Slack : 0.453
TNS   : 0.000

Type  : Fast 900mV 0C Model Removal 'DE4_SOPC_inst|the_ddr2|ddr2_controller_phy_inst|ddr2_phy_inst|ddr2_phy_alt_mem_phy_inst|clk|half_rate.pll|altpll_component|auto_generated|pll1|clk[6]'
Slack : 0.531
TNS   : 0.000

Type  : Fast 900mV 0C Model Removal 'DE4_SOPC_inst|the_ddr2|ddr2_controller_phy_inst|ddr2_phy_inst|ddr2_phy_alt_mem_phy_inst|clk|half_rate.pll|altpll_component|auto_generated|pll1|clk[5]'
Slack : 0.622
TNS   : 0.000

Type  : Fast 900mV 0C Model Removal 'DE4_SOPC_inst|the_ddr2|ddr2_controller_phy_inst|ddr2_phy_inst|ddr2_phy_alt_mem_phy_inst|dpio|ddr_clkdiv_gen.grp_gen[4].slaves_gen[0].clk_div_slave|clkout'
Slack : 0.786
TNS   : 0.000

Type  : Fast 900mV 0C Model Removal 'OSC_50_Bank3'
Slack : 4.715
TNS   : 0.000

Type  : Fast 900mV 0C Model Minimum Pulse Width 'DE4_SOPC_inst|the_ddr2|ddr2_controller_phy_inst|ddr2_phy_inst|ddr2_phy_alt_mem_phy_inst|clk|half_rate.pll|altpll_component|auto_generated|pll1|clk[1]'
Slack : 0.492
TNS   : 0.000

Type  : Fast 900mV 0C Model Minimum Pulse Width 'DE4_SOPC_inst|the_ddr2|ddr2_controller_phy_inst|ddr2_phy_inst|ddr2_phy_alt_mem_phy_inst|clk|half_rate.pll|altpll_component|auto_generated|pll1|clk[3]'
Slack : 0.492
TNS   : 0.000

Type  : Fast 900mV 0C Model Minimum Pulse Width 'DE4_SOPC_inst|the_ddr2|ddr2_controller_phy_inst|ddr2_phy_inst|ddr2_phy_alt_mem_phy_inst|clk|half_rate.pll|altpll_component|auto_generated|pll1|clk[4]'
Slack : 0.701
TNS   : 0.000

Type  : Fast 900mV 0C Model Minimum Pulse Width 'DE4_SOPC_inst|the_ddr2|ddr2_controller_phy_inst|ddr2_phy_inst|ddr2_phy_alt_mem_phy_inst|dpio|ddr_clkdiv_gen.clk_div_master|clkout'
Slack : 1.702
TNS   : 0.000

Type  : Fast 900mV 0C Model Minimum Pulse Width 'DE4_SOPC_inst|the_ddr2|ddr2_controller_phy_inst|ddr2_phy_inst|ddr2_phy_alt_mem_phy_inst|dpio|ddr_clkdiv_gen.grp_gen[1].slaves_gen[0].clk_div_slave|clkout'
Slack : 1.702
TNS   : 0.000

Type  : Fast 900mV 0C Model Minimum Pulse Width 'DE4_SOPC_inst|the_ddr2|ddr2_controller_phy_inst|ddr2_phy_inst|ddr2_phy_alt_mem_phy_inst|dpio|ddr_clkdiv_gen.grp_gen[2].slaves_gen[0].clk_div_slave|clkout'
Slack : 1.702
TNS   : 0.000

Type  : Fast 900mV 0C Model Minimum Pulse Width 'DE4_SOPC_inst|the_ddr2|ddr2_controller_phy_inst|ddr2_phy_inst|ddr2_phy_alt_mem_phy_inst|dpio|ddr_clkdiv_gen.grp_gen[3].slaves_gen[0].clk_div_slave|clkout'
Slack : 1.702
TNS   : 0.000

Type  : Fast 900mV 0C Model Minimum Pulse Width 'DE4_SOPC_inst|the_ddr2|ddr2_controller_phy_inst|ddr2_phy_inst|ddr2_phy_alt_mem_phy_inst|dpio|ddr_clkdiv_gen.grp_gen[4].slaves_gen[0].clk_div_slave|clkout'
Slack : 1.702
TNS   : 0.000

Type  : Fast 900mV 0C Model Minimum Pulse Width 'DE4_SOPC_inst|the_ddr2|ddr2_controller_phy_inst|ddr2_phy_inst|ddr2_phy_alt_mem_phy_inst|dpio|ddr_clkdiv_gen.grp_gen[5].slaves_gen[0].clk_div_slave|clkout'
Slack : 1.702
TNS   : 0.000

Type  : Fast 900mV 0C Model Minimum Pulse Width 'DE4_SOPC_inst|the_ddr2|ddr2_controller_phy_inst|ddr2_phy_inst|ddr2_phy_alt_mem_phy_inst|dpio|ddr_clkdiv_gen.grp_gen[6].slaves_gen[0].clk_div_slave|clkout'
Slack : 1.702
TNS   : 0.000

Type  : Fast 900mV 0C Model Minimum Pulse Width 'DE4_SOPC_inst|the_ddr2|ddr2_controller_phy_inst|ddr2_phy_inst|ddr2_phy_alt_mem_phy_inst|dpio|ddr_clkdiv_gen.grp_gen[7].slaves_gen[0].clk_div_slave|clkout'
Slack : 1.702
TNS   : 0.000

Type  : Fast 900mV 0C Model Minimum Pulse Width 'DE4_SOPC_inst|the_ddr2|ddr2_controller_phy_inst|ddr2_phy_inst|ddr2_phy_alt_mem_phy_inst|clk|half_rate.pll|altpll_component|auto_generated|pll1|clk[0]'
Slack : 1.711
TNS   : 0.000

Type  : Fast 900mV 0C Model Minimum Pulse Width 'DE4_SOPC_inst|the_ddr2|ddr2_controller_phy_inst|ddr2_phy_inst|ddr2_phy_alt_mem_phy_inst|clk|half_rate.pll|altpll_component|auto_generated|pll1|clk[6]'
Slack : 1.745
TNS   : 0.000

Type  : Fast 900mV 0C Model Minimum Pulse Width 'DE4_SOPC_inst|the_ddr2|ddr2_controller_phy_inst|ddr2_phy_inst|ddr2_phy_alt_mem_phy_inst|clk|half_rate.pll|altpll_component|auto_generated|pll1|clk[5]'
Slack : 2.093
TNS   : 0.000

Type  : Fast 900mV 0C Model Minimum Pulse Width 'DE4_SOPC_inst|the_ddr2|ddr2_controller_phy_inst|ddr2_phy_inst|ddr2_phy_alt_mem_phy_inst|dpio|ddr_clkdiv_gen.grp_gen[2].slaves_gen[1].clk_div_slave|clkout'
Slack : 2.396
TNS   : 0.000

Type  : Fast 900mV 0C Model Minimum Pulse Width 'DE4_SOPC_inst|the_ddr2|ddr2_controller_phy_inst|ddr2_phy_inst|ddr2_phy_alt_mem_phy_inst|dpio|ddr_clkdiv_gen.grp_gen[7].slaves_gen[1].clk_div_slave|clkout'
Slack : 2.396
TNS   : 0.000

Type  : Fast 900mV 0C Model Minimum Pulse Width 'DE4_SOPC_inst|the_ddr2|ddr2_controller_phy_inst|ddr2_phy_inst|ddr2_phy_alt_mem_phy_inst|dpio|ddr_clkdiv_gen.grp_gen[0].slaves_gen[1].clk_div_slave|clkout'
Slack : 2.397
TNS   : 0.000

Type  : Fast 900mV 0C Model Minimum Pulse Width 'DE4_SOPC_inst|the_ddr2|ddr2_controller_phy_inst|ddr2_phy_inst|ddr2_phy_alt_mem_phy_inst|dpio|ddr_clkdiv_gen.grp_gen[1].slaves_gen[1].clk_div_slave|clkout'
Slack : 2.397
TNS   : 0.000

Type  : Fast 900mV 0C Model Minimum Pulse Width 'DE4_SOPC_inst|the_ddr2|ddr2_controller_phy_inst|ddr2_phy_inst|ddr2_phy_alt_mem_phy_inst|dpio|ddr_clkdiv_gen.grp_gen[3].slaves_gen[1].clk_div_slave|clkout'
Slack : 2.397
TNS   : 0.000

Type  : Fast 900mV 0C Model Minimum Pulse Width 'DE4_SOPC_inst|the_ddr2|ddr2_controller_phy_inst|ddr2_phy_inst|ddr2_phy_alt_mem_phy_inst|dpio|ddr_clkdiv_gen.grp_gen[4].slaves_gen[1].clk_div_slave|clkout'
Slack : 2.397
TNS   : 0.000

Type  : Fast 900mV 0C Model Minimum Pulse Width 'DE4_SOPC_inst|the_ddr2|ddr2_controller_phy_inst|ddr2_phy_inst|ddr2_phy_alt_mem_phy_inst|dpio|ddr_clkdiv_gen.grp_gen[5].slaves_gen[1].clk_div_slave|clkout'
Slack : 2.397
TNS   : 0.000

Type  : Fast 900mV 0C Model Minimum Pulse Width 'DE4_SOPC_inst|the_ddr2|ddr2_controller_phy_inst|ddr2_phy_inst|ddr2_phy_alt_mem_phy_inst|dpio|ddr_clkdiv_gen.grp_gen[6].slaves_gen[1].clk_div_slave|clkout'
Slack : 2.397
TNS   : 0.000

Type  : Fast 900mV 0C Model Minimum Pulse Width 'DE4_SOPC_inst|the_ddr2|ddr2_controller_phy_inst|ddr2_phy_inst|ddr2_phy_alt_mem_phy_inst|clk|scan_clk|q_clock'
Slack : 8.961
TNS   : 0.000

Type  : Fast 900mV 0C Model Minimum Pulse Width 'OSC_50_Bank3'
Slack : 9.106
TNS   : 0.000

------------------------------------------------------------
