------------------------------------------------------------
TimeQuest Timing Analyzer Summary
------------------------------------------------------------

Type  : Slow 900mV 85C Model Setup 'OSC_50_BANK2'
Slack : 18.014
TNS   : 0.000

Type  : Slow 900mV 85C Model Hold 'OSC_50_BANK2'
Slack : 0.214
TNS   : 0.000

Type  : Slow 900mV 85C Model Minimum Pulse Width 'OSC_50_BANK2'
Slack : 9.327
TNS   : 0.000

Type  : Slow 900mV 0C Model Setup 'OSC_50_BANK2'
Slack : 18.071
TNS   : 0.000

Type  : Slow 900mV 0C Model Hold 'OSC_50_BANK2'
Slack : 0.208
TNS   : 0.000

Type  : Slow 900mV 0C Model Minimum Pulse Width 'OSC_50_BANK2'
Slack : 9.328
TNS   : 0.000

Type  : Fast 900mV 0C Model Setup 'OSC_50_BANK2'
Slack : 18.872
TNS   : 0.000

Type  : Fast 900mV 0C Model Hold 'OSC_50_BANK2'
Slack : 0.114
TNS   : 0.000

Type  : Fast 900mV 0C Model Minimum Pulse Width 'OSC_50_BANK2'
Slack : 9.291
TNS   : 0.000

------------------------------------------------------------
