------------------------------------------------------------
TimeQuest Timing Analyzer Summary
------------------------------------------------------------

Type  : Slow 900mV 85C Model Setup 'pll_inst|altpll_component|auto_generated|pll1|clk[0]'
Slack : 4.165
TNS   : 0.000

Type  : Slow 900mV 85C Model Setup 'altera_reserved_tck'
Slack : 46.478
TNS   : 0.000

Type  : Slow 900mV 85C Model Hold 'pll_inst|altpll_component|auto_generated|pll1|clk[0]'
Slack : 0.245
TNS   : 0.000

Type  : Slow 900mV 85C Model Hold 'altera_reserved_tck'
Slack : 0.485
TNS   : 0.000

Type  : Slow 900mV 85C Model Recovery 'altera_reserved_tck'
Slack : 49.067
TNS   : 0.000

Type  : Slow 900mV 85C Model Removal 'altera_reserved_tck'
Slack : 1.030
TNS   : 0.000

Type  : Slow 900mV 85C Model Minimum Pulse Width 'pll_inst|altpll_component|auto_generated|pll1|clk[0]'
Slack : 4.212
TNS   : 0.000

Type  : Slow 900mV 85C Model Minimum Pulse Width 'ADA_DCO'
Slack : 4.342
TNS   : 0.000

Type  : Slow 900mV 85C Model Minimum Pulse Width 'ADB_DCO'
Slack : 4.344
TNS   : 0.000

Type  : Slow 900mV 85C Model Minimum Pulse Width 'pll_inst|altpll_component|auto_generated|pll1|clk[2]'
Slack : 4.982
TNS   : 0.000

Type  : Slow 900mV 85C Model Minimum Pulse Width 'pll_inst|altpll_component|auto_generated|pll1|clk[3]'
Slack : 4.982
TNS   : 0.000

Type  : Slow 900mV 85C Model Minimum Pulse Width 'OSC_50_BANK6'
Slack : 9.959
TNS   : 0.000

Type  : Slow 900mV 85C Model Minimum Pulse Width 'altera_reserved_tck'
Slack : 49.294
TNS   : 0.000

Type  : Slow 900mV 0C Model Setup 'pll_inst|altpll_component|auto_generated|pll1|clk[0]'
Slack : 4.218
TNS   : 0.000

Type  : Slow 900mV 0C Model Setup 'altera_reserved_tck'
Slack : 46.592
TNS   : 0.000

Type  : Slow 900mV 0C Model Hold 'pll_inst|altpll_component|auto_generated|pll1|clk[0]'
Slack : 0.239
TNS   : 0.000

Type  : Slow 900mV 0C Model Hold 'altera_reserved_tck'
Slack : 0.482
TNS   : 0.000

Type  : Slow 900mV 0C Model Recovery 'altera_reserved_tck'
Slack : 49.048
TNS   : 0.000

Type  : Slow 900mV 0C Model Removal 'altera_reserved_tck'
Slack : 0.973
TNS   : 0.000

Type  : Slow 900mV 0C Model Minimum Pulse Width 'pll_inst|altpll_component|auto_generated|pll1|clk[0]'
Slack : 4.220
TNS   : 0.000

Type  : Slow 900mV 0C Model Minimum Pulse Width 'ADA_DCO'
Slack : 4.344
TNS   : 0.000

Type  : Slow 900mV 0C Model Minimum Pulse Width 'ADB_DCO'
Slack : 4.369
TNS   : 0.000

Type  : Slow 900mV 0C Model Minimum Pulse Width 'pll_inst|altpll_component|auto_generated|pll1|clk[2]'
Slack : 4.984
TNS   : 0.000

Type  : Slow 900mV 0C Model Minimum Pulse Width 'pll_inst|altpll_component|auto_generated|pll1|clk[3]'
Slack : 4.984
TNS   : 0.000

Type  : Slow 900mV 0C Model Minimum Pulse Width 'OSC_50_BANK6'
Slack : 9.979
TNS   : 0.000

Type  : Slow 900mV 0C Model Minimum Pulse Width 'altera_reserved_tck'
Slack : 49.267
TNS   : 0.000

Type  : Fast 900mV 0C Model Setup 'pll_inst|altpll_component|auto_generated|pll1|clk[0]'
Slack : 4.486
TNS   : 0.000

Type  : Fast 900mV 0C Model Setup 'altera_reserved_tck'
Slack : 48.146
TNS   : 0.000

Type  : Fast 900mV 0C Model Hold 'pll_inst|altpll_component|auto_generated|pll1|clk[0]'
Slack : 0.126
TNS   : 0.000

Type  : Fast 900mV 0C Model Hold 'altera_reserved_tck'
Slack : 0.268
TNS   : 0.000

Type  : Fast 900mV 0C Model Recovery 'altera_reserved_tck'
Slack : 49.754
TNS   : 0.000

Type  : Fast 900mV 0C Model Removal 'altera_reserved_tck'
Slack : 0.610
TNS   : 0.000

Type  : Fast 900mV 0C Model Minimum Pulse Width 'pll_inst|altpll_component|auto_generated|pll1|clk[0]'
Slack : 4.213
TNS   : 0.000

Type  : Fast 900mV 0C Model Minimum Pulse Width 'ADB_DCO'
Slack : 4.282
TNS   : 0.000

Type  : Fast 900mV 0C Model Minimum Pulse Width 'ADA_DCO'
Slack : 4.298
TNS   : 0.000

Type  : Fast 900mV 0C Model Minimum Pulse Width 'pll_inst|altpll_component|auto_generated|pll1|clk[2]'
Slack : 4.981
TNS   : 0.000

Type  : Fast 900mV 0C Model Minimum Pulse Width 'pll_inst|altpll_component|auto_generated|pll1|clk[3]'
Slack : 4.981
TNS   : 0.000

Type  : Fast 900mV 0C Model Minimum Pulse Width 'OSC_50_BANK6'
Slack : 9.698
TNS   : 0.000

Type  : Fast 900mV 0C Model Minimum Pulse Width 'altera_reserved_tck'
Slack : 49.089
TNS   : 0.000

------------------------------------------------------------
