------------------------------------------------------------
TimeQuest Timing Analyzer Summary
------------------------------------------------------------

Type  : Slow 900mV 85C Model Setup 'SS_OCT_SOPC_inst|the_pll|the_pll|altpll_component|auto_generated|pll1|clk[0]'
Slack : -3.682
TNS   : -15.167

Type  : Slow 900mV 85C Model Setup 'OSC_50_BANK3'
Slack : -1.831
TNS   : -29.243

Type  : Slow 900mV 85C Model Setup 'ADA_DCO'
Slack : -1.152
TNS   : -516.578

Type  : Slow 900mV 85C Model Setup 'pll_125_ins|altpll_component|auto_generated|pll1|clk[0]'
Slack : -0.457
TNS   : -3.672

Type  : Slow 900mV 85C Model Setup 'SS_OCT_SOPC_inst|the_ddr2|ddr2_controller_phy_inst|ddr2_phy_inst|ddr2_phy_ck_p_M1_DDR2_clk[0]_tDQSS'
Slack : 0.233
TNS   : 0.000

Type  : Slow 900mV 85C Model Setup 'SS_OCT_SOPC_inst|the_ddr2|ddr2_controller_phy_inst|ddr2_phy_inst|ddr2_phy_ck_p_M1_DDR2_clk[1]_tDQSS'
Slack : 0.245
TNS   : 0.000

Type  : Slow 900mV 85C Model Setup 'SS_OCT_SOPC_inst|the_ddr2|ddr2_controller_phy_inst|ddr2_phy_inst|ddr2_phy_ck_n_M1_DDR2_clk_n[0]_tDQSS'
Slack : 0.251
TNS   : 0.000

Type  : Slow 900mV 85C Model Setup 'SS_OCT_SOPC_inst|the_ddr2|ddr2_controller_phy_inst|ddr2_phy_inst|ddr2_phy_ck_n_M1_DDR2_clk_n[1]_tDQSS'
Slack : 0.263
TNS   : 0.000

Type  : Slow 900mV 85C Model Setup 'SS_OCT_SOPC_inst|the_ddr2|ddr2_controller_phy_inst|ddr2_phy_inst|ddr2_phy_alt_mem_phy_inst|clk|half_rate.pll|altpll_component|auto_generated|pll1|clk[6]'
Slack : 0.292
TNS   : 0.000

Type  : Slow 900mV 85C Model Setup 'SS_OCT_SOPC_inst|the_ddr2|ddr2_controller_phy_inst|ddr2_phy_inst|ddr2_phy_ck_p_M1_DDR2_clk[0]_tDSS'
Slack : 0.362
TNS   : 0.000

Type  : Slow 900mV 85C Model Setup 'SS_OCT_SOPC_inst|the_ddr2|ddr2_controller_phy_inst|ddr2_phy_inst|ddr2_phy_ck_p_M1_DDR2_clk[1]_tDSS'
Slack : 0.374
TNS   : 0.000

Type  : Slow 900mV 85C Model Setup 'SS_OCT_SOPC_inst|the_ddr2|ddr2_controller_phy_inst|ddr2_phy_inst|ddr2_phy_ck_n_M1_DDR2_clk_n[0]_tDSS'
Slack : 0.380
TNS   : 0.000

Type  : Slow 900mV 85C Model Setup 'SS_OCT_SOPC_inst|the_ddr2|ddr2_controller_phy_inst|ddr2_phy_inst|ddr2_phy_ck_n_M1_DDR2_clk_n[1]_tDSS'
Slack : 0.392
TNS   : 0.000

Type  : Slow 900mV 85C Model Setup 'SS_OCT_SOPC_inst|the_ddr2|ddr2_controller_phy_inst|ddr2_phy_inst|ddr2_phy_alt_mem_phy_inst|clk|half_rate.pll|altpll_component|auto_generated|pll1|clk[0]'
Slack : 0.409
TNS   : 0.000

Type  : Slow 900mV 85C Model Setup 'SS_OCT_SOPC_inst|the_ddr2|ddr2_controller_phy_inst|ddr2_phy_inst|ddr2_phy_alt_mem_phy_inst|clk|half_rate.pll|altpll_component|auto_generated|pll1|clk[4]'
Slack : 0.526
TNS   : 0.000

Type  : Slow 900mV 85C Model Setup 'SS_OCT_SOPC_inst|the_ddr2|ddr2_controller_phy_inst|ddr2_phy_inst|ddr2_phy_ck_p_M1_DDR2_clk[0]_ac_fall'
Slack : 0.574
TNS   : 0.000

Type  : Slow 900mV 85C Model Setup 'SS_OCT_SOPC_inst|the_ddr2|ddr2_controller_phy_inst|ddr2_phy_inst|ddr2_phy_ck_p_M1_DDR2_clk[0]_ac_rise'
Slack : 0.577
TNS   : 0.000

Type  : Slow 900mV 85C Model Setup 'SS_OCT_SOPC_inst|the_ddr2|ddr2_controller_phy_inst|ddr2_phy_inst|ddr2_phy_ck_p_M1_DDR2_clk[1]_ac_fall'
Slack : 0.586
TNS   : 0.000

Type  : Slow 900mV 85C Model Setup 'SS_OCT_SOPC_inst|the_ddr2|ddr2_controller_phy_inst|ddr2_phy_inst|ddr2_phy_ck_p_M1_DDR2_clk[1]_ac_rise'
Slack : 0.589
TNS   : 0.000

Type  : Slow 900mV 85C Model Setup 'SS_OCT_SOPC_inst|the_ddr2|ddr2_controller_phy_inst|ddr2_phy_inst|ddr2_phy_ck_n_M1_DDR2_clk_n[0]_ac_fall'
Slack : 0.592
TNS   : 0.000

Type  : Slow 900mV 85C Model Setup 'SS_OCT_SOPC_inst|the_ddr2|ddr2_controller_phy_inst|ddr2_phy_inst|ddr2_phy_ck_n_M1_DDR2_clk_n[0]_ac_rise'
Slack : 0.595
TNS   : 0.000

Type  : Slow 900mV 85C Model Setup 'SS_OCT_SOPC_inst|the_ddr2|ddr2_controller_phy_inst|ddr2_phy_inst|ddr2_phy_ck_n_M1_DDR2_clk_n[1]_ac_fall'
Slack : 0.604
TNS   : 0.000

Type  : Slow 900mV 85C Model Setup 'SS_OCT_SOPC_inst|the_ddr2|ddr2_controller_phy_inst|ddr2_phy_inst|ddr2_phy_ck_n_M1_DDR2_clk_n[1]_ac_rise'
Slack : 0.607
TNS   : 0.000

Type  : Slow 900mV 85C Model Setup 'SS_OCT_SOPC_inst|the_ddr2|ddr2_controller_phy_inst|ddr2_phy_inst|ddr2_phy_alt_mem_phy_inst|clk|half_rate.pll|altpll_component|auto_generated|pll1|clk[3]'
Slack : 0.894
TNS   : 0.000

Type  : Slow 900mV 85C Model Setup 'SS_OCT_SOPC_inst|the_ddr2|ddr2_controller_phy_inst|ddr2_phy_inst|ddr2_phy_alt_mem_phy_inst|dpio|ddr_clkdiv_gen.grp_gen[1].slaves_gen[0].clk_div_slave|clkout'
Slack : 1.041
TNS   : 0.000

Type  : Slow 900mV 85C Model Setup 'SS_OCT_SOPC_inst|the_ddr2|ddr2_controller_phy_inst|ddr2_phy_inst|ddr2_phy_alt_mem_phy_inst|dpio|ddr_clkdiv_gen.grp_gen[1].slaves_gen[1].clk_div_slave|clkout'
Slack : 1.041
TNS   : 0.000

Type  : Slow 900mV 85C Model Setup 'SS_OCT_SOPC_inst|the_ddr2|ddr2_controller_phy_inst|ddr2_phy_inst|ddr2_phy_alt_mem_phy_inst|dpio|ddr_clkdiv_gen.grp_gen[3].slaves_gen[0].clk_div_slave|clkout'
Slack : 1.041
TNS   : 0.000

Type  : Slow 900mV 85C Model Setup 'SS_OCT_SOPC_inst|the_ddr2|ddr2_controller_phy_inst|ddr2_phy_inst|ddr2_phy_alt_mem_phy_inst|dpio|ddr_clkdiv_gen.grp_gen[3].slaves_gen[1].clk_div_slave|clkout'
Slack : 1.041
TNS   : 0.000

Type  : Slow 900mV 85C Model Setup 'SS_OCT_SOPC_inst|the_ddr2|ddr2_controller_phy_inst|ddr2_phy_inst|ddr2_phy_alt_mem_phy_inst|dpio|ddr_clkdiv_gen.grp_gen[4].slaves_gen[0].clk_div_slave|clkout'
Slack : 1.041
TNS   : 0.000

Type  : Slow 900mV 85C Model Setup 'SS_OCT_SOPC_inst|the_ddr2|ddr2_controller_phy_inst|ddr2_phy_inst|ddr2_phy_alt_mem_phy_inst|dpio|ddr_clkdiv_gen.grp_gen[4].slaves_gen[1].clk_div_slave|clkout'
Slack : 1.041
TNS   : 0.000

Type  : Slow 900mV 85C Model Setup 'SS_OCT_SOPC_inst|the_ddr2|ddr2_controller_phy_inst|ddr2_phy_inst|ddr2_phy_alt_mem_phy_inst|dpio|ddr_clkdiv_gen.grp_gen[5].slaves_gen[0].clk_div_slave|clkout'
Slack : 1.041
TNS   : 0.000

Type  : Slow 900mV 85C Model Setup 'SS_OCT_SOPC_inst|the_ddr2|ddr2_controller_phy_inst|ddr2_phy_inst|ddr2_phy_alt_mem_phy_inst|dpio|ddr_clkdiv_gen.grp_gen[5].slaves_gen[1].clk_div_slave|clkout'
Slack : 1.041
TNS   : 0.000

Type  : Slow 900mV 85C Model Setup 'SS_OCT_SOPC_inst|the_ddr2|ddr2_controller_phy_inst|ddr2_phy_inst|ddr2_phy_alt_mem_phy_inst|dpio|ddr_clkdiv_gen.grp_gen[7].slaves_gen[0].clk_div_slave|clkout'
Slack : 1.041
TNS   : 0.000

Type  : Slow 900mV 85C Model Setup 'SS_OCT_SOPC_inst|the_ddr2|ddr2_controller_phy_inst|ddr2_phy_inst|ddr2_phy_alt_mem_phy_inst|dpio|ddr_clkdiv_gen.clk_div_master|clkout'
Slack : 1.042
TNS   : 0.000

Type  : Slow 900mV 85C Model Setup 'SS_OCT_SOPC_inst|the_ddr2|ddr2_controller_phy_inst|ddr2_phy_inst|ddr2_phy_alt_mem_phy_inst|dpio|ddr_clkdiv_gen.grp_gen[0].slaves_gen[1].clk_div_slave|clkout'
Slack : 1.042
TNS   : 0.000

Type  : Slow 900mV 85C Model Setup 'SS_OCT_SOPC_inst|the_ddr2|ddr2_controller_phy_inst|ddr2_phy_inst|ddr2_phy_alt_mem_phy_inst|dpio|ddr_clkdiv_gen.grp_gen[2].slaves_gen[0].clk_div_slave|clkout'
Slack : 1.042
TNS   : 0.000

Type  : Slow 900mV 85C Model Setup 'SS_OCT_SOPC_inst|the_ddr2|ddr2_controller_phy_inst|ddr2_phy_inst|ddr2_phy_alt_mem_phy_inst|dpio|ddr_clkdiv_gen.grp_gen[2].slaves_gen[1].clk_div_slave|clkout'
Slack : 1.042
TNS   : 0.000

Type  : Slow 900mV 85C Model Setup 'SS_OCT_SOPC_inst|the_ddr2|ddr2_controller_phy_inst|ddr2_phy_inst|ddr2_phy_alt_mem_phy_inst|dpio|ddr_clkdiv_gen.grp_gen[6].slaves_gen[0].clk_div_slave|clkout'
Slack : 1.042
TNS   : 0.000

Type  : Slow 900mV 85C Model Setup 'SS_OCT_SOPC_inst|the_ddr2|ddr2_controller_phy_inst|ddr2_phy_inst|ddr2_phy_alt_mem_phy_inst|dpio|ddr_clkdiv_gen.grp_gen[6].slaves_gen[1].clk_div_slave|clkout'
Slack : 1.042
TNS   : 0.000

Type  : Slow 900mV 85C Model Setup 'SS_OCT_SOPC_inst|the_ddr2|ddr2_controller_phy_inst|ddr2_phy_inst|ddr2_phy_alt_mem_phy_inst|dpio|ddr_clkdiv_gen.grp_gen[7].slaves_gen[1].clk_div_slave|clkout'
Slack : 1.042
TNS   : 0.000

Type  : Slow 900mV 85C Model Setup 'SS_OCT_SOPC_inst|the_ddr2|ddr2_controller_phy_inst|ddr2_phy_inst|ddr2_phy_alt_mem_phy_inst|clk|half_rate.pll|altpll_component|auto_generated|pll1|clk[1]'
Slack : 1.494
TNS   : 0.000

Type  : Slow 900mV 85C Model Setup 'SS_OCT_SOPC_inst|the_ddr2|ddr2_controller_phy_inst|ddr2_phy_inst|ddr2_phy_alt_mem_phy_inst|clk|half_rate.pll|altpll_component|auto_generated|pll1|clk[5]'
Slack : 2.560
TNS   : 0.000

Type  : Slow 900mV 85C Model Setup 'SS_OCT_SOPC_inst|the_tse_mac|altera_tse_mac_pcs_pma_inst|the_altera_tse_pma_lvds_rx|altlvds_rx_component|auto_generated|rx[0]|clk0'
Slack : 3.273
TNS   : 0.000

Type  : Slow 900mV 85C Model Setup 'SS_OCT_SOPC_inst|the_ddr2|ddr2_controller_phy_inst|ddr2_phy_inst|ddr2_phy_alt_mem_phy_inst|clk|scan_clk|q_clock'
Slack : 8.600
TNS   : 0.000

Type  : Slow 900mV 85C Model Setup 'altera_reserved_tck'
Slack : 43.726
TNS   : 0.000

Type  : Slow 900mV 85C Model Hold 'pll_125_ins|altpll_component|auto_generated|pll1|clk[0]'
Slack : -1.296
TNS   : -8.199

Type  : Slow 900mV 85C Model Hold 'altera_reserved_tck'
Slack : -0.097
TNS   : -0.097

Type  : Slow 900mV 85C Model Hold 'ADA_DCO'
Slack : 0.043
TNS   : 0.000

Type  : Slow 900mV 85C Model Hold 'SS_OCT_SOPC_inst|the_ddr2|ddr2_controller_phy_inst|ddr2_phy_inst|ddr2_phy_alt_mem_phy_inst|dpio|ddr_clkdiv_gen.grp_gen[6].slaves_gen[0].clk_div_slave|clkout'
Slack : 0.088
TNS   : 0.000

Type  : Slow 900mV 85C Model Hold 'SS_OCT_SOPC_inst|the_ddr2|ddr2_controller_phy_inst|ddr2_phy_inst|ddr2_phy_alt_mem_phy_inst|dpio|ddr_clkdiv_gen.grp_gen[4].slaves_gen[0].clk_div_slave|clkout'
Slack : 0.130
TNS   : 0.000

Type  : Slow 900mV 85C Model Hold 'SS_OCT_SOPC_inst|the_ddr2|ddr2_controller_phy_inst|ddr2_phy_inst|ddr2_phy_alt_mem_phy_inst|dpio|ddr_clkdiv_gen.grp_gen[1].slaves_gen[0].clk_div_slave|clkout'
Slack : 0.131
TNS   : 0.000

Type  : Slow 900mV 85C Model Hold 'SS_OCT_SOPC_inst|the_tse_mac|altera_tse_mac_pcs_pma_inst|the_altera_tse_pma_lvds_rx|altlvds_rx_component|auto_generated|rx[0]|clk0'
Slack : 0.134
TNS   : 0.000

Type  : Slow 900mV 85C Model Hold 'SS_OCT_SOPC_inst|the_ddr2|ddr2_controller_phy_inst|ddr2_phy_inst|ddr2_phy_alt_mem_phy_inst|dpio|ddr_clkdiv_gen.clk_div_master|clkout'
Slack : 0.143
TNS   : 0.000

Type  : Slow 900mV 85C Model Hold 'SS_OCT_SOPC_inst|the_ddr2|ddr2_controller_phy_inst|ddr2_phy_inst|ddr2_phy_alt_mem_phy_inst|dpio|ddr_clkdiv_gen.grp_gen[7].slaves_gen[0].clk_div_slave|clkout'
Slack : 0.149
TNS   : 0.000

Type  : Slow 900mV 85C Model Hold 'OSC_50_BANK3'
Slack : 0.162
TNS   : 0.000

Type  : Slow 900mV 85C Model Hold 'SS_OCT_SOPC_inst|the_ddr2|ddr2_controller_phy_inst|ddr2_phy_inst|ddr2_phy_alt_mem_phy_inst|dpio|ddr_clkdiv_gen.grp_gen[5].slaves_gen[0].clk_div_slave|clkout'
Slack : 0.163
TNS   : 0.000

Type  : Slow 900mV 85C Model Hold 'SS_OCT_SOPC_inst|the_ddr2|ddr2_controller_phy_inst|ddr2_phy_inst|ddr2_phy_alt_mem_phy_inst|clk|half_rate.pll|altpll_component|auto_generated|pll1|clk[0]'
Slack : 0.167
TNS   : 0.000

Type  : Slow 900mV 85C Model Hold 'SS_OCT_SOPC_inst|the_ddr2|ddr2_controller_phy_inst|ddr2_phy_inst|ddr2_phy_alt_mem_phy_inst|dpio|ddr_clkdiv_gen.grp_gen[3].slaves_gen[0].clk_div_slave|clkout'
Slack : 0.172
TNS   : 0.000

Type  : Slow 900mV 85C Model Hold 'SS_OCT_SOPC_inst|the_ddr2|ddr2_controller_phy_inst|ddr2_phy_inst|ddr2_phy_alt_mem_phy_inst|dpio|ddr_clkdiv_gen.grp_gen[2].slaves_gen[0].clk_div_slave|clkout'
Slack : 0.183
TNS   : 0.000

Type  : Slow 900mV 85C Model Hold 'SS_OCT_SOPC_inst|the_pll|the_pll|altpll_component|auto_generated|pll1|clk[0]'
Slack : 0.236
TNS   : 0.000

Type  : Slow 900mV 85C Model Hold 'SS_OCT_SOPC_inst|the_ddr2|ddr2_controller_phy_inst|ddr2_phy_inst|ddr2_phy_alt_mem_phy_inst|clk|half_rate.pll|altpll_component|auto_generated|pll1|clk[6]'
Slack : 0.244
TNS   : 0.000

Type  : Slow 900mV 85C Model Hold 'SS_OCT_SOPC_inst|the_ddr2|ddr2_controller_phy_inst|ddr2_phy_inst|ddr2_phy_alt_mem_phy_inst|clk|half_rate.pll|altpll_component|auto_generated|pll1|clk[5]'
Slack : 0.252
TNS   : 0.000

Type  : Slow 900mV 85C Model Hold 'SS_OCT_SOPC_inst|the_ddr2|ddr2_controller_phy_inst|ddr2_phy_inst|ddr2_phy_alt_mem_phy_inst|clk|scan_clk|q_clock'
Slack : 0.303
TNS   : 0.000

Type  : Slow 900mV 85C Model Hold 'SS_OCT_SOPC_inst|the_ddr2|ddr2_controller_phy_inst|ddr2_phy_inst|ddr2_phy_ck_n_M1_DDR2_clk_n[1]_tDQSS'
Slack : 0.440
TNS   : 0.000

Type  : Slow 900mV 85C Model Hold 'SS_OCT_SOPC_inst|the_ddr2|ddr2_controller_phy_inst|ddr2_phy_inst|ddr2_phy_ck_n_M1_DDR2_clk_n[0]_tDQSS'
Slack : 0.452
TNS   : 0.000

Type  : Slow 900mV 85C Model Hold 'SS_OCT_SOPC_inst|the_ddr2|ddr2_controller_phy_inst|ddr2_phy_inst|ddr2_phy_ck_p_M1_DDR2_clk[1]_tDQSS'
Slack : 0.487
TNS   : 0.000

Type  : Slow 900mV 85C Model Hold 'SS_OCT_SOPC_inst|the_ddr2|ddr2_controller_phy_inst|ddr2_phy_inst|ddr2_phy_ck_p_M1_DDR2_clk[0]_tDQSS'
Slack : 0.499
TNS   : 0.000

Type  : Slow 900mV 85C Model Hold 'SS_OCT_SOPC_inst|the_ddr2|ddr2_controller_phy_inst|ddr2_phy_inst|ddr2_phy_alt_mem_phy_inst|clk|half_rate.pll|altpll_component|auto_generated|pll1|clk[1]'
Slack : 0.515
TNS   : 0.000

Type  : Slow 900mV 85C Model Hold 'SS_OCT_SOPC_inst|the_ddr2|ddr2_controller_phy_inst|ddr2_phy_inst|ddr2_phy_ck_n_M1_DDR2_clk_n[1]_ac_fall'
Slack : 0.559
TNS   : 0.000

Type  : Slow 900mV 85C Model Hold 'SS_OCT_SOPC_inst|the_ddr2|ddr2_controller_phy_inst|ddr2_phy_inst|ddr2_phy_ck_n_M1_DDR2_clk_n[1]_ac_rise'
Slack : 0.568
TNS   : 0.000

Type  : Slow 900mV 85C Model Hold 'SS_OCT_SOPC_inst|the_ddr2|ddr2_controller_phy_inst|ddr2_phy_inst|ddr2_phy_ck_n_M1_DDR2_clk_n[1]_tDSS'
Slack : 0.568
TNS   : 0.000

Type  : Slow 900mV 85C Model Hold 'SS_OCT_SOPC_inst|the_ddr2|ddr2_controller_phy_inst|ddr2_phy_inst|ddr2_phy_ck_n_M1_DDR2_clk_n[0]_ac_fall'
Slack : 0.571
TNS   : 0.000

Type  : Slow 900mV 85C Model Hold 'SS_OCT_SOPC_inst|the_ddr2|ddr2_controller_phy_inst|ddr2_phy_inst|ddr2_phy_ck_n_M1_DDR2_clk_n[0]_ac_rise'
Slack : 0.580
TNS   : 0.000

Type  : Slow 900mV 85C Model Hold 'SS_OCT_SOPC_inst|the_ddr2|ddr2_controller_phy_inst|ddr2_phy_inst|ddr2_phy_ck_n_M1_DDR2_clk_n[0]_tDSS'
Slack : 0.580
TNS   : 0.000

Type  : Slow 900mV 85C Model Hold 'SS_OCT_SOPC_inst|the_ddr2|ddr2_controller_phy_inst|ddr2_phy_inst|ddr2_phy_ck_p_M1_DDR2_clk[1]_ac_fall'
Slack : 0.606
TNS   : 0.000

Type  : Slow 900mV 85C Model Hold 'SS_OCT_SOPC_inst|the_ddr2|ddr2_controller_phy_inst|ddr2_phy_inst|ddr2_phy_ck_p_M1_DDR2_clk[1]_ac_rise'
Slack : 0.615
TNS   : 0.000

Type  : Slow 900mV 85C Model Hold 'SS_OCT_SOPC_inst|the_ddr2|ddr2_controller_phy_inst|ddr2_phy_inst|ddr2_phy_ck_p_M1_DDR2_clk[1]_tDSS'
Slack : 0.615
TNS   : 0.000

Type  : Slow 900mV 85C Model Hold 'SS_OCT_SOPC_inst|the_ddr2|ddr2_controller_phy_inst|ddr2_phy_inst|ddr2_phy_ck_p_M1_DDR2_clk[0]_ac_fall'
Slack : 0.618
TNS   : 0.000

Type  : Slow 900mV 85C Model Hold 'SS_OCT_SOPC_inst|the_ddr2|ddr2_controller_phy_inst|ddr2_phy_inst|ddr2_phy_ck_p_M1_DDR2_clk[0]_ac_rise'
Slack : 0.627
TNS   : 0.000

Type  : Slow 900mV 85C Model Hold 'SS_OCT_SOPC_inst|the_ddr2|ddr2_controller_phy_inst|ddr2_phy_inst|ddr2_phy_ck_p_M1_DDR2_clk[0]_tDSS'
Slack : 0.627
TNS   : 0.000

Type  : Slow 900mV 85C Model Hold 'SS_OCT_SOPC_inst|the_ddr2|ddr2_controller_phy_inst|ddr2_phy_inst|ddr2_phy_alt_mem_phy_inst|dpio|ddr_clkdiv_gen.grp_gen[7].slaves_gen[1].clk_div_slave|clkout'
Slack : 1.060
TNS   : 0.000

Type  : Slow 900mV 85C Model Hold 'SS_OCT_SOPC_inst|the_ddr2|ddr2_controller_phy_inst|ddr2_phy_inst|ddr2_phy_alt_mem_phy_inst|dpio|ddr_clkdiv_gen.grp_gen[1].slaves_gen[1].clk_div_slave|clkout'
Slack : 1.061
TNS   : 0.000

Type  : Slow 900mV 85C Model Hold 'SS_OCT_SOPC_inst|the_ddr2|ddr2_controller_phy_inst|ddr2_phy_inst|ddr2_phy_alt_mem_phy_inst|dpio|ddr_clkdiv_gen.grp_gen[3].slaves_gen[1].clk_div_slave|clkout'
Slack : 1.061
TNS   : 0.000

Type  : Slow 900mV 85C Model Hold 'SS_OCT_SOPC_inst|the_ddr2|ddr2_controller_phy_inst|ddr2_phy_inst|ddr2_phy_alt_mem_phy_inst|dpio|ddr_clkdiv_gen.grp_gen[4].slaves_gen[1].clk_div_slave|clkout'
Slack : 1.061
TNS   : 0.000

Type  : Slow 900mV 85C Model Hold 'SS_OCT_SOPC_inst|the_ddr2|ddr2_controller_phy_inst|ddr2_phy_inst|ddr2_phy_alt_mem_phy_inst|dpio|ddr_clkdiv_gen.grp_gen[5].slaves_gen[1].clk_div_slave|clkout'
Slack : 1.061
TNS   : 0.000

Type  : Slow 900mV 85C Model Hold 'SS_OCT_SOPC_inst|the_ddr2|ddr2_controller_phy_inst|ddr2_phy_inst|ddr2_phy_alt_mem_phy_inst|dpio|ddr_clkdiv_gen.grp_gen[6].slaves_gen[1].clk_div_slave|clkout'
Slack : 1.061
TNS   : 0.000

Type  : Slow 900mV 85C Model Hold 'SS_OCT_SOPC_inst|the_ddr2|ddr2_controller_phy_inst|ddr2_phy_inst|ddr2_phy_alt_mem_phy_inst|dpio|ddr_clkdiv_gen.grp_gen[0].slaves_gen[1].clk_div_slave|clkout'
Slack : 1.062
TNS   : 0.000

Type  : Slow 900mV 85C Model Hold 'SS_OCT_SOPC_inst|the_ddr2|ddr2_controller_phy_inst|ddr2_phy_inst|ddr2_phy_alt_mem_phy_inst|dpio|ddr_clkdiv_gen.grp_gen[2].slaves_gen[1].clk_div_slave|clkout'
Slack : 1.062
TNS   : 0.000

Type  : Slow 900mV 85C Model Hold 'SS_OCT_SOPC_inst|the_ddr2|ddr2_controller_phy_inst|ddr2_phy_inst|ddr2_phy_alt_mem_phy_inst|clk|half_rate.pll|altpll_component|auto_generated|pll1|clk[3]'
Slack : 1.157
TNS   : 0.000

Type  : Slow 900mV 85C Model Hold 'SS_OCT_SOPC_inst|the_ddr2|ddr2_controller_phy_inst|ddr2_phy_inst|ddr2_phy_alt_mem_phy_inst|clk|half_rate.pll|altpll_component|auto_generated|pll1|clk[4]'
Slack : 1.657
TNS   : 0.000

Type  : Slow 900mV 85C Model Recovery 'pll_125_ins|altpll_component|auto_generated|pll1|clk[0]'
Slack : 0.132
TNS   : 0.000

Type  : Slow 900mV 85C Model Recovery 'SS_OCT_SOPC_inst|the_ddr2|ddr2_controller_phy_inst|ddr2_phy_inst|ddr2_phy_alt_mem_phy_inst|clk|half_rate.pll|altpll_component|auto_generated|pll1|clk[0]'
Slack : 0.169
TNS   : 0.000

Type  : Slow 900mV 85C Model Recovery 'SS_OCT_SOPC_inst|the_pll|the_pll|altpll_component|auto_generated|pll1|clk[0]'
Slack : 0.540
TNS   : 0.000

Type  : Slow 900mV 85C Model Recovery 'SS_OCT_SOPC_inst|the_ddr2|ddr2_controller_phy_inst|ddr2_phy_inst|ddr2_phy_alt_mem_phy_inst|dpio|ddr_clkdiv_gen.grp_gen[7].slaves_gen[0].clk_div_slave|clkout'
Slack : 1.208
TNS   : 0.000

Type  : Slow 900mV 85C Model Recovery 'SS_OCT_SOPC_inst|the_ddr2|ddr2_controller_phy_inst|ddr2_phy_inst|ddr2_phy_alt_mem_phy_inst|dpio|ddr_clkdiv_gen.grp_gen[4].slaves_gen[0].clk_div_slave|clkout'
Slack : 1.425
TNS   : 0.000

Type  : Slow 900mV 85C Model Recovery 'SS_OCT_SOPC_inst|the_ddr2|ddr2_controller_phy_inst|ddr2_phy_inst|ddr2_phy_alt_mem_phy_inst|dpio|ddr_clkdiv_gen.grp_gen[5].slaves_gen[0].clk_div_slave|clkout'
Slack : 1.606
TNS   : 0.000

Type  : Slow 900mV 85C Model Recovery 'SS_OCT_SOPC_inst|the_ddr2|ddr2_controller_phy_inst|ddr2_phy_inst|ddr2_phy_alt_mem_phy_inst|dpio|ddr_clkdiv_gen.grp_gen[6].slaves_gen[0].clk_div_slave|clkout'
Slack : 1.675
TNS   : 0.000

Type  : Slow 900mV 85C Model Recovery 'SS_OCT_SOPC_inst|the_ddr2|ddr2_controller_phy_inst|ddr2_phy_inst|ddr2_phy_alt_mem_phy_inst|dpio|ddr_clkdiv_gen.grp_gen[2].slaves_gen[0].clk_div_slave|clkout'
Slack : 2.467
TNS   : 0.000

Type  : Slow 900mV 85C Model Recovery 'SS_OCT_SOPC_inst|the_ddr2|ddr2_controller_phy_inst|ddr2_phy_inst|ddr2_phy_alt_mem_phy_inst|dpio|ddr_clkdiv_gen.grp_gen[3].slaves_gen[0].clk_div_slave|clkout'
Slack : 2.712
TNS   : 0.000

Type  : Slow 900mV 85C Model Recovery 'SS_OCT_SOPC_inst|the_ddr2|ddr2_controller_phy_inst|ddr2_phy_inst|ddr2_phy_alt_mem_phy_inst|clk|half_rate.pll|altpll_component|auto_generated|pll1|clk[6]'
Slack : 3.033
TNS   : 0.000

Type  : Slow 900mV 85C Model Recovery 'SS_OCT_SOPC_inst|the_ddr2|ddr2_controller_phy_inst|ddr2_phy_inst|ddr2_phy_alt_mem_phy_inst|dpio|ddr_clkdiv_gen.grp_gen[1].slaves_gen[0].clk_div_slave|clkout'
Slack : 3.230
TNS   : 0.000

Type  : Slow 900mV 85C Model Recovery 'SS_OCT_SOPC_inst|the_ddr2|ddr2_controller_phy_inst|ddr2_phy_inst|ddr2_phy_alt_mem_phy_inst|dpio|ddr_clkdiv_gen.clk_div_master|clkout'
Slack : 3.815
TNS   : 0.000

Type  : Slow 900mV 85C Model Recovery 'SS_OCT_SOPC_inst|the_ddr2|ddr2_controller_phy_inst|ddr2_phy_inst|ddr2_phy_alt_mem_phy_inst|clk|half_rate.pll|altpll_component|auto_generated|pll1|clk[5]'
Slack : 4.141
TNS   : 0.000

Type  : Slow 900mV 85C Model Recovery 'OSC_50_BANK3'
Slack : 5.267
TNS   : 0.000

Type  : Slow 900mV 85C Model Recovery 'SS_OCT_SOPC_inst|the_ddr2|ddr2_controller_phy_inst|ddr2_phy_inst|ddr2_phy_alt_mem_phy_inst|clk|scan_clk|q_clock'
Slack : 19.127
TNS   : 0.000

Type  : Slow 900mV 85C Model Recovery 'altera_reserved_tck'
Slack : 45.754
TNS   : 0.000

Type  : Slow 900mV 85C Model Removal 'altera_reserved_tck'
Slack : -1.344
TNS   : -1.344

Type  : Slow 900mV 85C Model Removal 'pll_125_ins|altpll_component|auto_generated|pll1|clk[0]'
Slack : -0.196
TNS   : -185.491

Type  : Slow 900mV 85C Model Removal 'SS_OCT_SOPC_inst|the_ddr2|ddr2_controller_phy_inst|ddr2_phy_inst|ddr2_phy_alt_mem_phy_inst|clk|half_rate.pll|altpll_component|auto_generated|pll1|clk[0]'
Slack : 0.287
TNS   : 0.000

Type  : Slow 900mV 85C Model Removal 'OSC_50_BANK3'
Slack : 0.325
TNS   : 0.000

Type  : Slow 900mV 85C Model Removal 'SS_OCT_SOPC_inst|the_pll|the_pll|altpll_component|auto_generated|pll1|clk[0]'
Slack : 0.431
TNS   : 0.000

Type  : Slow 900mV 85C Model Removal 'SS_OCT_SOPC_inst|the_ddr2|ddr2_controller_phy_inst|ddr2_phy_inst|ddr2_phy_alt_mem_phy_inst|clk|half_rate.pll|altpll_component|auto_generated|pll1|clk[5]'
Slack : 0.440
TNS   : 0.000

Type  : Slow 900mV 85C Model Removal 'SS_OCT_SOPC_inst|the_ddr2|ddr2_controller_phy_inst|ddr2_phy_inst|ddr2_phy_alt_mem_phy_inst|clk|scan_clk|q_clock'
Slack : 0.495
TNS   : 0.000

Type  : Slow 900mV 85C Model Removal 'SS_OCT_SOPC_inst|the_ddr2|ddr2_controller_phy_inst|ddr2_phy_inst|ddr2_phy_alt_mem_phy_inst|dpio|ddr_clkdiv_gen.grp_gen[1].slaves_gen[0].clk_div_slave|clkout'
Slack : 0.501
TNS   : 0.000

Type  : Slow 900mV 85C Model Removal 'SS_OCT_SOPC_inst|the_ddr2|ddr2_controller_phy_inst|ddr2_phy_inst|ddr2_phy_alt_mem_phy_inst|dpio|ddr_clkdiv_gen.grp_gen[6].slaves_gen[0].clk_div_slave|clkout'
Slack : 0.534
TNS   : 0.000

Type  : Slow 900mV 85C Model Removal 'SS_OCT_SOPC_inst|the_ddr2|ddr2_controller_phy_inst|ddr2_phy_inst|ddr2_phy_alt_mem_phy_inst|dpio|ddr_clkdiv_gen.grp_gen[7].slaves_gen[0].clk_div_slave|clkout'
Slack : 0.601
TNS   : 0.000

Type  : Slow 900mV 85C Model Removal 'SS_OCT_SOPC_inst|the_ddr2|ddr2_controller_phy_inst|ddr2_phy_inst|ddr2_phy_alt_mem_phy_inst|dpio|ddr_clkdiv_gen.grp_gen[3].slaves_gen[0].clk_div_slave|clkout'
Slack : 0.649
TNS   : 0.000

Type  : Slow 900mV 85C Model Removal 'SS_OCT_SOPC_inst|the_ddr2|ddr2_controller_phy_inst|ddr2_phy_inst|ddr2_phy_alt_mem_phy_inst|dpio|ddr_clkdiv_gen.clk_div_master|clkout'
Slack : 0.661
TNS   : 0.000

Type  : Slow 900mV 85C Model Removal 'SS_OCT_SOPC_inst|the_ddr2|ddr2_controller_phy_inst|ddr2_phy_inst|ddr2_phy_alt_mem_phy_inst|dpio|ddr_clkdiv_gen.grp_gen[2].slaves_gen[0].clk_div_slave|clkout'
Slack : 0.712
TNS   : 0.000

Type  : Slow 900mV 85C Model Removal 'SS_OCT_SOPC_inst|the_ddr2|ddr2_controller_phy_inst|ddr2_phy_inst|ddr2_phy_alt_mem_phy_inst|dpio|ddr_clkdiv_gen.grp_gen[5].slaves_gen[0].clk_div_slave|clkout'
Slack : 0.747
TNS   : 0.000

Type  : Slow 900mV 85C Model Removal 'SS_OCT_SOPC_inst|the_ddr2|ddr2_controller_phy_inst|ddr2_phy_inst|ddr2_phy_alt_mem_phy_inst|clk|half_rate.pll|altpll_component|auto_generated|pll1|clk[6]'
Slack : 0.812
TNS   : 0.000

Type  : Slow 900mV 85C Model Removal 'SS_OCT_SOPC_inst|the_ddr2|ddr2_controller_phy_inst|ddr2_phy_inst|ddr2_phy_alt_mem_phy_inst|dpio|ddr_clkdiv_gen.grp_gen[4].slaves_gen[0].clk_div_slave|clkout'
Slack : 0.975
TNS   : 0.000

Type  : Slow 900mV 85C Model Minimum Pulse Width 'altera_reserved_tck'
Slack : 0.000
TNS   : 0.000

Type  : Slow 900mV 85C Model Minimum Pulse Width 'SS_OCT_SOPC_inst|the_tse_mac|altera_tse_mac_pcs_pma_inst|the_altera_tse_pma_lvds_rx|altlvds_rx_component|auto_generated|pll|clk[0]'
Slack : 0.113
TNS   : 0.000

Type  : Slow 900mV 85C Model Minimum Pulse Width 'SS_OCT_SOPC_inst|the_ddr2|ddr2_controller_phy_inst|ddr2_phy_inst|ddr2_phy_alt_mem_phy_inst|clk|half_rate.pll|altpll_component|auto_generated|pll1|clk[1]'
Slack : 0.500
TNS   : 0.000

Type  : Slow 900mV 85C Model Minimum Pulse Width 'SS_OCT_SOPC_inst|the_ddr2|ddr2_controller_phy_inst|ddr2_phy_inst|ddr2_phy_alt_mem_phy_inst|clk|half_rate.pll|altpll_component|auto_generated|pll1|clk[3]'
Slack : 0.511
TNS   : 0.000

Type  : Slow 900mV 85C Model Minimum Pulse Width 'SS_OCT_SOPC_inst|the_ddr2|ddr2_controller_phy_inst|ddr2_phy_inst|ddr2_phy_alt_mem_phy_inst|clk|half_rate.pll|altpll_component|auto_generated|pll1|clk[4]'
Slack : 0.708
TNS   : 0.000

Type  : Slow 900mV 85C Model Minimum Pulse Width 'SS_OCT_SOPC_inst|the_ddr2|ddr2_controller_phy_inst|ddr2_phy_inst|ddr2_phy_alt_mem_phy_inst|dpio|ddr_clkdiv_gen.grp_gen[1].slaves_gen[0].clk_div_slave|clkout'
Slack : 1.692
TNS   : 0.000

Type  : Slow 900mV 85C Model Minimum Pulse Width 'SS_OCT_SOPC_inst|the_ddr2|ddr2_controller_phy_inst|ddr2_phy_inst|ddr2_phy_alt_mem_phy_inst|dpio|ddr_clkdiv_gen.grp_gen[3].slaves_gen[0].clk_div_slave|clkout'
Slack : 1.692
TNS   : 0.000

Type  : Slow 900mV 85C Model Minimum Pulse Width 'SS_OCT_SOPC_inst|the_ddr2|ddr2_controller_phy_inst|ddr2_phy_inst|ddr2_phy_alt_mem_phy_inst|dpio|ddr_clkdiv_gen.clk_div_master|clkout'
Slack : 1.693
TNS   : 0.000

Type  : Slow 900mV 85C Model Minimum Pulse Width 'SS_OCT_SOPC_inst|the_ddr2|ddr2_controller_phy_inst|ddr2_phy_inst|ddr2_phy_alt_mem_phy_inst|dpio|ddr_clkdiv_gen.grp_gen[2].slaves_gen[0].clk_div_slave|clkout'
Slack : 1.693
TNS   : 0.000

Type  : Slow 900mV 85C Model Minimum Pulse Width 'SS_OCT_SOPC_inst|the_ddr2|ddr2_controller_phy_inst|ddr2_phy_inst|ddr2_phy_alt_mem_phy_inst|dpio|ddr_clkdiv_gen.grp_gen[4].slaves_gen[0].clk_div_slave|clkout'
Slack : 1.693
TNS   : 0.000

Type  : Slow 900mV 85C Model Minimum Pulse Width 'SS_OCT_SOPC_inst|the_ddr2|ddr2_controller_phy_inst|ddr2_phy_inst|ddr2_phy_alt_mem_phy_inst|dpio|ddr_clkdiv_gen.grp_gen[5].slaves_gen[0].clk_div_slave|clkout'
Slack : 1.693
TNS   : 0.000

Type  : Slow 900mV 85C Model Minimum Pulse Width 'SS_OCT_SOPC_inst|the_ddr2|ddr2_controller_phy_inst|ddr2_phy_inst|ddr2_phy_alt_mem_phy_inst|dpio|ddr_clkdiv_gen.grp_gen[6].slaves_gen[0].clk_div_slave|clkout'
Slack : 1.693
TNS   : 0.000

Type  : Slow 900mV 85C Model Minimum Pulse Width 'SS_OCT_SOPC_inst|the_ddr2|ddr2_controller_phy_inst|ddr2_phy_inst|ddr2_phy_alt_mem_phy_inst|dpio|ddr_clkdiv_gen.grp_gen[7].slaves_gen[0].clk_div_slave|clkout'
Slack : 1.693
TNS   : 0.000

Type  : Slow 900mV 85C Model Minimum Pulse Width 'SS_OCT_SOPC_inst|the_ddr2|ddr2_controller_phy_inst|ddr2_phy_inst|ddr2_phy_alt_mem_phy_inst|clk|half_rate.pll|altpll_component|auto_generated|pll1|clk[0]'
Slack : 1.718
TNS   : 0.000

Type  : Slow 900mV 85C Model Minimum Pulse Width 'SS_OCT_SOPC_inst|the_ddr2|ddr2_controller_phy_inst|ddr2_phy_inst|ddr2_phy_alt_mem_phy_inst|clk|half_rate.pll|altpll_component|auto_generated|pll1|clk[6]'
Slack : 1.759
TNS   : 0.000

Type  : Slow 900mV 85C Model Minimum Pulse Width 'SS_OCT_SOPC_inst|the_ddr2|ddr2_controller_phy_inst|ddr2_phy_inst|ddr2_phy_alt_mem_phy_inst|clk|half_rate.pll|altpll_component|auto_generated|pll1|clk[5]'
Slack : 1.863
TNS   : 0.000

Type  : Slow 900mV 85C Model Minimum Pulse Width 'SS_OCT_SOPC_inst|the_ddr2|ddr2_controller_phy_inst|ddr2_phy_inst|ddr2_phy_alt_mem_phy_inst|dpio|ddr_clkdiv_gen.grp_gen[1].slaves_gen[1].clk_div_slave|clkout'
Slack : 2.348
TNS   : 0.000

Type  : Slow 900mV 85C Model Minimum Pulse Width 'SS_OCT_SOPC_inst|the_ddr2|ddr2_controller_phy_inst|ddr2_phy_inst|ddr2_phy_alt_mem_phy_inst|dpio|ddr_clkdiv_gen.grp_gen[3].slaves_gen[1].clk_div_slave|clkout'
Slack : 2.348
TNS   : 0.000

Type  : Slow 900mV 85C Model Minimum Pulse Width 'SS_OCT_SOPC_inst|the_ddr2|ddr2_controller_phy_inst|ddr2_phy_inst|ddr2_phy_alt_mem_phy_inst|dpio|ddr_clkdiv_gen.grp_gen[0].slaves_gen[1].clk_div_slave|clkout'
Slack : 2.349
TNS   : 0.000

Type  : Slow 900mV 85C Model Minimum Pulse Width 'SS_OCT_SOPC_inst|the_ddr2|ddr2_controller_phy_inst|ddr2_phy_inst|ddr2_phy_alt_mem_phy_inst|dpio|ddr_clkdiv_gen.grp_gen[2].slaves_gen[1].clk_div_slave|clkout'
Slack : 2.349
TNS   : 0.000

Type  : Slow 900mV 85C Model Minimum Pulse Width 'SS_OCT_SOPC_inst|the_ddr2|ddr2_controller_phy_inst|ddr2_phy_inst|ddr2_phy_alt_mem_phy_inst|dpio|ddr_clkdiv_gen.grp_gen[4].slaves_gen[1].clk_div_slave|clkout'
Slack : 2.349
TNS   : 0.000

Type  : Slow 900mV 85C Model Minimum Pulse Width 'SS_OCT_SOPC_inst|the_ddr2|ddr2_controller_phy_inst|ddr2_phy_inst|ddr2_phy_alt_mem_phy_inst|dpio|ddr_clkdiv_gen.grp_gen[5].slaves_gen[1].clk_div_slave|clkout'
Slack : 2.349
TNS   : 0.000

Type  : Slow 900mV 85C Model Minimum Pulse Width 'SS_OCT_SOPC_inst|the_ddr2|ddr2_controller_phy_inst|ddr2_phy_inst|ddr2_phy_alt_mem_phy_inst|dpio|ddr_clkdiv_gen.grp_gen[6].slaves_gen[1].clk_div_slave|clkout'
Slack : 2.349
TNS   : 0.000

Type  : Slow 900mV 85C Model Minimum Pulse Width 'SS_OCT_SOPC_inst|the_ddr2|ddr2_controller_phy_inst|ddr2_phy_inst|ddr2_phy_alt_mem_phy_inst|dpio|ddr_clkdiv_gen.grp_gen[7].slaves_gen[1].clk_div_slave|clkout'
Slack : 2.349
TNS   : 0.000

Type  : Slow 900mV 85C Model Minimum Pulse Width 'SS_OCT_SOPC_inst|the_pll|the_pll|altpll_component|auto_generated|pll1|clk[0]'
Slack : 2.537
TNS   : 0.000

Type  : Slow 900mV 85C Model Minimum Pulse Width 'ADA_DCO'
Slack : 2.563
TNS   : 0.000

Type  : Slow 900mV 85C Model Minimum Pulse Width 'SS_OCT_SOPC_inst|the_tse_mac|altera_tse_mac_pcs_pma_inst|the_altera_tse_pma_lvds_rx|altlvds_rx_component|auto_generated|rx[0]|clk0'
Slack : 3.073
TNS   : 0.000

Type  : Slow 900mV 85C Model Minimum Pulse Width 'pll_125_ins|altpll_component|auto_generated|pll1|clk[0]'
Slack : 3.205
TNS   : 0.000

Type  : Slow 900mV 85C Model Minimum Pulse Width 'OSC_50_BANK3'
Slack : 8.951
TNS   : 0.000

Type  : Slow 900mV 85C Model Minimum Pulse Width 'SS_OCT_SOPC_inst|the_ddr2|ddr2_controller_phy_inst|ddr2_phy_inst|ddr2_phy_alt_mem_phy_inst|clk|scan_clk|q_clock'
Slack : 8.961
TNS   : 0.000

Type  : Slow 900mV 0C Model Setup 'SS_OCT_SOPC_inst|the_pll|the_pll|altpll_component|auto_generated|pll1|clk[0]'
Slack : -3.481
TNS   : -11.988

Type  : Slow 900mV 0C Model Setup 'OSC_50_BANK3'
Slack : -1.802
TNS   : -28.776

Type  : Slow 900mV 0C Model Setup 'ADA_DCO'
Slack : -1.087
TNS   : -487.865

Type  : Slow 900mV 0C Model Setup 'pll_125_ins|altpll_component|auto_generated|pll1|clk[0]'
Slack : -0.391
TNS   : -2.601

Type  : Slow 900mV 0C Model Setup 'SS_OCT_SOPC_inst|the_ddr2|ddr2_controller_phy_inst|ddr2_phy_inst|ddr2_phy_ck_p_M1_DDR2_clk[0]_tDQSS'
Slack : 0.275
TNS   : 0.000

Type  : Slow 900mV 0C Model Setup 'SS_OCT_SOPC_inst|the_ddr2|ddr2_controller_phy_inst|ddr2_phy_inst|ddr2_phy_ck_p_M1_DDR2_clk[1]_tDQSS'
Slack : 0.285
TNS   : 0.000

Type  : Slow 900mV 0C Model Setup 'SS_OCT_SOPC_inst|the_ddr2|ddr2_controller_phy_inst|ddr2_phy_inst|ddr2_phy_ck_n_M1_DDR2_clk_n[0]_tDQSS'
Slack : 0.288
TNS   : 0.000

Type  : Slow 900mV 0C Model Setup 'SS_OCT_SOPC_inst|the_ddr2|ddr2_controller_phy_inst|ddr2_phy_inst|ddr2_phy_ck_n_M1_DDR2_clk_n[1]_tDQSS'
Slack : 0.299
TNS   : 0.000

Type  : Slow 900mV 0C Model Setup 'SS_OCT_SOPC_inst|the_ddr2|ddr2_controller_phy_inst|ddr2_phy_inst|ddr2_phy_ck_p_M1_DDR2_clk[0]_tDSS'
Slack : 0.388
TNS   : 0.000

Type  : Slow 900mV 0C Model Setup 'SS_OCT_SOPC_inst|the_ddr2|ddr2_controller_phy_inst|ddr2_phy_inst|ddr2_phy_ck_p_M1_DDR2_clk[1]_tDSS'
Slack : 0.398
TNS   : 0.000

Type  : Slow 900mV 0C Model Setup 'SS_OCT_SOPC_inst|the_ddr2|ddr2_controller_phy_inst|ddr2_phy_inst|ddr2_phy_ck_n_M1_DDR2_clk_n[0]_tDSS'
Slack : 0.401
TNS   : 0.000

Type  : Slow 900mV 0C Model Setup 'SS_OCT_SOPC_inst|the_ddr2|ddr2_controller_phy_inst|ddr2_phy_inst|ddr2_phy_ck_n_M1_DDR2_clk_n[1]_tDSS'
Slack : 0.412
TNS   : 0.000

Type  : Slow 900mV 0C Model Setup 'SS_OCT_SOPC_inst|the_ddr2|ddr2_controller_phy_inst|ddr2_phy_inst|ddr2_phy_alt_mem_phy_inst|clk|half_rate.pll|altpll_component|auto_generated|pll1|clk[6]'
Slack : 0.416
TNS   : 0.000

Type  : Slow 900mV 0C Model Setup 'SS_OCT_SOPC_inst|the_ddr2|ddr2_controller_phy_inst|ddr2_phy_inst|ddr2_phy_alt_mem_phy_inst|clk|half_rate.pll|altpll_component|auto_generated|pll1|clk[4]'
Slack : 0.543
TNS   : 0.000

Type  : Slow 900mV 0C Model Setup 'SS_OCT_SOPC_inst|the_ddr2|ddr2_controller_phy_inst|ddr2_phy_inst|ddr2_phy_ck_p_M1_DDR2_clk[0]_ac_fall'
Slack : 0.627
TNS   : 0.000

Type  : Slow 900mV 0C Model Setup 'SS_OCT_SOPC_inst|the_ddr2|ddr2_controller_phy_inst|ddr2_phy_inst|ddr2_phy_alt_mem_phy_inst|clk|half_rate.pll|altpll_component|auto_generated|pll1|clk[0]'
Slack : 0.634
TNS   : 0.000

Type  : Slow 900mV 0C Model Setup 'SS_OCT_SOPC_inst|the_ddr2|ddr2_controller_phy_inst|ddr2_phy_inst|ddr2_phy_ck_p_M1_DDR2_clk[1]_ac_fall'
Slack : 0.637
TNS   : 0.000

Type  : Slow 900mV 0C Model Setup 'SS_OCT_SOPC_inst|the_ddr2|ddr2_controller_phy_inst|ddr2_phy_inst|ddr2_phy_ck_n_M1_DDR2_clk_n[0]_ac_fall'
Slack : 0.640
TNS   : 0.000

Type  : Slow 900mV 0C Model Setup 'SS_OCT_SOPC_inst|the_ddr2|ddr2_controller_phy_inst|ddr2_phy_inst|ddr2_phy_ck_p_M1_DDR2_clk[0]_ac_rise'
Slack : 0.645
TNS   : 0.000

Type  : Slow 900mV 0C Model Setup 'SS_OCT_SOPC_inst|the_ddr2|ddr2_controller_phy_inst|ddr2_phy_inst|ddr2_phy_ck_n_M1_DDR2_clk_n[1]_ac_fall'
Slack : 0.651
TNS   : 0.000

Type  : Slow 900mV 0C Model Setup 'SS_OCT_SOPC_inst|the_ddr2|ddr2_controller_phy_inst|ddr2_phy_inst|ddr2_phy_ck_p_M1_DDR2_clk[1]_ac_rise'
Slack : 0.655
TNS   : 0.000

Type  : Slow 900mV 0C Model Setup 'SS_OCT_SOPC_inst|the_ddr2|ddr2_controller_phy_inst|ddr2_phy_inst|ddr2_phy_ck_n_M1_DDR2_clk_n[0]_ac_rise'
Slack : 0.658
TNS   : 0.000

Type  : Slow 900mV 0C Model Setup 'SS_OCT_SOPC_inst|the_ddr2|ddr2_controller_phy_inst|ddr2_phy_inst|ddr2_phy_ck_n_M1_DDR2_clk_n[1]_ac_rise'
Slack : 0.669
TNS   : 0.000

Type  : Slow 900mV 0C Model Setup 'SS_OCT_SOPC_inst|the_ddr2|ddr2_controller_phy_inst|ddr2_phy_inst|ddr2_phy_alt_mem_phy_inst|clk|half_rate.pll|altpll_component|auto_generated|pll1|clk[3]'
Slack : 0.928
TNS   : 0.000

Type  : Slow 900mV 0C Model Setup 'SS_OCT_SOPC_inst|the_ddr2|ddr2_controller_phy_inst|ddr2_phy_inst|ddr2_phy_alt_mem_phy_inst|dpio|ddr_clkdiv_gen.grp_gen[1].slaves_gen[0].clk_div_slave|clkout'
Slack : 1.061
TNS   : 0.000

Type  : Slow 900mV 0C Model Setup 'SS_OCT_SOPC_inst|the_ddr2|ddr2_controller_phy_inst|ddr2_phy_inst|ddr2_phy_alt_mem_phy_inst|dpio|ddr_clkdiv_gen.grp_gen[1].slaves_gen[1].clk_div_slave|clkout'
Slack : 1.061
TNS   : 0.000

Type  : Slow 900mV 0C Model Setup 'SS_OCT_SOPC_inst|the_ddr2|ddr2_controller_phy_inst|ddr2_phy_inst|ddr2_phy_alt_mem_phy_inst|dpio|ddr_clkdiv_gen.grp_gen[2].slaves_gen[0].clk_div_slave|clkout'
Slack : 1.061
TNS   : 0.000

Type  : Slow 900mV 0C Model Setup 'SS_OCT_SOPC_inst|the_ddr2|ddr2_controller_phy_inst|ddr2_phy_inst|ddr2_phy_alt_mem_phy_inst|dpio|ddr_clkdiv_gen.grp_gen[2].slaves_gen[1].clk_div_slave|clkout'
Slack : 1.061
TNS   : 0.000

Type  : Slow 900mV 0C Model Setup 'SS_OCT_SOPC_inst|the_ddr2|ddr2_controller_phy_inst|ddr2_phy_inst|ddr2_phy_alt_mem_phy_inst|dpio|ddr_clkdiv_gen.grp_gen[3].slaves_gen[0].clk_div_slave|clkout'
Slack : 1.061
TNS   : 0.000

Type  : Slow 900mV 0C Model Setup 'SS_OCT_SOPC_inst|the_ddr2|ddr2_controller_phy_inst|ddr2_phy_inst|ddr2_phy_alt_mem_phy_inst|dpio|ddr_clkdiv_gen.grp_gen[3].slaves_gen[1].clk_div_slave|clkout'
Slack : 1.061
TNS   : 0.000

Type  : Slow 900mV 0C Model Setup 'SS_OCT_SOPC_inst|the_ddr2|ddr2_controller_phy_inst|ddr2_phy_inst|ddr2_phy_alt_mem_phy_inst|dpio|ddr_clkdiv_gen.grp_gen[4].slaves_gen[0].clk_div_slave|clkout'
Slack : 1.061
TNS   : 0.000

Type  : Slow 900mV 0C Model Setup 'SS_OCT_SOPC_inst|the_ddr2|ddr2_controller_phy_inst|ddr2_phy_inst|ddr2_phy_alt_mem_phy_inst|dpio|ddr_clkdiv_gen.grp_gen[4].slaves_gen[1].clk_div_slave|clkout'
Slack : 1.061
TNS   : 0.000

Type  : Slow 900mV 0C Model Setup 'SS_OCT_SOPC_inst|the_ddr2|ddr2_controller_phy_inst|ddr2_phy_inst|ddr2_phy_alt_mem_phy_inst|dpio|ddr_clkdiv_gen.grp_gen[5].slaves_gen[0].clk_div_slave|clkout'
Slack : 1.061
TNS   : 0.000

Type  : Slow 900mV 0C Model Setup 'SS_OCT_SOPC_inst|the_ddr2|ddr2_controller_phy_inst|ddr2_phy_inst|ddr2_phy_alt_mem_phy_inst|dpio|ddr_clkdiv_gen.grp_gen[5].slaves_gen[1].clk_div_slave|clkout'
Slack : 1.061
TNS   : 0.000

Type  : Slow 900mV 0C Model Setup 'SS_OCT_SOPC_inst|the_ddr2|ddr2_controller_phy_inst|ddr2_phy_inst|ddr2_phy_alt_mem_phy_inst|dpio|ddr_clkdiv_gen.grp_gen[6].slaves_gen[0].clk_div_slave|clkout'
Slack : 1.062
TNS   : 0.000

Type  : Slow 900mV 0C Model Setup 'SS_OCT_SOPC_inst|the_ddr2|ddr2_controller_phy_inst|ddr2_phy_inst|ddr2_phy_alt_mem_phy_inst|dpio|ddr_clkdiv_gen.grp_gen[6].slaves_gen[1].clk_div_slave|clkout'
Slack : 1.062
TNS   : 0.000

Type  : Slow 900mV 0C Model Setup 'SS_OCT_SOPC_inst|the_ddr2|ddr2_controller_phy_inst|ddr2_phy_inst|ddr2_phy_alt_mem_phy_inst|dpio|ddr_clkdiv_gen.grp_gen[7].slaves_gen[0].clk_div_slave|clkout'
Slack : 1.062
TNS   : 0.000

Type  : Slow 900mV 0C Model Setup 'SS_OCT_SOPC_inst|the_ddr2|ddr2_controller_phy_inst|ddr2_phy_inst|ddr2_phy_alt_mem_phy_inst|dpio|ddr_clkdiv_gen.grp_gen[7].slaves_gen[1].clk_div_slave|clkout'
Slack : 1.062
TNS   : 0.000

Type  : Slow 900mV 0C Model Setup 'SS_OCT_SOPC_inst|the_ddr2|ddr2_controller_phy_inst|ddr2_phy_inst|ddr2_phy_alt_mem_phy_inst|dpio|ddr_clkdiv_gen.clk_div_master|clkout'
Slack : 1.063
TNS   : 0.000

Type  : Slow 900mV 0C Model Setup 'SS_OCT_SOPC_inst|the_ddr2|ddr2_controller_phy_inst|ddr2_phy_inst|ddr2_phy_alt_mem_phy_inst|dpio|ddr_clkdiv_gen.grp_gen[0].slaves_gen[1].clk_div_slave|clkout'
Slack : 1.063
TNS   : 0.000

Type  : Slow 900mV 0C Model Setup 'SS_OCT_SOPC_inst|the_ddr2|ddr2_controller_phy_inst|ddr2_phy_inst|ddr2_phy_alt_mem_phy_inst|clk|half_rate.pll|altpll_component|auto_generated|pll1|clk[1]'
Slack : 1.527
TNS   : 0.000

Type  : Slow 900mV 0C Model Setup 'SS_OCT_SOPC_inst|the_ddr2|ddr2_controller_phy_inst|ddr2_phy_inst|ddr2_phy_alt_mem_phy_inst|clk|half_rate.pll|altpll_component|auto_generated|pll1|clk[5]'
Slack : 2.635
TNS   : 0.000

Type  : Slow 900mV 0C Model Setup 'SS_OCT_SOPC_inst|the_tse_mac|altera_tse_mac_pcs_pma_inst|the_altera_tse_pma_lvds_rx|altlvds_rx_component|auto_generated|rx[0]|clk0'
Slack : 3.301
TNS   : 0.000

Type  : Slow 900mV 0C Model Setup 'SS_OCT_SOPC_inst|the_ddr2|ddr2_controller_phy_inst|ddr2_phy_inst|ddr2_phy_alt_mem_phy_inst|clk|scan_clk|q_clock'
Slack : 8.625
TNS   : 0.000

Type  : Slow 900mV 0C Model Setup 'altera_reserved_tck'
Slack : 44.007
TNS   : 0.000

Type  : Slow 900mV 0C Model Hold 'pll_125_ins|altpll_component|auto_generated|pll1|clk[0]'
Slack : -1.215
TNS   : -11.379

Type  : Slow 900mV 0C Model Hold 'altera_reserved_tck'
Slack : -0.097
TNS   : -0.097

Type  : Slow 900mV 0C Model Hold 'ADA_DCO'
Slack : 0.025
TNS   : 0.000

Type  : Slow 900mV 0C Model Hold 'SS_OCT_SOPC_inst|the_ddr2|ddr2_controller_phy_inst|ddr2_phy_inst|ddr2_phy_alt_mem_phy_inst|dpio|ddr_clkdiv_gen.grp_gen[6].slaves_gen[0].clk_div_slave|clkout'
Slack : 0.076
TNS   : 0.000

Type  : Slow 900mV 0C Model Hold 'SS_OCT_SOPC_inst|the_ddr2|ddr2_controller_phy_inst|ddr2_phy_inst|ddr2_phy_alt_mem_phy_inst|dpio|ddr_clkdiv_gen.clk_div_master|clkout'
Slack : 0.095
TNS   : 0.000

Type  : Slow 900mV 0C Model Hold 'SS_OCT_SOPC_inst|the_ddr2|ddr2_controller_phy_inst|ddr2_phy_inst|ddr2_phy_alt_mem_phy_inst|dpio|ddr_clkdiv_gen.grp_gen[1].slaves_gen[0].clk_div_slave|clkout'
Slack : 0.099
TNS   : 0.000

Type  : Slow 900mV 0C Model Hold 'SS_OCT_SOPC_inst|the_ddr2|ddr2_controller_phy_inst|ddr2_phy_inst|ddr2_phy_alt_mem_phy_inst|dpio|ddr_clkdiv_gen.grp_gen[4].slaves_gen[0].clk_div_slave|clkout'
Slack : 0.100
TNS   : 0.000

Type  : Slow 900mV 0C Model Hold 'SS_OCT_SOPC_inst|the_ddr2|ddr2_controller_phy_inst|ddr2_phy_inst|ddr2_phy_alt_mem_phy_inst|dpio|ddr_clkdiv_gen.grp_gen[7].slaves_gen[0].clk_div_slave|clkout'
Slack : 0.121
TNS   : 0.000

Type  : Slow 900mV 0C Model Hold 'SS_OCT_SOPC_inst|the_tse_mac|altera_tse_mac_pcs_pma_inst|the_altera_tse_pma_lvds_rx|altlvds_rx_component|auto_generated|rx[0]|clk0'
Slack : 0.123
TNS   : 0.000

Type  : Slow 900mV 0C Model Hold 'SS_OCT_SOPC_inst|the_ddr2|ddr2_controller_phy_inst|ddr2_phy_inst|ddr2_phy_alt_mem_phy_inst|dpio|ddr_clkdiv_gen.grp_gen[3].slaves_gen[0].clk_div_slave|clkout'
Slack : 0.126
TNS   : 0.000

Type  : Slow 900mV 0C Model Hold 'OSC_50_BANK3'
Slack : 0.143
TNS   : 0.000

Type  : Slow 900mV 0C Model Hold 'SS_OCT_SOPC_inst|the_ddr2|ddr2_controller_phy_inst|ddr2_phy_inst|ddr2_phy_alt_mem_phy_inst|dpio|ddr_clkdiv_gen.grp_gen[5].slaves_gen[0].clk_div_slave|clkout'
Slack : 0.144
TNS   : 0.000

Type  : Slow 900mV 0C Model Hold 'SS_OCT_SOPC_inst|the_ddr2|ddr2_controller_phy_inst|ddr2_phy_inst|ddr2_phy_alt_mem_phy_inst|dpio|ddr_clkdiv_gen.grp_gen[2].slaves_gen[0].clk_div_slave|clkout'
Slack : 0.152
TNS   : 0.000

Type  : Slow 900mV 0C Model Hold 'SS_OCT_SOPC_inst|the_ddr2|ddr2_controller_phy_inst|ddr2_phy_inst|ddr2_phy_alt_mem_phy_inst|clk|half_rate.pll|altpll_component|auto_generated|pll1|clk[0]'
Slack : 0.166
TNS   : 0.000

Type  : Slow 900mV 0C Model Hold 'SS_OCT_SOPC_inst|the_ddr2|ddr2_controller_phy_inst|ddr2_phy_inst|ddr2_phy_alt_mem_phy_inst|clk|half_rate.pll|altpll_component|auto_generated|pll1|clk[6]'
Slack : 0.235
TNS   : 0.000

Type  : Slow 900mV 0C Model Hold 'SS_OCT_SOPC_inst|the_pll|the_pll|altpll_component|auto_generated|pll1|clk[0]'
Slack : 0.235
TNS   : 0.000

Type  : Slow 900mV 0C Model Hold 'SS_OCT_SOPC_inst|the_ddr2|ddr2_controller_phy_inst|ddr2_phy_inst|ddr2_phy_alt_mem_phy_inst|clk|half_rate.pll|altpll_component|auto_generated|pll1|clk[5]'
Slack : 0.249
TNS   : 0.000

Type  : Slow 900mV 0C Model Hold 'SS_OCT_SOPC_inst|the_ddr2|ddr2_controller_phy_inst|ddr2_phy_inst|ddr2_phy_alt_mem_phy_inst|clk|scan_clk|q_clock'
Slack : 0.292
TNS   : 0.000

Type  : Slow 900mV 0C Model Hold 'SS_OCT_SOPC_inst|the_ddr2|ddr2_controller_phy_inst|ddr2_phy_inst|ddr2_phy_ck_n_M1_DDR2_clk_n[1]_tDQSS'
Slack : 0.462
TNS   : 0.000

Type  : Slow 900mV 0C Model Hold 'SS_OCT_SOPC_inst|the_ddr2|ddr2_controller_phy_inst|ddr2_phy_inst|ddr2_phy_ck_n_M1_DDR2_clk_n[0]_tDQSS'
Slack : 0.472
TNS   : 0.000

Type  : Slow 900mV 0C Model Hold 'SS_OCT_SOPC_inst|the_ddr2|ddr2_controller_phy_inst|ddr2_phy_inst|ddr2_phy_ck_p_M1_DDR2_clk[1]_tDQSS'
Slack : 0.506
TNS   : 0.000

Type  : Slow 900mV 0C Model Hold 'SS_OCT_SOPC_inst|the_ddr2|ddr2_controller_phy_inst|ddr2_phy_inst|ddr2_phy_alt_mem_phy_inst|clk|half_rate.pll|altpll_component|auto_generated|pll1|clk[1]'
Slack : 0.513
TNS   : 0.000

Type  : Slow 900mV 0C Model Hold 'SS_OCT_SOPC_inst|the_ddr2|ddr2_controller_phy_inst|ddr2_phy_inst|ddr2_phy_ck_p_M1_DDR2_clk[0]_tDQSS'
Slack : 0.516
TNS   : 0.000

Type  : Slow 900mV 0C Model Hold 'SS_OCT_SOPC_inst|the_ddr2|ddr2_controller_phy_inst|ddr2_phy_inst|ddr2_phy_ck_n_M1_DDR2_clk_n[1]_ac_rise'
Slack : 0.561
TNS   : 0.000

Type  : Slow 900mV 0C Model Hold 'SS_OCT_SOPC_inst|the_ddr2|ddr2_controller_phy_inst|ddr2_phy_inst|ddr2_phy_ck_n_M1_DDR2_clk_n[1]_ac_fall'
Slack : 0.564
TNS   : 0.000

Type  : Slow 900mV 0C Model Hold 'SS_OCT_SOPC_inst|the_ddr2|ddr2_controller_phy_inst|ddr2_phy_inst|ddr2_phy_ck_n_M1_DDR2_clk_n[0]_ac_rise'
Slack : 0.571
TNS   : 0.000

Type  : Slow 900mV 0C Model Hold 'SS_OCT_SOPC_inst|the_ddr2|ddr2_controller_phy_inst|ddr2_phy_inst|ddr2_phy_ck_n_M1_DDR2_clk_n[0]_ac_fall'
Slack : 0.574
TNS   : 0.000

Type  : Slow 900mV 0C Model Hold 'SS_OCT_SOPC_inst|the_ddr2|ddr2_controller_phy_inst|ddr2_phy_inst|ddr2_phy_ck_n_M1_DDR2_clk_n[1]_tDSS'
Slack : 0.594
TNS   : 0.000

Type  : Slow 900mV 0C Model Hold 'SS_OCT_SOPC_inst|the_ddr2|ddr2_controller_phy_inst|ddr2_phy_inst|ddr2_phy_ck_n_M1_DDR2_clk_n[0]_tDSS'
Slack : 0.604
TNS   : 0.000

Type  : Slow 900mV 0C Model Hold 'SS_OCT_SOPC_inst|the_ddr2|ddr2_controller_phy_inst|ddr2_phy_inst|ddr2_phy_ck_p_M1_DDR2_clk[1]_ac_rise'
Slack : 0.605
TNS   : 0.000

Type  : Slow 900mV 0C Model Hold 'SS_OCT_SOPC_inst|the_ddr2|ddr2_controller_phy_inst|ddr2_phy_inst|ddr2_phy_ck_p_M1_DDR2_clk[1]_ac_fall'
Slack : 0.608
TNS   : 0.000

Type  : Slow 900mV 0C Model Hold 'SS_OCT_SOPC_inst|the_ddr2|ddr2_controller_phy_inst|ddr2_phy_inst|ddr2_phy_ck_p_M1_DDR2_clk[0]_ac_rise'
Slack : 0.615
TNS   : 0.000

Type  : Slow 900mV 0C Model Hold 'SS_OCT_SOPC_inst|the_ddr2|ddr2_controller_phy_inst|ddr2_phy_inst|ddr2_phy_ck_p_M1_DDR2_clk[0]_ac_fall'
Slack : 0.618
TNS   : 0.000

Type  : Slow 900mV 0C Model Hold 'SS_OCT_SOPC_inst|the_ddr2|ddr2_controller_phy_inst|ddr2_phy_inst|ddr2_phy_ck_p_M1_DDR2_clk[1]_tDSS'
Slack : 0.638
TNS   : 0.000

Type  : Slow 900mV 0C Model Hold 'SS_OCT_SOPC_inst|the_ddr2|ddr2_controller_phy_inst|ddr2_phy_inst|ddr2_phy_ck_p_M1_DDR2_clk[0]_tDSS'
Slack : 0.648
TNS   : 0.000

Type  : Slow 900mV 0C Model Hold 'SS_OCT_SOPC_inst|the_ddr2|ddr2_controller_phy_inst|ddr2_phy_inst|ddr2_phy_alt_mem_phy_inst|dpio|ddr_clkdiv_gen.grp_gen[0].slaves_gen[1].clk_div_slave|clkout'
Slack : 1.075
TNS   : 0.000

Type  : Slow 900mV 0C Model Hold 'SS_OCT_SOPC_inst|the_ddr2|ddr2_controller_phy_inst|ddr2_phy_inst|ddr2_phy_alt_mem_phy_inst|dpio|ddr_clkdiv_gen.grp_gen[1].slaves_gen[1].clk_div_slave|clkout'
Slack : 1.075
TNS   : 0.000

Type  : Slow 900mV 0C Model Hold 'SS_OCT_SOPC_inst|the_ddr2|ddr2_controller_phy_inst|ddr2_phy_inst|ddr2_phy_alt_mem_phy_inst|dpio|ddr_clkdiv_gen.grp_gen[2].slaves_gen[1].clk_div_slave|clkout'
Slack : 1.075
TNS   : 0.000

Type  : Slow 900mV 0C Model Hold 'SS_OCT_SOPC_inst|the_ddr2|ddr2_controller_phy_inst|ddr2_phy_inst|ddr2_phy_alt_mem_phy_inst|dpio|ddr_clkdiv_gen.grp_gen[3].slaves_gen[1].clk_div_slave|clkout'
Slack : 1.075
TNS   : 0.000

Type  : Slow 900mV 0C Model Hold 'SS_OCT_SOPC_inst|the_ddr2|ddr2_controller_phy_inst|ddr2_phy_inst|ddr2_phy_alt_mem_phy_inst|dpio|ddr_clkdiv_gen.grp_gen[4].slaves_gen[1].clk_div_slave|clkout'
Slack : 1.076
TNS   : 0.000

Type  : Slow 900mV 0C Model Hold 'SS_OCT_SOPC_inst|the_ddr2|ddr2_controller_phy_inst|ddr2_phy_inst|ddr2_phy_alt_mem_phy_inst|dpio|ddr_clkdiv_gen.grp_gen[5].slaves_gen[1].clk_div_slave|clkout'
Slack : 1.076
TNS   : 0.000

Type  : Slow 900mV 0C Model Hold 'SS_OCT_SOPC_inst|the_ddr2|ddr2_controller_phy_inst|ddr2_phy_inst|ddr2_phy_alt_mem_phy_inst|dpio|ddr_clkdiv_gen.grp_gen[6].slaves_gen[1].clk_div_slave|clkout'
Slack : 1.077
TNS   : 0.000

Type  : Slow 900mV 0C Model Hold 'SS_OCT_SOPC_inst|the_ddr2|ddr2_controller_phy_inst|ddr2_phy_inst|ddr2_phy_alt_mem_phy_inst|dpio|ddr_clkdiv_gen.grp_gen[7].slaves_gen[1].clk_div_slave|clkout'
Slack : 1.077
TNS   : 0.000

Type  : Slow 900mV 0C Model Hold 'SS_OCT_SOPC_inst|the_ddr2|ddr2_controller_phy_inst|ddr2_phy_inst|ddr2_phy_alt_mem_phy_inst|clk|half_rate.pll|altpll_component|auto_generated|pll1|clk[3]'
Slack : 1.155
TNS   : 0.000

Type  : Slow 900mV 0C Model Hold 'SS_OCT_SOPC_inst|the_ddr2|ddr2_controller_phy_inst|ddr2_phy_inst|ddr2_phy_alt_mem_phy_inst|clk|half_rate.pll|altpll_component|auto_generated|pll1|clk[4]'
Slack : 1.674
TNS   : 0.000

Type  : Slow 900mV 0C Model Recovery 'pll_125_ins|altpll_component|auto_generated|pll1|clk[0]'
Slack : 0.220
TNS   : 0.000

Type  : Slow 900mV 0C Model Recovery 'SS_OCT_SOPC_inst|the_ddr2|ddr2_controller_phy_inst|ddr2_phy_inst|ddr2_phy_alt_mem_phy_inst|clk|half_rate.pll|altpll_component|auto_generated|pll1|clk[0]'
Slack : 0.293
TNS   : 0.000

Type  : Slow 900mV 0C Model Recovery 'SS_OCT_SOPC_inst|the_pll|the_pll|altpll_component|auto_generated|pll1|clk[0]'
Slack : 0.780
TNS   : 0.000

Type  : Slow 900mV 0C Model Recovery 'SS_OCT_SOPC_inst|the_ddr2|ddr2_controller_phy_inst|ddr2_phy_inst|ddr2_phy_alt_mem_phy_inst|dpio|ddr_clkdiv_gen.grp_gen[7].slaves_gen[0].clk_div_slave|clkout'
Slack : 1.353
TNS   : 0.000

Type  : Slow 900mV 0C Model Recovery 'SS_OCT_SOPC_inst|the_ddr2|ddr2_controller_phy_inst|ddr2_phy_inst|ddr2_phy_alt_mem_phy_inst|dpio|ddr_clkdiv_gen.grp_gen[4].slaves_gen[0].clk_div_slave|clkout'
Slack : 1.546
TNS   : 0.000

Type  : Slow 900mV 0C Model Recovery 'SS_OCT_SOPC_inst|the_ddr2|ddr2_controller_phy_inst|ddr2_phy_inst|ddr2_phy_alt_mem_phy_inst|dpio|ddr_clkdiv_gen.grp_gen[5].slaves_gen[0].clk_div_slave|clkout'
Slack : 1.720
TNS   : 0.000

Type  : Slow 900mV 0C Model Recovery 'SS_OCT_SOPC_inst|the_ddr2|ddr2_controller_phy_inst|ddr2_phy_inst|ddr2_phy_alt_mem_phy_inst|dpio|ddr_clkdiv_gen.grp_gen[6].slaves_gen[0].clk_div_slave|clkout'
Slack : 1.790
TNS   : 0.000

Type  : Slow 900mV 0C Model Recovery 'SS_OCT_SOPC_inst|the_ddr2|ddr2_controller_phy_inst|ddr2_phy_inst|ddr2_phy_alt_mem_phy_inst|dpio|ddr_clkdiv_gen.grp_gen[2].slaves_gen[0].clk_div_slave|clkout'
Slack : 2.555
TNS   : 0.000

Type  : Slow 900mV 0C Model Recovery 'SS_OCT_SOPC_inst|the_ddr2|ddr2_controller_phy_inst|ddr2_phy_inst|ddr2_phy_alt_mem_phy_inst|dpio|ddr_clkdiv_gen.grp_gen[3].slaves_gen[0].clk_div_slave|clkout'
Slack : 2.784
TNS   : 0.000

Type  : Slow 900mV 0C Model Recovery 'SS_OCT_SOPC_inst|the_ddr2|ddr2_controller_phy_inst|ddr2_phy_inst|ddr2_phy_alt_mem_phy_inst|clk|half_rate.pll|altpll_component|auto_generated|pll1|clk[6]'
Slack : 3.117
TNS   : 0.000

Type  : Slow 900mV 0C Model Recovery 'SS_OCT_SOPC_inst|the_ddr2|ddr2_controller_phy_inst|ddr2_phy_inst|ddr2_phy_alt_mem_phy_inst|dpio|ddr_clkdiv_gen.grp_gen[1].slaves_gen[0].clk_div_slave|clkout'
Slack : 3.308
TNS   : 0.000

Type  : Slow 900mV 0C Model Recovery 'SS_OCT_SOPC_inst|the_ddr2|ddr2_controller_phy_inst|ddr2_phy_inst|ddr2_phy_alt_mem_phy_inst|dpio|ddr_clkdiv_gen.clk_div_master|clkout'
Slack : 3.860
TNS   : 0.000

Type  : Slow 900mV 0C Model Recovery 'SS_OCT_SOPC_inst|the_ddr2|ddr2_controller_phy_inst|ddr2_phy_inst|ddr2_phy_alt_mem_phy_inst|clk|half_rate.pll|altpll_component|auto_generated|pll1|clk[5]'
Slack : 4.165
TNS   : 0.000

Type  : Slow 900mV 0C Model Recovery 'OSC_50_BANK3'
Slack : 5.432
TNS   : 0.000

Type  : Slow 900mV 0C Model Recovery 'SS_OCT_SOPC_inst|the_ddr2|ddr2_controller_phy_inst|ddr2_phy_inst|ddr2_phy_alt_mem_phy_inst|clk|scan_clk|q_clock'
Slack : 19.148
TNS   : 0.000

Type  : Slow 900mV 0C Model Recovery 'altera_reserved_tck'
Slack : 46.223
TNS   : 0.000

Type  : Slow 900mV 0C Model Removal 'altera_reserved_tck'
Slack : -1.204
TNS   : -1.204

Type  : Slow 900mV 0C Model Removal 'pll_125_ins|altpll_component|auto_generated|pll1|clk[0]'
Slack : -0.236
TNS   : -229.582

Type  : Slow 900mV 0C Model Removal 'OSC_50_BANK3'
Slack : 0.248
TNS   : 0.000

Type  : Slow 900mV 0C Model Removal 'SS_OCT_SOPC_inst|the_ddr2|ddr2_controller_phy_inst|ddr2_phy_inst|ddr2_phy_alt_mem_phy_inst|clk|half_rate.pll|altpll_component|auto_generated|pll1|clk[0]'
Slack : 0.258
TNS   : 0.000

Type  : Slow 900mV 0C Model Removal 'SS_OCT_SOPC_inst|the_pll|the_pll|altpll_component|auto_generated|pll1|clk[0]'
Slack : 0.416
TNS   : 0.000

Type  : Slow 900mV 0C Model Removal 'SS_OCT_SOPC_inst|the_ddr2|ddr2_controller_phy_inst|ddr2_phy_inst|ddr2_phy_alt_mem_phy_inst|clk|half_rate.pll|altpll_component|auto_generated|pll1|clk[5]'
Slack : 0.424
TNS   : 0.000

Type  : Slow 900mV 0C Model Removal 'SS_OCT_SOPC_inst|the_ddr2|ddr2_controller_phy_inst|ddr2_phy_inst|ddr2_phy_alt_mem_phy_inst|clk|scan_clk|q_clock'
Slack : 0.482
TNS   : 0.000

Type  : Slow 900mV 0C Model Removal 'SS_OCT_SOPC_inst|the_ddr2|ddr2_controller_phy_inst|ddr2_phy_inst|ddr2_phy_alt_mem_phy_inst|dpio|ddr_clkdiv_gen.grp_gen[1].slaves_gen[0].clk_div_slave|clkout'
Slack : 0.490
TNS   : 0.000

Type  : Slow 900mV 0C Model Removal 'SS_OCT_SOPC_inst|the_ddr2|ddr2_controller_phy_inst|ddr2_phy_inst|ddr2_phy_alt_mem_phy_inst|dpio|ddr_clkdiv_gen.grp_gen[6].slaves_gen[0].clk_div_slave|clkout'
Slack : 0.507
TNS   : 0.000

Type  : Slow 900mV 0C Model Removal 'SS_OCT_SOPC_inst|the_ddr2|ddr2_controller_phy_inst|ddr2_phy_inst|ddr2_phy_alt_mem_phy_inst|dpio|ddr_clkdiv_gen.grp_gen[7].slaves_gen[0].clk_div_slave|clkout'
Slack : 0.570
TNS   : 0.000

Type  : Slow 900mV 0C Model Removal 'SS_OCT_SOPC_inst|the_ddr2|ddr2_controller_phy_inst|ddr2_phy_inst|ddr2_phy_alt_mem_phy_inst|dpio|ddr_clkdiv_gen.grp_gen[3].slaves_gen[0].clk_div_slave|clkout'
Slack : 0.625
TNS   : 0.000

Type  : Slow 900mV 0C Model Removal 'SS_OCT_SOPC_inst|the_ddr2|ddr2_controller_phy_inst|ddr2_phy_inst|ddr2_phy_alt_mem_phy_inst|dpio|ddr_clkdiv_gen.clk_div_master|clkout'
Slack : 0.643
TNS   : 0.000

Type  : Slow 900mV 0C Model Removal 'SS_OCT_SOPC_inst|the_ddr2|ddr2_controller_phy_inst|ddr2_phy_inst|ddr2_phy_alt_mem_phy_inst|dpio|ddr_clkdiv_gen.grp_gen[2].slaves_gen[0].clk_div_slave|clkout'
Slack : 0.676
TNS   : 0.000

Type  : Slow 900mV 0C Model Removal 'SS_OCT_SOPC_inst|the_ddr2|ddr2_controller_phy_inst|ddr2_phy_inst|ddr2_phy_alt_mem_phy_inst|dpio|ddr_clkdiv_gen.grp_gen[5].slaves_gen[0].clk_div_slave|clkout'
Slack : 0.715
TNS   : 0.000

Type  : Slow 900mV 0C Model Removal 'SS_OCT_SOPC_inst|the_ddr2|ddr2_controller_phy_inst|ddr2_phy_inst|ddr2_phy_alt_mem_phy_inst|clk|half_rate.pll|altpll_component|auto_generated|pll1|clk[6]'
Slack : 0.764
TNS   : 0.000

Type  : Slow 900mV 0C Model Removal 'SS_OCT_SOPC_inst|the_ddr2|ddr2_controller_phy_inst|ddr2_phy_inst|ddr2_phy_alt_mem_phy_inst|dpio|ddr_clkdiv_gen.grp_gen[4].slaves_gen[0].clk_div_slave|clkout'
Slack : 0.910
TNS   : 0.000

Type  : Slow 900mV 0C Model Minimum Pulse Width 'altera_reserved_tck'
Slack : 0.000
TNS   : 0.000

Type  : Slow 900mV 0C Model Minimum Pulse Width 'SS_OCT_SOPC_inst|the_tse_mac|altera_tse_mac_pcs_pma_inst|the_altera_tse_pma_lvds_rx|altlvds_rx_component|auto_generated|pll|clk[0]'
Slack : 0.115
TNS   : 0.000

Type  : Slow 900mV 0C Model Minimum Pulse Width 'SS_OCT_SOPC_inst|the_ddr2|ddr2_controller_phy_inst|ddr2_phy_inst|ddr2_phy_alt_mem_phy_inst|clk|half_rate.pll|altpll_component|auto_generated|pll1|clk[1]'
Slack : 0.495
TNS   : 0.000

Type  : Slow 900mV 0C Model Minimum Pulse Width 'SS_OCT_SOPC_inst|the_ddr2|ddr2_controller_phy_inst|ddr2_phy_inst|ddr2_phy_alt_mem_phy_inst|clk|half_rate.pll|altpll_component|auto_generated|pll1|clk[3]'
Slack : 0.527
TNS   : 0.000

Type  : Slow 900mV 0C Model Minimum Pulse Width 'SS_OCT_SOPC_inst|the_ddr2|ddr2_controller_phy_inst|ddr2_phy_inst|ddr2_phy_alt_mem_phy_inst|clk|half_rate.pll|altpll_component|auto_generated|pll1|clk[4]'
Slack : 0.723
TNS   : 0.000

Type  : Slow 900mV 0C Model Minimum Pulse Width 'SS_OCT_SOPC_inst|the_ddr2|ddr2_controller_phy_inst|ddr2_phy_inst|ddr2_phy_alt_mem_phy_inst|dpio|ddr_clkdiv_gen.grp_gen[4].slaves_gen[0].clk_div_slave|clkout'
Slack : 1.710
TNS   : 0.000

Type  : Slow 900mV 0C Model Minimum Pulse Width 'SS_OCT_SOPC_inst|the_ddr2|ddr2_controller_phy_inst|ddr2_phy_inst|ddr2_phy_alt_mem_phy_inst|dpio|ddr_clkdiv_gen.grp_gen[5].slaves_gen[0].clk_div_slave|clkout'
Slack : 1.710
TNS   : 0.000

Type  : Slow 900mV 0C Model Minimum Pulse Width 'SS_OCT_SOPC_inst|the_ddr2|ddr2_controller_phy_inst|ddr2_phy_inst|ddr2_phy_alt_mem_phy_inst|dpio|ddr_clkdiv_gen.clk_div_master|clkout'
Slack : 1.711
TNS   : 0.000

Type  : Slow 900mV 0C Model Minimum Pulse Width 'SS_OCT_SOPC_inst|the_ddr2|ddr2_controller_phy_inst|ddr2_phy_inst|ddr2_phy_alt_mem_phy_inst|dpio|ddr_clkdiv_gen.grp_gen[1].slaves_gen[0].clk_div_slave|clkout'
Slack : 1.711
TNS   : 0.000

Type  : Slow 900mV 0C Model Minimum Pulse Width 'SS_OCT_SOPC_inst|the_ddr2|ddr2_controller_phy_inst|ddr2_phy_inst|ddr2_phy_alt_mem_phy_inst|dpio|ddr_clkdiv_gen.grp_gen[2].slaves_gen[0].clk_div_slave|clkout'
Slack : 1.711
TNS   : 0.000

Type  : Slow 900mV 0C Model Minimum Pulse Width 'SS_OCT_SOPC_inst|the_ddr2|ddr2_controller_phy_inst|ddr2_phy_inst|ddr2_phy_alt_mem_phy_inst|dpio|ddr_clkdiv_gen.grp_gen[3].slaves_gen[0].clk_div_slave|clkout'
Slack : 1.711
TNS   : 0.000

Type  : Slow 900mV 0C Model Minimum Pulse Width 'SS_OCT_SOPC_inst|the_ddr2|ddr2_controller_phy_inst|ddr2_phy_inst|ddr2_phy_alt_mem_phy_inst|dpio|ddr_clkdiv_gen.grp_gen[6].slaves_gen[0].clk_div_slave|clkout'
Slack : 1.711
TNS   : 0.000

Type  : Slow 900mV 0C Model Minimum Pulse Width 'SS_OCT_SOPC_inst|the_ddr2|ddr2_controller_phy_inst|ddr2_phy_inst|ddr2_phy_alt_mem_phy_inst|dpio|ddr_clkdiv_gen.grp_gen[7].slaves_gen[0].clk_div_slave|clkout'
Slack : 1.711
TNS   : 0.000

Type  : Slow 900mV 0C Model Minimum Pulse Width 'SS_OCT_SOPC_inst|the_ddr2|ddr2_controller_phy_inst|ddr2_phy_inst|ddr2_phy_alt_mem_phy_inst|clk|half_rate.pll|altpll_component|auto_generated|pll1|clk[0]'
Slack : 1.720
TNS   : 0.000

Type  : Slow 900mV 0C Model Minimum Pulse Width 'SS_OCT_SOPC_inst|the_ddr2|ddr2_controller_phy_inst|ddr2_phy_inst|ddr2_phy_alt_mem_phy_inst|clk|half_rate.pll|altpll_component|auto_generated|pll1|clk[6]'
Slack : 1.778
TNS   : 0.000

Type  : Slow 900mV 0C Model Minimum Pulse Width 'SS_OCT_SOPC_inst|the_ddr2|ddr2_controller_phy_inst|ddr2_phy_inst|ddr2_phy_alt_mem_phy_inst|clk|half_rate.pll|altpll_component|auto_generated|pll1|clk[5]'
Slack : 1.850
TNS   : 0.000

Type  : Slow 900mV 0C Model Minimum Pulse Width 'SS_OCT_SOPC_inst|the_ddr2|ddr2_controller_phy_inst|ddr2_phy_inst|ddr2_phy_alt_mem_phy_inst|dpio|ddr_clkdiv_gen.grp_gen[4].slaves_gen[1].clk_div_slave|clkout'
Slack : 2.361
TNS   : 0.000

Type  : Slow 900mV 0C Model Minimum Pulse Width 'SS_OCT_SOPC_inst|the_ddr2|ddr2_controller_phy_inst|ddr2_phy_inst|ddr2_phy_alt_mem_phy_inst|dpio|ddr_clkdiv_gen.grp_gen[5].slaves_gen[1].clk_div_slave|clkout'
Slack : 2.361
TNS   : 0.000

Type  : Slow 900mV 0C Model Minimum Pulse Width 'SS_OCT_SOPC_inst|the_ddr2|ddr2_controller_phy_inst|ddr2_phy_inst|ddr2_phy_alt_mem_phy_inst|dpio|ddr_clkdiv_gen.grp_gen[0].slaves_gen[1].clk_div_slave|clkout'
Slack : 2.362
TNS   : 0.000

Type  : Slow 900mV 0C Model Minimum Pulse Width 'SS_OCT_SOPC_inst|the_ddr2|ddr2_controller_phy_inst|ddr2_phy_inst|ddr2_phy_alt_mem_phy_inst|dpio|ddr_clkdiv_gen.grp_gen[1].slaves_gen[1].clk_div_slave|clkout'
Slack : 2.362
TNS   : 0.000

Type  : Slow 900mV 0C Model Minimum Pulse Width 'SS_OCT_SOPC_inst|the_ddr2|ddr2_controller_phy_inst|ddr2_phy_inst|ddr2_phy_alt_mem_phy_inst|dpio|ddr_clkdiv_gen.grp_gen[2].slaves_gen[1].clk_div_slave|clkout'
Slack : 2.362
TNS   : 0.000

Type  : Slow 900mV 0C Model Minimum Pulse Width 'SS_OCT_SOPC_inst|the_ddr2|ddr2_controller_phy_inst|ddr2_phy_inst|ddr2_phy_alt_mem_phy_inst|dpio|ddr_clkdiv_gen.grp_gen[3].slaves_gen[1].clk_div_slave|clkout'
Slack : 2.362
TNS   : 0.000

Type  : Slow 900mV 0C Model Minimum Pulse Width 'SS_OCT_SOPC_inst|the_ddr2|ddr2_controller_phy_inst|ddr2_phy_inst|ddr2_phy_alt_mem_phy_inst|dpio|ddr_clkdiv_gen.grp_gen[6].slaves_gen[1].clk_div_slave|clkout'
Slack : 2.362
TNS   : 0.000

Type  : Slow 900mV 0C Model Minimum Pulse Width 'SS_OCT_SOPC_inst|the_ddr2|ddr2_controller_phy_inst|ddr2_phy_inst|ddr2_phy_alt_mem_phy_inst|dpio|ddr_clkdiv_gen.grp_gen[7].slaves_gen[1].clk_div_slave|clkout'
Slack : 2.362
TNS   : 0.000

Type  : Slow 900mV 0C Model Minimum Pulse Width 'SS_OCT_SOPC_inst|the_pll|the_pll|altpll_component|auto_generated|pll1|clk[0]'
Slack : 2.547
TNS   : 0.000

Type  : Slow 900mV 0C Model Minimum Pulse Width 'ADA_DCO'
Slack : 2.558
TNS   : 0.000

Type  : Slow 900mV 0C Model Minimum Pulse Width 'SS_OCT_SOPC_inst|the_tse_mac|altera_tse_mac_pcs_pma_inst|the_altera_tse_pma_lvds_rx|altlvds_rx_component|auto_generated|rx[0]|clk0'
Slack : 3.077
TNS   : 0.000

Type  : Slow 900mV 0C Model Minimum Pulse Width 'pll_125_ins|altpll_component|auto_generated|pll1|clk[0]'
Slack : 3.215
TNS   : 0.000

Type  : Slow 900mV 0C Model Minimum Pulse Width 'OSC_50_BANK3'
Slack : 8.956
TNS   : 0.000

Type  : Slow 900mV 0C Model Minimum Pulse Width 'SS_OCT_SOPC_inst|the_ddr2|ddr2_controller_phy_inst|ddr2_phy_inst|ddr2_phy_alt_mem_phy_inst|clk|scan_clk|q_clock'
Slack : 8.959
TNS   : 0.000

Type  : Fast 900mV 0C Model Setup 'SS_OCT_SOPC_inst|the_pll|the_pll|altpll_component|auto_generated|pll1|clk[0]'
Slack : -1.767
TNS   : -5.884

Type  : Fast 900mV 0C Model Setup 'OSC_50_BANK3'
Slack : -0.997
TNS   : -15.108

Type  : Fast 900mV 0C Model Setup 'ADA_DCO'
Slack : -0.813
TNS   : -370.511

Type  : Fast 900mV 0C Model Setup 'pll_125_ins|altpll_component|auto_generated|pll1|clk[0]'
Slack : 0.218
TNS   : 0.000

Type  : Fast 900mV 0C Model Setup 'SS_OCT_SOPC_inst|the_ddr2|ddr2_controller_phy_inst|ddr2_phy_inst|ddr2_phy_ck_p_M1_DDR2_clk[1]_tDQSS'
Slack : 0.354
TNS   : 0.000

Type  : Fast 900mV 0C Model Setup 'SS_OCT_SOPC_inst|the_ddr2|ddr2_controller_phy_inst|ddr2_phy_inst|ddr2_phy_ck_p_M1_DDR2_clk[0]_tDQSS'
Slack : 0.356
TNS   : 0.000

Type  : Fast 900mV 0C Model Setup 'SS_OCT_SOPC_inst|the_ddr2|ddr2_controller_phy_inst|ddr2_phy_inst|ddr2_phy_ck_n_M1_DDR2_clk_n[1]_tDQSS'
Slack : 0.361
TNS   : 0.000

Type  : Fast 900mV 0C Model Setup 'SS_OCT_SOPC_inst|the_ddr2|ddr2_controller_phy_inst|ddr2_phy_inst|ddr2_phy_ck_n_M1_DDR2_clk_n[0]_tDQSS'
Slack : 0.363
TNS   : 0.000

Type  : Fast 900mV 0C Model Setup 'SS_OCT_SOPC_inst|the_ddr2|ddr2_controller_phy_inst|ddr2_phy_inst|ddr2_phy_ck_p_M1_DDR2_clk[1]_tDSS'
Slack : 0.485
TNS   : 0.000

Type  : Fast 900mV 0C Model Setup 'SS_OCT_SOPC_inst|the_ddr2|ddr2_controller_phy_inst|ddr2_phy_inst|ddr2_phy_ck_p_M1_DDR2_clk[0]_tDSS'
Slack : 0.487
TNS   : 0.000

Type  : Fast 900mV 0C Model Setup 'SS_OCT_SOPC_inst|the_ddr2|ddr2_controller_phy_inst|ddr2_phy_inst|ddr2_phy_ck_n_M1_DDR2_clk_n[1]_tDSS'
Slack : 0.492
TNS   : 0.000

Type  : Fast 900mV 0C Model Setup 'SS_OCT_SOPC_inst|the_ddr2|ddr2_controller_phy_inst|ddr2_phy_inst|ddr2_phy_ck_n_M1_DDR2_clk_n[0]_tDSS'
Slack : 0.494
TNS   : 0.000

Type  : Fast 900mV 0C Model Setup 'SS_OCT_SOPC_inst|the_ddr2|ddr2_controller_phy_inst|ddr2_phy_inst|ddr2_phy_alt_mem_phy_inst|clk|half_rate.pll|altpll_component|auto_generated|pll1|clk[4]'
Slack : 0.782
TNS   : 0.000

Type  : Fast 900mV 0C Model Setup 'SS_OCT_SOPC_inst|the_ddr2|ddr2_controller_phy_inst|ddr2_phy_inst|ddr2_phy_ck_p_M1_DDR2_clk[1]_ac_rise'
Slack : 0.799
TNS   : 0.000

Type  : Fast 900mV 0C Model Setup 'SS_OCT_SOPC_inst|the_ddr2|ddr2_controller_phy_inst|ddr2_phy_inst|ddr2_phy_ck_p_M1_DDR2_clk[0]_ac_rise'
Slack : 0.801
TNS   : 0.000

Type  : Fast 900mV 0C Model Setup 'SS_OCT_SOPC_inst|the_ddr2|ddr2_controller_phy_inst|ddr2_phy_inst|ddr2_phy_ck_n_M1_DDR2_clk_n[1]_ac_rise'
Slack : 0.806
TNS   : 0.000

Type  : Fast 900mV 0C Model Setup 'SS_OCT_SOPC_inst|the_ddr2|ddr2_controller_phy_inst|ddr2_phy_inst|ddr2_phy_ck_p_M1_DDR2_clk[1]_ac_fall'
Slack : 0.806
TNS   : 0.000

Type  : Fast 900mV 0C Model Setup 'SS_OCT_SOPC_inst|the_ddr2|ddr2_controller_phy_inst|ddr2_phy_inst|ddr2_phy_ck_n_M1_DDR2_clk_n[0]_ac_rise'
Slack : 0.808
TNS   : 0.000

Type  : Fast 900mV 0C Model Setup 'SS_OCT_SOPC_inst|the_ddr2|ddr2_controller_phy_inst|ddr2_phy_inst|ddr2_phy_ck_p_M1_DDR2_clk[0]_ac_fall'
Slack : 0.808
TNS   : 0.000

Type  : Fast 900mV 0C Model Setup 'SS_OCT_SOPC_inst|the_ddr2|ddr2_controller_phy_inst|ddr2_phy_inst|ddr2_phy_ck_n_M1_DDR2_clk_n[1]_ac_fall'
Slack : 0.813
TNS   : 0.000

Type  : Fast 900mV 0C Model Setup 'SS_OCT_SOPC_inst|the_ddr2|ddr2_controller_phy_inst|ddr2_phy_inst|ddr2_phy_ck_n_M1_DDR2_clk_n[0]_ac_fall'
Slack : 0.815
TNS   : 0.000

Type  : Fast 900mV 0C Model Setup 'SS_OCT_SOPC_inst|the_ddr2|ddr2_controller_phy_inst|ddr2_phy_inst|ddr2_phy_alt_mem_phy_inst|dpio|ddr_clkdiv_gen.clk_div_master|clkout'
Slack : 1.108
TNS   : 0.000

Type  : Fast 900mV 0C Model Setup 'SS_OCT_SOPC_inst|the_ddr2|ddr2_controller_phy_inst|ddr2_phy_inst|ddr2_phy_alt_mem_phy_inst|dpio|ddr_clkdiv_gen.grp_gen[0].slaves_gen[1].clk_div_slave|clkout'
Slack : 1.108
TNS   : 0.000

Type  : Fast 900mV 0C Model Setup 'SS_OCT_SOPC_inst|the_ddr2|ddr2_controller_phy_inst|ddr2_phy_inst|ddr2_phy_alt_mem_phy_inst|dpio|ddr_clkdiv_gen.grp_gen[1].slaves_gen[0].clk_div_slave|clkout'
Slack : 1.108
TNS   : 0.000

Type  : Fast 900mV 0C Model Setup 'SS_OCT_SOPC_inst|the_ddr2|ddr2_controller_phy_inst|ddr2_phy_inst|ddr2_phy_alt_mem_phy_inst|dpio|ddr_clkdiv_gen.grp_gen[1].slaves_gen[1].clk_div_slave|clkout'
Slack : 1.108
TNS   : 0.000

Type  : Fast 900mV 0C Model Setup 'SS_OCT_SOPC_inst|the_ddr2|ddr2_controller_phy_inst|ddr2_phy_inst|ddr2_phy_alt_mem_phy_inst|dpio|ddr_clkdiv_gen.grp_gen[3].slaves_gen[0].clk_div_slave|clkout'
Slack : 1.108
TNS   : 0.000

Type  : Fast 900mV 0C Model Setup 'SS_OCT_SOPC_inst|the_ddr2|ddr2_controller_phy_inst|ddr2_phy_inst|ddr2_phy_alt_mem_phy_inst|dpio|ddr_clkdiv_gen.grp_gen[3].slaves_gen[1].clk_div_slave|clkout'
Slack : 1.108
TNS   : 0.000

Type  : Fast 900mV 0C Model Setup 'SS_OCT_SOPC_inst|the_ddr2|ddr2_controller_phy_inst|ddr2_phy_inst|ddr2_phy_alt_mem_phy_inst|dpio|ddr_clkdiv_gen.grp_gen[2].slaves_gen[0].clk_div_slave|clkout'
Slack : 1.109
TNS   : 0.000

Type  : Fast 900mV 0C Model Setup 'SS_OCT_SOPC_inst|the_ddr2|ddr2_controller_phy_inst|ddr2_phy_inst|ddr2_phy_alt_mem_phy_inst|dpio|ddr_clkdiv_gen.grp_gen[2].slaves_gen[1].clk_div_slave|clkout'
Slack : 1.109
TNS   : 0.000

Type  : Fast 900mV 0C Model Setup 'SS_OCT_SOPC_inst|the_ddr2|ddr2_controller_phy_inst|ddr2_phy_inst|ddr2_phy_alt_mem_phy_inst|dpio|ddr_clkdiv_gen.grp_gen[4].slaves_gen[0].clk_div_slave|clkout'
Slack : 1.109
TNS   : 0.000

Type  : Fast 900mV 0C Model Setup 'SS_OCT_SOPC_inst|the_ddr2|ddr2_controller_phy_inst|ddr2_phy_inst|ddr2_phy_alt_mem_phy_inst|dpio|ddr_clkdiv_gen.grp_gen[4].slaves_gen[1].clk_div_slave|clkout'
Slack : 1.109
TNS   : 0.000

Type  : Fast 900mV 0C Model Setup 'SS_OCT_SOPC_inst|the_ddr2|ddr2_controller_phy_inst|ddr2_phy_inst|ddr2_phy_alt_mem_phy_inst|dpio|ddr_clkdiv_gen.grp_gen[5].slaves_gen[0].clk_div_slave|clkout'
Slack : 1.109
TNS   : 0.000

Type  : Fast 900mV 0C Model Setup 'SS_OCT_SOPC_inst|the_ddr2|ddr2_controller_phy_inst|ddr2_phy_inst|ddr2_phy_alt_mem_phy_inst|dpio|ddr_clkdiv_gen.grp_gen[5].slaves_gen[1].clk_div_slave|clkout'
Slack : 1.109
TNS   : 0.000

Type  : Fast 900mV 0C Model Setup 'SS_OCT_SOPC_inst|the_ddr2|ddr2_controller_phy_inst|ddr2_phy_inst|ddr2_phy_alt_mem_phy_inst|dpio|ddr_clkdiv_gen.grp_gen[6].slaves_gen[0].clk_div_slave|clkout'
Slack : 1.109
TNS   : 0.000

Type  : Fast 900mV 0C Model Setup 'SS_OCT_SOPC_inst|the_ddr2|ddr2_controller_phy_inst|ddr2_phy_inst|ddr2_phy_alt_mem_phy_inst|dpio|ddr_clkdiv_gen.grp_gen[6].slaves_gen[1].clk_div_slave|clkout'
Slack : 1.109
TNS   : 0.000

Type  : Fast 900mV 0C Model Setup 'SS_OCT_SOPC_inst|the_ddr2|ddr2_controller_phy_inst|ddr2_phy_inst|ddr2_phy_alt_mem_phy_inst|dpio|ddr_clkdiv_gen.grp_gen[7].slaves_gen[0].clk_div_slave|clkout'
Slack : 1.109
TNS   : 0.000

Type  : Fast 900mV 0C Model Setup 'SS_OCT_SOPC_inst|the_ddr2|ddr2_controller_phy_inst|ddr2_phy_inst|ddr2_phy_alt_mem_phy_inst|dpio|ddr_clkdiv_gen.grp_gen[7].slaves_gen[1].clk_div_slave|clkout'
Slack : 1.109
TNS   : 0.000

Type  : Fast 900mV 0C Model Setup 'SS_OCT_SOPC_inst|the_ddr2|ddr2_controller_phy_inst|ddr2_phy_inst|ddr2_phy_alt_mem_phy_inst|clk|half_rate.pll|altpll_component|auto_generated|pll1|clk[3]'
Slack : 1.118
TNS   : 0.000

Type  : Fast 900mV 0C Model Setup 'SS_OCT_SOPC_inst|the_ddr2|ddr2_controller_phy_inst|ddr2_phy_inst|ddr2_phy_alt_mem_phy_inst|clk|half_rate.pll|altpll_component|auto_generated|pll1|clk[0]'
Slack : 1.303
TNS   : 0.000

Type  : Fast 900mV 0C Model Setup 'SS_OCT_SOPC_inst|the_ddr2|ddr2_controller_phy_inst|ddr2_phy_inst|ddr2_phy_alt_mem_phy_inst|clk|half_rate.pll|altpll_component|auto_generated|pll1|clk[6]'
Slack : 1.344
TNS   : 0.000

Type  : Fast 900mV 0C Model Setup 'SS_OCT_SOPC_inst|the_ddr2|ddr2_controller_phy_inst|ddr2_phy_inst|ddr2_phy_alt_mem_phy_inst|clk|half_rate.pll|altpll_component|auto_generated|pll1|clk[1]'
Slack : 1.715
TNS   : 0.000

Type  : Fast 900mV 0C Model Setup 'SS_OCT_SOPC_inst|the_ddr2|ddr2_controller_phy_inst|ddr2_phy_inst|ddr2_phy_alt_mem_phy_inst|clk|half_rate.pll|altpll_component|auto_generated|pll1|clk[5]'
Slack : 3.436
TNS   : 0.000

Type  : Fast 900mV 0C Model Setup 'SS_OCT_SOPC_inst|the_tse_mac|altera_tse_mac_pcs_pma_inst|the_altera_tse_pma_lvds_rx|altlvds_rx_component|auto_generated|rx[0]|clk0'
Slack : 3.510
TNS   : 0.000

Type  : Fast 900mV 0C Model Setup 'SS_OCT_SOPC_inst|the_ddr2|ddr2_controller_phy_inst|ddr2_phy_inst|ddr2_phy_alt_mem_phy_inst|clk|scan_clk|q_clock'
Slack : 8.863
TNS   : 0.000

Type  : Fast 900mV 0C Model Setup 'altera_reserved_tck'
Slack : 46.891
TNS   : 0.000

Type  : Fast 900mV 0C Model Hold 'pll_125_ins|altpll_component|auto_generated|pll1|clk[0]'
Slack : -0.912
TNS   : -4.231

Type  : Fast 900mV 0C Model Hold 'SS_OCT_SOPC_inst|the_ddr2|ddr2_controller_phy_inst|ddr2_phy_inst|ddr2_phy_alt_mem_phy_inst|clk|half_rate.pll|altpll_component|auto_generated|pll1|clk[0]'
Slack : 0.082
TNS   : 0.000

Type  : Fast 900mV 0C Model Hold 'SS_OCT_SOPC_inst|the_ddr2|ddr2_controller_phy_inst|ddr2_phy_inst|ddr2_phy_alt_mem_phy_inst|dpio|ddr_clkdiv_gen.grp_gen[6].slaves_gen[0].clk_div_slave|clkout'
Slack : 0.085
TNS   : 0.000

Type  : Fast 900mV 0C Model Hold 'OSC_50_BANK3'
Slack : 0.091
TNS   : 0.000

Type  : Fast 900mV 0C Model Hold 'altera_reserved_tck'
Slack : 0.091
TNS   : 0.000

Type  : Fast 900mV 0C Model Hold 'ADA_DCO'
Slack : 0.096
TNS   : 0.000

Type  : Fast 900mV 0C Model Hold 'SS_OCT_SOPC_inst|the_ddr2|ddr2_controller_phy_inst|ddr2_phy_inst|ddr2_phy_alt_mem_phy_inst|dpio|ddr_clkdiv_gen.grp_gen[4].slaves_gen[0].clk_div_slave|clkout'
Slack : 0.098
TNS   : 0.000

Type  : Fast 900mV 0C Model Hold 'SS_OCT_SOPC_inst|the_tse_mac|altera_tse_mac_pcs_pma_inst|the_altera_tse_pma_lvds_rx|altlvds_rx_component|auto_generated|rx[0]|clk0'
Slack : 0.099
TNS   : 0.000

Type  : Fast 900mV 0C Model Hold 'SS_OCT_SOPC_inst|the_ddr2|ddr2_controller_phy_inst|ddr2_phy_inst|ddr2_phy_alt_mem_phy_inst|dpio|ddr_clkdiv_gen.grp_gen[7].slaves_gen[0].clk_div_slave|clkout'
Slack : 0.107
TNS   : 0.000

Type  : Fast 900mV 0C Model Hold 'SS_OCT_SOPC_inst|the_ddr2|ddr2_controller_phy_inst|ddr2_phy_inst|ddr2_phy_alt_mem_phy_inst|dpio|ddr_clkdiv_gen.grp_gen[1].slaves_gen[0].clk_div_slave|clkout'
Slack : 0.111
TNS   : 0.000

Type  : Fast 900mV 0C Model Hold 'SS_OCT_SOPC_inst|the_ddr2|ddr2_controller_phy_inst|ddr2_phy_inst|ddr2_phy_alt_mem_phy_inst|dpio|ddr_clkdiv_gen.clk_div_master|clkout'
Slack : 0.121
TNS   : 0.000

Type  : Fast 900mV 0C Model Hold 'SS_OCT_SOPC_inst|the_ddr2|ddr2_controller_phy_inst|ddr2_phy_inst|ddr2_phy_alt_mem_phy_inst|clk|half_rate.pll|altpll_component|auto_generated|pll1|clk[6]'
Slack : 0.124
TNS   : 0.000

Type  : Fast 900mV 0C Model Hold 'SS_OCT_SOPC_inst|the_ddr2|ddr2_controller_phy_inst|ddr2_phy_inst|ddr2_phy_alt_mem_phy_inst|dpio|ddr_clkdiv_gen.grp_gen[3].slaves_gen[0].clk_div_slave|clkout'
Slack : 0.128
TNS   : 0.000

Type  : Fast 900mV 0C Model Hold 'SS_OCT_SOPC_inst|the_ddr2|ddr2_controller_phy_inst|ddr2_phy_inst|ddr2_phy_alt_mem_phy_inst|dpio|ddr_clkdiv_gen.grp_gen[5].slaves_gen[0].clk_div_slave|clkout'
Slack : 0.129
TNS   : 0.000

Type  : Fast 900mV 0C Model Hold 'SS_OCT_SOPC_inst|the_pll|the_pll|altpll_component|auto_generated|pll1|clk[0]'
Slack : 0.129
TNS   : 0.000

Type  : Fast 900mV 0C Model Hold 'SS_OCT_SOPC_inst|the_ddr2|ddr2_controller_phy_inst|ddr2_phy_inst|ddr2_phy_alt_mem_phy_inst|clk|half_rate.pll|altpll_component|auto_generated|pll1|clk[5]'
Slack : 0.130
TNS   : 0.000

Type  : Fast 900mV 0C Model Hold 'SS_OCT_SOPC_inst|the_ddr2|ddr2_controller_phy_inst|ddr2_phy_inst|ddr2_phy_alt_mem_phy_inst|dpio|ddr_clkdiv_gen.grp_gen[2].slaves_gen[0].clk_div_slave|clkout'
Slack : 0.135
TNS   : 0.000

Type  : Fast 900mV 0C Model Hold 'SS_OCT_SOPC_inst|the_ddr2|ddr2_controller_phy_inst|ddr2_phy_inst|ddr2_phy_alt_mem_phy_inst|clk|scan_clk|q_clock'
Slack : 0.162
TNS   : 0.000

Type  : Fast 900mV 0C Model Hold 'SS_OCT_SOPC_inst|the_ddr2|ddr2_controller_phy_inst|ddr2_phy_inst|ddr2_phy_alt_mem_phy_inst|clk|half_rate.pll|altpll_component|auto_generated|pll1|clk[1]'
Slack : 0.440
TNS   : 0.000

Type  : Fast 900mV 0C Model Hold 'SS_OCT_SOPC_inst|the_ddr2|ddr2_controller_phy_inst|ddr2_phy_inst|ddr2_phy_ck_n_M1_DDR2_clk_n[0]_tDQSS'
Slack : 0.492
TNS   : 0.000

Type  : Fast 900mV 0C Model Hold 'SS_OCT_SOPC_inst|the_ddr2|ddr2_controller_phy_inst|ddr2_phy_inst|ddr2_phy_ck_n_M1_DDR2_clk_n[1]_tDQSS'
Slack : 0.493
TNS   : 0.000

Type  : Fast 900mV 0C Model Hold 'SS_OCT_SOPC_inst|the_ddr2|ddr2_controller_phy_inst|ddr2_phy_inst|ddr2_phy_ck_n_M1_DDR2_clk_n[0]_ac_fall'
Slack : 0.502
TNS   : 0.000

Type  : Fast 900mV 0C Model Hold 'SS_OCT_SOPC_inst|the_ddr2|ddr2_controller_phy_inst|ddr2_phy_inst|ddr2_phy_ck_n_M1_DDR2_clk_n[1]_ac_fall'
Slack : 0.503
TNS   : 0.000

Type  : Fast 900mV 0C Model Hold 'SS_OCT_SOPC_inst|the_ddr2|ddr2_controller_phy_inst|ddr2_phy_inst|ddr2_phy_ck_n_M1_DDR2_clk_n[0]_ac_rise'
Slack : 0.519
TNS   : 0.000

Type  : Fast 900mV 0C Model Hold 'SS_OCT_SOPC_inst|the_ddr2|ddr2_controller_phy_inst|ddr2_phy_inst|ddr2_phy_ck_n_M1_DDR2_clk_n[1]_ac_rise'
Slack : 0.520
TNS   : 0.000

Type  : Fast 900mV 0C Model Hold 'SS_OCT_SOPC_inst|the_ddr2|ddr2_controller_phy_inst|ddr2_phy_inst|ddr2_phy_ck_p_M1_DDR2_clk[0]_tDQSS'
Slack : 0.520
TNS   : 0.000

Type  : Fast 900mV 0C Model Hold 'SS_OCT_SOPC_inst|the_ddr2|ddr2_controller_phy_inst|ddr2_phy_inst|ddr2_phy_ck_p_M1_DDR2_clk[1]_tDQSS'
Slack : 0.520
TNS   : 0.000

Type  : Fast 900mV 0C Model Hold 'SS_OCT_SOPC_inst|the_ddr2|ddr2_controller_phy_inst|ddr2_phy_inst|ddr2_phy_ck_p_M1_DDR2_clk[0]_ac_fall'
Slack : 0.530
TNS   : 0.000

Type  : Fast 900mV 0C Model Hold 'SS_OCT_SOPC_inst|the_ddr2|ddr2_controller_phy_inst|ddr2_phy_inst|ddr2_phy_ck_p_M1_DDR2_clk[1]_ac_fall'
Slack : 0.530
TNS   : 0.000

Type  : Fast 900mV 0C Model Hold 'SS_OCT_SOPC_inst|the_ddr2|ddr2_controller_phy_inst|ddr2_phy_inst|ddr2_phy_ck_p_M1_DDR2_clk[0]_ac_rise'
Slack : 0.547
TNS   : 0.000

Type  : Fast 900mV 0C Model Hold 'SS_OCT_SOPC_inst|the_ddr2|ddr2_controller_phy_inst|ddr2_phy_inst|ddr2_phy_ck_p_M1_DDR2_clk[1]_ac_rise'
Slack : 0.547
TNS   : 0.000

Type  : Fast 900mV 0C Model Hold 'SS_OCT_SOPC_inst|the_ddr2|ddr2_controller_phy_inst|ddr2_phy_inst|ddr2_phy_ck_n_M1_DDR2_clk_n[0]_tDSS'
Slack : 0.605
TNS   : 0.000

Type  : Fast 900mV 0C Model Hold 'SS_OCT_SOPC_inst|the_ddr2|ddr2_controller_phy_inst|ddr2_phy_inst|ddr2_phy_ck_n_M1_DDR2_clk_n[1]_tDSS'
Slack : 0.606
TNS   : 0.000

Type  : Fast 900mV 0C Model Hold 'SS_OCT_SOPC_inst|the_ddr2|ddr2_controller_phy_inst|ddr2_phy_inst|ddr2_phy_ck_p_M1_DDR2_clk[0]_tDSS'
Slack : 0.633
TNS   : 0.000

Type  : Fast 900mV 0C Model Hold 'SS_OCT_SOPC_inst|the_ddr2|ddr2_controller_phy_inst|ddr2_phy_inst|ddr2_phy_ck_p_M1_DDR2_clk[1]_tDSS'
Slack : 0.633
TNS   : 0.000

Type  : Fast 900mV 0C Model Hold 'SS_OCT_SOPC_inst|the_ddr2|ddr2_controller_phy_inst|ddr2_phy_inst|ddr2_phy_alt_mem_phy_inst|clk|half_rate.pll|altpll_component|auto_generated|pll1|clk[3]'
Slack : 1.082
TNS   : 0.000

Type  : Fast 900mV 0C Model Hold 'SS_OCT_SOPC_inst|the_ddr2|ddr2_controller_phy_inst|ddr2_phy_inst|ddr2_phy_alt_mem_phy_inst|dpio|ddr_clkdiv_gen.grp_gen[0].slaves_gen[1].clk_div_slave|clkout'
Slack : 1.129
TNS   : 0.000

Type  : Fast 900mV 0C Model Hold 'SS_OCT_SOPC_inst|the_ddr2|ddr2_controller_phy_inst|ddr2_phy_inst|ddr2_phy_alt_mem_phy_inst|dpio|ddr_clkdiv_gen.grp_gen[1].slaves_gen[1].clk_div_slave|clkout'
Slack : 1.129
TNS   : 0.000

Type  : Fast 900mV 0C Model Hold 'SS_OCT_SOPC_inst|the_ddr2|ddr2_controller_phy_inst|ddr2_phy_inst|ddr2_phy_alt_mem_phy_inst|dpio|ddr_clkdiv_gen.grp_gen[3].slaves_gen[1].clk_div_slave|clkout'
Slack : 1.129
TNS   : 0.000

Type  : Fast 900mV 0C Model Hold 'SS_OCT_SOPC_inst|the_ddr2|ddr2_controller_phy_inst|ddr2_phy_inst|ddr2_phy_alt_mem_phy_inst|dpio|ddr_clkdiv_gen.grp_gen[6].slaves_gen[1].clk_div_slave|clkout'
Slack : 1.129
TNS   : 0.000

Type  : Fast 900mV 0C Model Hold 'SS_OCT_SOPC_inst|the_ddr2|ddr2_controller_phy_inst|ddr2_phy_inst|ddr2_phy_alt_mem_phy_inst|dpio|ddr_clkdiv_gen.grp_gen[7].slaves_gen[1].clk_div_slave|clkout'
Slack : 1.129
TNS   : 0.000

Type  : Fast 900mV 0C Model Hold 'SS_OCT_SOPC_inst|the_ddr2|ddr2_controller_phy_inst|ddr2_phy_inst|ddr2_phy_alt_mem_phy_inst|dpio|ddr_clkdiv_gen.grp_gen[2].slaves_gen[1].clk_div_slave|clkout'
Slack : 1.130
TNS   : 0.000

Type  : Fast 900mV 0C Model Hold 'SS_OCT_SOPC_inst|the_ddr2|ddr2_controller_phy_inst|ddr2_phy_inst|ddr2_phy_alt_mem_phy_inst|dpio|ddr_clkdiv_gen.grp_gen[4].slaves_gen[1].clk_div_slave|clkout'
Slack : 1.130
TNS   : 0.000

Type  : Fast 900mV 0C Model Hold 'SS_OCT_SOPC_inst|the_ddr2|ddr2_controller_phy_inst|ddr2_phy_inst|ddr2_phy_alt_mem_phy_inst|dpio|ddr_clkdiv_gen.grp_gen[5].slaves_gen[1].clk_div_slave|clkout'
Slack : 1.130
TNS   : 0.000

Type  : Fast 900mV 0C Model Hold 'SS_OCT_SOPC_inst|the_ddr2|ddr2_controller_phy_inst|ddr2_phy_inst|ddr2_phy_alt_mem_phy_inst|clk|half_rate.pll|altpll_component|auto_generated|pll1|clk[4]'
Slack : 1.494
TNS   : 0.000

Type  : Fast 900mV 0C Model Recovery 'SS_OCT_SOPC_inst|the_ddr2|ddr2_controller_phy_inst|ddr2_phy_inst|ddr2_phy_alt_mem_phy_inst|clk|half_rate.pll|altpll_component|auto_generated|pll1|clk[0]'
Slack : 0.088
TNS   : 0.000

Type  : Fast 900mV 0C Model Recovery 'pll_125_ins|altpll_component|auto_generated|pll1|clk[0]'
Slack : 0.484
TNS   : 0.000

Type  : Fast 900mV 0C Model Recovery 'SS_OCT_SOPC_inst|the_ddr2|ddr2_controller_phy_inst|ddr2_phy_inst|ddr2_phy_alt_mem_phy_inst|dpio|ddr_clkdiv_gen.grp_gen[7].slaves_gen[0].clk_div_slave|clkout'
Slack : 2.689
TNS   : 0.000

Type  : Fast 900mV 0C Model Recovery 'SS_OCT_SOPC_inst|the_ddr2|ddr2_controller_phy_inst|ddr2_phy_inst|ddr2_phy_alt_mem_phy_inst|dpio|ddr_clkdiv_gen.grp_gen[4].slaves_gen[0].clk_div_slave|clkout'
Slack : 2.837
TNS   : 0.000

Type  : Fast 900mV 0C Model Recovery 'SS_OCT_SOPC_inst|the_pll|the_pll|altpll_component|auto_generated|pll1|clk[0]'
Slack : 2.866
TNS   : 0.000

Type  : Fast 900mV 0C Model Recovery 'SS_OCT_SOPC_inst|the_ddr2|ddr2_controller_phy_inst|ddr2_phy_inst|ddr2_phy_alt_mem_phy_inst|dpio|ddr_clkdiv_gen.grp_gen[5].slaves_gen[0].clk_div_slave|clkout'
Slack : 2.948
TNS   : 0.000

Type  : Fast 900mV 0C Model Recovery 'SS_OCT_SOPC_inst|the_ddr2|ddr2_controller_phy_inst|ddr2_phy_inst|ddr2_phy_alt_mem_phy_inst|dpio|ddr_clkdiv_gen.grp_gen[6].slaves_gen[0].clk_div_slave|clkout'
Slack : 2.978
TNS   : 0.000

Type  : Fast 900mV 0C Model Recovery 'SS_OCT_SOPC_inst|the_ddr2|ddr2_controller_phy_inst|ddr2_phy_inst|ddr2_phy_alt_mem_phy_inst|dpio|ddr_clkdiv_gen.grp_gen[2].slaves_gen[0].clk_div_slave|clkout'
Slack : 3.513
TNS   : 0.000

Type  : Fast 900mV 0C Model Recovery 'SS_OCT_SOPC_inst|the_ddr2|ddr2_controller_phy_inst|ddr2_phy_inst|ddr2_phy_alt_mem_phy_inst|dpio|ddr_clkdiv_gen.grp_gen[3].slaves_gen[0].clk_div_slave|clkout'
Slack : 3.681
TNS   : 0.000

Type  : Fast 900mV 0C Model Recovery 'SS_OCT_SOPC_inst|the_ddr2|ddr2_controller_phy_inst|ddr2_phy_inst|ddr2_phy_alt_mem_phy_inst|clk|half_rate.pll|altpll_component|auto_generated|pll1|clk[6]'
Slack : 3.797
TNS   : 0.000

Type  : Fast 900mV 0C Model Recovery 'SS_OCT_SOPC_inst|the_ddr2|ddr2_controller_phy_inst|ddr2_phy_inst|ddr2_phy_alt_mem_phy_inst|dpio|ddr_clkdiv_gen.grp_gen[1].slaves_gen[0].clk_div_slave|clkout'
Slack : 3.996
TNS   : 0.000

Type  : Fast 900mV 0C Model Recovery 'SS_OCT_SOPC_inst|the_ddr2|ddr2_controller_phy_inst|ddr2_phy_inst|ddr2_phy_alt_mem_phy_inst|dpio|ddr_clkdiv_gen.clk_div_master|clkout'
Slack : 4.328
TNS   : 0.000

Type  : Fast 900mV 0C Model Recovery 'SS_OCT_SOPC_inst|the_ddr2|ddr2_controller_phy_inst|ddr2_phy_inst|ddr2_phy_alt_mem_phy_inst|clk|half_rate.pll|altpll_component|auto_generated|pll1|clk[5]'
Slack : 4.501
TNS   : 0.000

Type  : Fast 900mV 0C Model Recovery 'OSC_50_BANK3'
Slack : 5.678
TNS   : 0.000

Type  : Fast 900mV 0C Model Recovery 'SS_OCT_SOPC_inst|the_ddr2|ddr2_controller_phy_inst|ddr2_phy_inst|ddr2_phy_alt_mem_phy_inst|clk|scan_clk|q_clock'
Slack : 19.497
TNS   : 0.000

Type  : Fast 900mV 0C Model Recovery 'altera_reserved_tck'
Slack : 46.770
TNS   : 0.000

Type  : Fast 900mV 0C Model Removal 'altera_reserved_tck'
Slack : -0.998
TNS   : -0.998

Type  : Fast 900mV 0C Model Removal 'pll_125_ins|altpll_component|auto_generated|pll1|clk[0]'
Slack : -0.153
TNS   : -154.322

Type  : Fast 900mV 0C Model Removal 'SS_OCT_SOPC_inst|the_ddr2|ddr2_controller_phy_inst|ddr2_phy_inst|ddr2_phy_alt_mem_phy_inst|clk|half_rate.pll|altpll_component|auto_generated|pll1|clk[0]'
Slack : 0.239
TNS   : 0.000

Type  : Fast 900mV 0C Model Removal 'OSC_50_BANK3'
Slack : 0.240
TNS   : 0.000

Type  : Fast 900mV 0C Model Removal 'SS_OCT_SOPC_inst|the_pll|the_pll|altpll_component|auto_generated|pll1|clk[0]'
Slack : 0.244
TNS   : 0.000

Type  : Fast 900mV 0C Model Removal 'SS_OCT_SOPC_inst|the_ddr2|ddr2_controller_phy_inst|ddr2_phy_inst|ddr2_phy_alt_mem_phy_inst|clk|half_rate.pll|altpll_component|auto_generated|pll1|clk[5]'
Slack : 0.248
TNS   : 0.000

Type  : Fast 900mV 0C Model Removal 'SS_OCT_SOPC_inst|the_ddr2|ddr2_controller_phy_inst|ddr2_phy_inst|ddr2_phy_alt_mem_phy_inst|clk|scan_clk|q_clock'
Slack : 0.280
TNS   : 0.000

Type  : Fast 900mV 0C Model Removal 'SS_OCT_SOPC_inst|the_ddr2|ddr2_controller_phy_inst|ddr2_phy_inst|ddr2_phy_alt_mem_phy_inst|dpio|ddr_clkdiv_gen.grp_gen[1].slaves_gen[0].clk_div_slave|clkout'
Slack : 0.300
TNS   : 0.000

Type  : Fast 900mV 0C Model Removal 'SS_OCT_SOPC_inst|the_ddr2|ddr2_controller_phy_inst|ddr2_phy_inst|ddr2_phy_alt_mem_phy_inst|dpio|ddr_clkdiv_gen.grp_gen[6].slaves_gen[0].clk_div_slave|clkout'
Slack : 0.333
TNS   : 0.000

Type  : Fast 900mV 0C Model Removal 'SS_OCT_SOPC_inst|the_ddr2|ddr2_controller_phy_inst|ddr2_phy_inst|ddr2_phy_alt_mem_phy_inst|dpio|ddr_clkdiv_gen.grp_gen[3].slaves_gen[0].clk_div_slave|clkout'
Slack : 0.352
TNS   : 0.000

Type  : Fast 900mV 0C Model Removal 'SS_OCT_SOPC_inst|the_ddr2|ddr2_controller_phy_inst|ddr2_phy_inst|ddr2_phy_alt_mem_phy_inst|dpio|ddr_clkdiv_gen.grp_gen[7].slaves_gen[0].clk_div_slave|clkout'
Slack : 0.352
TNS   : 0.000

Type  : Fast 900mV 0C Model Removal 'SS_OCT_SOPC_inst|the_ddr2|ddr2_controller_phy_inst|ddr2_phy_inst|ddr2_phy_alt_mem_phy_inst|dpio|ddr_clkdiv_gen.clk_div_master|clkout'
Slack : 0.354
TNS   : 0.000

Type  : Fast 900mV 0C Model Removal 'SS_OCT_SOPC_inst|the_ddr2|ddr2_controller_phy_inst|ddr2_phy_inst|ddr2_phy_alt_mem_phy_inst|dpio|ddr_clkdiv_gen.grp_gen[2].slaves_gen[0].clk_div_slave|clkout'
Slack : 0.396
TNS   : 0.000

Type  : Fast 900mV 0C Model Removal 'SS_OCT_SOPC_inst|the_ddr2|ddr2_controller_phy_inst|ddr2_phy_inst|ddr2_phy_alt_mem_phy_inst|dpio|ddr_clkdiv_gen.grp_gen[5].slaves_gen[0].clk_div_slave|clkout'
Slack : 0.410
TNS   : 0.000

Type  : Fast 900mV 0C Model Removal 'SS_OCT_SOPC_inst|the_ddr2|ddr2_controller_phy_inst|ddr2_phy_inst|ddr2_phy_alt_mem_phy_inst|clk|half_rate.pll|altpll_component|auto_generated|pll1|clk[6]'
Slack : 0.460
TNS   : 0.000

Type  : Fast 900mV 0C Model Removal 'SS_OCT_SOPC_inst|the_ddr2|ddr2_controller_phy_inst|ddr2_phy_inst|ddr2_phy_alt_mem_phy_inst|dpio|ddr_clkdiv_gen.grp_gen[4].slaves_gen[0].clk_div_slave|clkout'
Slack : 0.589
TNS   : 0.000

Type  : Fast 900mV 0C Model Minimum Pulse Width 'altera_reserved_tck'
Slack : 0.000
TNS   : 0.000

Type  : Fast 900mV 0C Model Minimum Pulse Width 'SS_OCT_SOPC_inst|the_tse_mac|altera_tse_mac_pcs_pma_inst|the_altera_tse_pma_lvds_rx|altlvds_rx_component|auto_generated|pll|clk[0]'
Slack : 0.168
TNS   : 0.000

Type  : Fast 900mV 0C Model Minimum Pulse Width 'SS_OCT_SOPC_inst|the_ddr2|ddr2_controller_phy_inst|ddr2_phy_inst|ddr2_phy_alt_mem_phy_inst|clk|half_rate.pll|altpll_component|auto_generated|pll1|clk[1]'
Slack : 0.492
TNS   : 0.000

Type  : Fast 900mV 0C Model Minimum Pulse Width 'SS_OCT_SOPC_inst|the_ddr2|ddr2_controller_phy_inst|ddr2_phy_inst|ddr2_phy_alt_mem_phy_inst|clk|half_rate.pll|altpll_component|auto_generated|pll1|clk[3]'
Slack : 0.493
TNS   : 0.000

Type  : Fast 900mV 0C Model Minimum Pulse Width 'SS_OCT_SOPC_inst|the_ddr2|ddr2_controller_phy_inst|ddr2_phy_inst|ddr2_phy_alt_mem_phy_inst|clk|half_rate.pll|altpll_component|auto_generated|pll1|clk[4]'
Slack : 0.700
TNS   : 0.000

Type  : Fast 900mV 0C Model Minimum Pulse Width 'SS_OCT_SOPC_inst|the_ddr2|ddr2_controller_phy_inst|ddr2_phy_inst|ddr2_phy_alt_mem_phy_inst|dpio|ddr_clkdiv_gen.clk_div_master|clkout'
Slack : 1.702
TNS   : 0.000

Type  : Fast 900mV 0C Model Minimum Pulse Width 'SS_OCT_SOPC_inst|the_ddr2|ddr2_controller_phy_inst|ddr2_phy_inst|ddr2_phy_alt_mem_phy_inst|dpio|ddr_clkdiv_gen.grp_gen[1].slaves_gen[0].clk_div_slave|clkout'
Slack : 1.702
TNS   : 0.000

Type  : Fast 900mV 0C Model Minimum Pulse Width 'SS_OCT_SOPC_inst|the_ddr2|ddr2_controller_phy_inst|ddr2_phy_inst|ddr2_phy_alt_mem_phy_inst|dpio|ddr_clkdiv_gen.grp_gen[2].slaves_gen[0].clk_div_slave|clkout'
Slack : 1.702
TNS   : 0.000

Type  : Fast 900mV 0C Model Minimum Pulse Width 'SS_OCT_SOPC_inst|the_ddr2|ddr2_controller_phy_inst|ddr2_phy_inst|ddr2_phy_alt_mem_phy_inst|dpio|ddr_clkdiv_gen.grp_gen[3].slaves_gen[0].clk_div_slave|clkout'
Slack : 1.702
TNS   : 0.000

Type  : Fast 900mV 0C Model Minimum Pulse Width 'SS_OCT_SOPC_inst|the_ddr2|ddr2_controller_phy_inst|ddr2_phy_inst|ddr2_phy_alt_mem_phy_inst|dpio|ddr_clkdiv_gen.grp_gen[4].slaves_gen[0].clk_div_slave|clkout'
Slack : 1.702
TNS   : 0.000

Type  : Fast 900mV 0C Model Minimum Pulse Width 'SS_OCT_SOPC_inst|the_ddr2|ddr2_controller_phy_inst|ddr2_phy_inst|ddr2_phy_alt_mem_phy_inst|dpio|ddr_clkdiv_gen.grp_gen[5].slaves_gen[0].clk_div_slave|clkout'
Slack : 1.702
TNS   : 0.000

Type  : Fast 900mV 0C Model Minimum Pulse Width 'SS_OCT_SOPC_inst|the_ddr2|ddr2_controller_phy_inst|ddr2_phy_inst|ddr2_phy_alt_mem_phy_inst|dpio|ddr_clkdiv_gen.grp_gen[6].slaves_gen[0].clk_div_slave|clkout'
Slack : 1.702
TNS   : 0.000

Type  : Fast 900mV 0C Model Minimum Pulse Width 'SS_OCT_SOPC_inst|the_ddr2|ddr2_controller_phy_inst|ddr2_phy_inst|ddr2_phy_alt_mem_phy_inst|dpio|ddr_clkdiv_gen.grp_gen[7].slaves_gen[0].clk_div_slave|clkout'
Slack : 1.702
TNS   : 0.000

Type  : Fast 900mV 0C Model Minimum Pulse Width 'SS_OCT_SOPC_inst|the_ddr2|ddr2_controller_phy_inst|ddr2_phy_inst|ddr2_phy_alt_mem_phy_inst|clk|half_rate.pll|altpll_component|auto_generated|pll1|clk[0]'
Slack : 1.716
TNS   : 0.000

Type  : Fast 900mV 0C Model Minimum Pulse Width 'SS_OCT_SOPC_inst|the_ddr2|ddr2_controller_phy_inst|ddr2_phy_inst|ddr2_phy_alt_mem_phy_inst|clk|half_rate.pll|altpll_component|auto_generated|pll1|clk[6]'
Slack : 1.742
TNS   : 0.000

Type  : Fast 900mV 0C Model Minimum Pulse Width 'SS_OCT_SOPC_inst|the_ddr2|ddr2_controller_phy_inst|ddr2_phy_inst|ddr2_phy_alt_mem_phy_inst|clk|half_rate.pll|altpll_component|auto_generated|pll1|clk[5]'
Slack : 2.093
TNS   : 0.000

Type  : Fast 900mV 0C Model Minimum Pulse Width 'SS_OCT_SOPC_inst|the_ddr2|ddr2_controller_phy_inst|ddr2_phy_inst|ddr2_phy_alt_mem_phy_inst|dpio|ddr_clkdiv_gen.grp_gen[0].slaves_gen[1].clk_div_slave|clkout'
Slack : 2.396
TNS   : 0.000

Type  : Fast 900mV 0C Model Minimum Pulse Width 'SS_OCT_SOPC_inst|the_ddr2|ddr2_controller_phy_inst|ddr2_phy_inst|ddr2_phy_alt_mem_phy_inst|dpio|ddr_clkdiv_gen.grp_gen[1].slaves_gen[1].clk_div_slave|clkout'
Slack : 2.396
TNS   : 0.000

Type  : Fast 900mV 0C Model Minimum Pulse Width 'SS_OCT_SOPC_inst|the_ddr2|ddr2_controller_phy_inst|ddr2_phy_inst|ddr2_phy_alt_mem_phy_inst|dpio|ddr_clkdiv_gen.grp_gen[2].slaves_gen[1].clk_div_slave|clkout'
Slack : 2.396
TNS   : 0.000

Type  : Fast 900mV 0C Model Minimum Pulse Width 'SS_OCT_SOPC_inst|the_ddr2|ddr2_controller_phy_inst|ddr2_phy_inst|ddr2_phy_alt_mem_phy_inst|dpio|ddr_clkdiv_gen.grp_gen[3].slaves_gen[1].clk_div_slave|clkout'
Slack : 2.396
TNS   : 0.000

Type  : Fast 900mV 0C Model Minimum Pulse Width 'SS_OCT_SOPC_inst|the_ddr2|ddr2_controller_phy_inst|ddr2_phy_inst|ddr2_phy_alt_mem_phy_inst|dpio|ddr_clkdiv_gen.grp_gen[7].slaves_gen[1].clk_div_slave|clkout'
Slack : 2.396
TNS   : 0.000

Type  : Fast 900mV 0C Model Minimum Pulse Width 'SS_OCT_SOPC_inst|the_ddr2|ddr2_controller_phy_inst|ddr2_phy_inst|ddr2_phy_alt_mem_phy_inst|dpio|ddr_clkdiv_gen.grp_gen[4].slaves_gen[1].clk_div_slave|clkout'
Slack : 2.397
TNS   : 0.000

Type  : Fast 900mV 0C Model Minimum Pulse Width 'SS_OCT_SOPC_inst|the_ddr2|ddr2_controller_phy_inst|ddr2_phy_inst|ddr2_phy_alt_mem_phy_inst|dpio|ddr_clkdiv_gen.grp_gen[5].slaves_gen[1].clk_div_slave|clkout'
Slack : 2.397
TNS   : 0.000

Type  : Fast 900mV 0C Model Minimum Pulse Width 'SS_OCT_SOPC_inst|the_ddr2|ddr2_controller_phy_inst|ddr2_phy_inst|ddr2_phy_alt_mem_phy_inst|dpio|ddr_clkdiv_gen.grp_gen[6].slaves_gen[1].clk_div_slave|clkout'
Slack : 2.397
TNS   : 0.000

Type  : Fast 900mV 0C Model Minimum Pulse Width 'ADA_DCO'
Slack : 2.536
TNS   : 0.000

Type  : Fast 900mV 0C Model Minimum Pulse Width 'SS_OCT_SOPC_inst|the_pll|the_pll|altpll_component|auto_generated|pll1|clk[0]'
Slack : 2.539
TNS   : 0.000

Type  : Fast 900mV 0C Model Minimum Pulse Width 'SS_OCT_SOPC_inst|the_tse_mac|altera_tse_mac_pcs_pma_inst|the_altera_tse_pma_lvds_rx|altlvds_rx_component|auto_generated|rx[0]|clk0'
Slack : 3.190
TNS   : 0.000

Type  : Fast 900mV 0C Model Minimum Pulse Width 'pll_125_ins|altpll_component|auto_generated|pll1|clk[0]'
Slack : 3.207
TNS   : 0.000

Type  : Fast 900mV 0C Model Minimum Pulse Width 'SS_OCT_SOPC_inst|the_ddr2|ddr2_controller_phy_inst|ddr2_phy_inst|ddr2_phy_alt_mem_phy_inst|clk|scan_clk|q_clock'
Slack : 8.972
TNS   : 0.000

Type  : Fast 900mV 0C Model Minimum Pulse Width 'OSC_50_BANK3'
Slack : 9.096
TNS   : 0.000

------------------------------------------------------------
