------------------------------------------------------------
TimeQuest Timing Analyzer Summary
------------------------------------------------------------

Type  : Slow 900mV 85C Model Setup 'SOPC_INST|the_pll|the_pll|altpll_component|auto_generated|pll1|clk[0]'
Slack : -0.929
TNS   : -3.016

Type  : Slow 900mV 85C Model Setup 'SOPC_INST|the_tse_mac|altera_tse_mac_pcs_pma_inst|the_altera_tse_pma_lvds_rx|altlvds_rx_component|auto_generated|rx[0]|clk0'
Slack : 3.233
TNS   : 0.000

Type  : Slow 900mV 85C Model Setup 'pll_125_ins|altpll_component|auto_generated|pll1|clk[0]'
Slack : 3.278
TNS   : 0.000

Type  : Slow 900mV 85C Model Setup 'SOPC_INST|the_pll|the_pll|altpll_component|auto_generated|pll1|clk[1]'
Slack : 11.987
TNS   : 0.000

Type  : Slow 900mV 85C Model Setup 'OSC_50_BANK3'
Slack : 17.846
TNS   : 0.000

Type  : Slow 900mV 85C Model Setup 'OSC_50_BANK6'
Slack : 18.068
TNS   : 0.000

Type  : Slow 900mV 85C Model Setup 'OSC_50_BANK2'
Slack : 18.414
TNS   : 0.000

Type  : Slow 900mV 85C Model Setup 'altera_reserved_tck'
Slack : 44.886
TNS   : 0.000

Type  : Slow 900mV 85C Model Hold 'altera_reserved_tck'
Slack : -0.690
TNS   : -0.774

Type  : Slow 900mV 85C Model Hold 'SOPC_INST|the_tse_mac|altera_tse_mac_pcs_pma_inst|the_altera_tse_pma_lvds_rx|altlvds_rx_component|auto_generated|rx[0]|clk0'
Slack : 0.125
TNS   : 0.000

Type  : Slow 900mV 85C Model Hold 'SOPC_INST|the_pll|the_pll|altpll_component|auto_generated|pll1|clk[0]'
Slack : 0.126
TNS   : 0.000

Type  : Slow 900mV 85C Model Hold 'pll_125_ins|altpll_component|auto_generated|pll1|clk[0]'
Slack : 0.185
TNS   : 0.000

Type  : Slow 900mV 85C Model Hold 'OSC_50_BANK6'
Slack : 0.214
TNS   : 0.000

Type  : Slow 900mV 85C Model Hold 'SOPC_INST|the_pll|the_pll|altpll_component|auto_generated|pll1|clk[1]'
Slack : 0.235
TNS   : 0.000

Type  : Slow 900mV 85C Model Hold 'OSC_50_BANK3'
Slack : 0.238
TNS   : 0.000

Type  : Slow 900mV 85C Model Hold 'OSC_50_BANK2'
Slack : 0.241
TNS   : 0.000

Type  : Slow 900mV 85C Model Recovery 'SOPC_INST|the_pll|the_pll|altpll_component|auto_generated|pll1|clk[0]'
Slack : -1.975
TNS   : -3.950

Type  : Slow 900mV 85C Model Recovery 'SOPC_INST|the_pll|the_pll|altpll_component|auto_generated|pll1|clk[1]'
Slack : -1.125
TNS   : -2.250

Type  : Slow 900mV 85C Model Recovery 'OSC_50_BANK6'
Slack : 1.602
TNS   : 0.000

Type  : Slow 900mV 85C Model Recovery 'pll_125_ins|altpll_component|auto_generated|pll1|clk[0]'
Slack : 6.334
TNS   : 0.000

Type  : Slow 900mV 85C Model Recovery 'OSC_50_BANK3'
Slack : 19.132
TNS   : 0.000

Type  : Slow 900mV 85C Model Recovery 'altera_reserved_tck'
Slack : 47.421
TNS   : 0.000

Type  : Slow 900mV 85C Model Removal 'altera_reserved_tck'
Slack : -1.327
TNS   : -2.551

Type  : Slow 900mV 85C Model Removal 'OSC_50_BANK6'
Slack : -0.030
TNS   : -0.060

Type  : Slow 900mV 85C Model Removal 'OSC_50_BANK3'
Slack : 0.320
TNS   : 0.000

Type  : Slow 900mV 85C Model Removal 'pll_125_ins|altpll_component|auto_generated|pll1|clk[0]'
Slack : 0.422
TNS   : 0.000

Type  : Slow 900mV 85C Model Removal 'SOPC_INST|the_pll|the_pll|altpll_component|auto_generated|pll1|clk[0]'
Slack : 0.430
TNS   : 0.000

Type  : Slow 900mV 85C Model Removal 'SOPC_INST|the_pll|the_pll|altpll_component|auto_generated|pll1|clk[1]'
Slack : 0.887
TNS   : 0.000

Type  : Slow 900mV 85C Model Minimum Pulse Width 'altera_reserved_tck'
Slack : 0.000
TNS   : 0.000

Type  : Slow 900mV 85C Model Minimum Pulse Width 'SOPC_INST|the_tse_mac|altera_tse_mac_pcs_pma_inst|the_altera_tse_pma_lvds_rx|altlvds_rx_component|auto_generated|pll|clk[0]'
Slack : 0.113
TNS   : 0.000

Type  : Slow 900mV 85C Model Minimum Pulse Width 'SOPC_INST|the_tse_mac|altera_tse_mac_pcs_pma_inst|the_altera_tse_pma_lvds_rx|altlvds_rx_component|auto_generated|rx[0]|clk0'
Slack : 3.073
TNS   : 0.000

Type  : Slow 900mV 85C Model Minimum Pulse Width 'pll_125_ins|altpll_component|auto_generated|pll1|clk[0]'
Slack : 3.217
TNS   : 0.000

Type  : Slow 900mV 85C Model Minimum Pulse Width 'SOPC_INST|the_pll|the_pll|altpll_component|auto_generated|pll1|clk[0]'
Slack : 5.451
TNS   : 0.000

Type  : Slow 900mV 85C Model Minimum Pulse Width 'SOPC_INST|the_pll|the_pll|altpll_component|auto_generated|pll1|clk[1]'
Slack : 7.547
TNS   : 0.000

Type  : Slow 900mV 85C Model Minimum Pulse Width 'OSC_50_BANK3'
Slack : 9.178
TNS   : 0.000

Type  : Slow 900mV 85C Model Minimum Pulse Width 'OSC_50_BANK2'
Slack : 9.326
TNS   : 0.000

Type  : Slow 900mV 85C Model Minimum Pulse Width 'OSC_50_BANK6'
Slack : 9.329
TNS   : 0.000

Type  : Slow 900mV 0C Model Setup 'SOPC_INST|the_pll|the_pll|altpll_component|auto_generated|pll1|clk[0]'
Slack : -0.884
TNS   : -2.841

Type  : Slow 900mV 0C Model Setup 'SOPC_INST|the_tse_mac|altera_tse_mac_pcs_pma_inst|the_altera_tse_pma_lvds_rx|altlvds_rx_component|auto_generated|rx[0]|clk0'
Slack : 3.267
TNS   : 0.000

Type  : Slow 900mV 0C Model Setup 'pll_125_ins|altpll_component|auto_generated|pll1|clk[0]'
Slack : 3.443
TNS   : 0.000

Type  : Slow 900mV 0C Model Setup 'SOPC_INST|the_pll|the_pll|altpll_component|auto_generated|pll1|clk[1]'
Slack : 12.161
TNS   : 0.000

Type  : Slow 900mV 0C Model Setup 'OSC_50_BANK3'
Slack : 17.920
TNS   : 0.000

Type  : Slow 900mV 0C Model Setup 'OSC_50_BANK6'
Slack : 18.151
TNS   : 0.000

Type  : Slow 900mV 0C Model Setup 'OSC_50_BANK2'
Slack : 18.473
TNS   : 0.000

Type  : Slow 900mV 0C Model Setup 'altera_reserved_tck'
Slack : 45.092
TNS   : 0.000

Type  : Slow 900mV 0C Model Hold 'altera_reserved_tck'
Slack : -0.650
TNS   : -0.650

Type  : Slow 900mV 0C Model Hold 'SOPC_INST|the_pll|the_pll|altpll_component|auto_generated|pll1|clk[0]'
Slack : 0.111
TNS   : 0.000

Type  : Slow 900mV 0C Model Hold 'SOPC_INST|the_tse_mac|altera_tse_mac_pcs_pma_inst|the_altera_tse_pma_lvds_rx|altlvds_rx_component|auto_generated|rx[0]|clk0'
Slack : 0.111
TNS   : 0.000

Type  : Slow 900mV 0C Model Hold 'pll_125_ins|altpll_component|auto_generated|pll1|clk[0]'
Slack : 0.176
TNS   : 0.000

Type  : Slow 900mV 0C Model Hold 'OSC_50_BANK6'
Slack : 0.208
TNS   : 0.000

Type  : Slow 900mV 0C Model Hold 'SOPC_INST|the_pll|the_pll|altpll_component|auto_generated|pll1|clk[1]'
Slack : 0.228
TNS   : 0.000

Type  : Slow 900mV 0C Model Hold 'OSC_50_BANK2'
Slack : 0.230
TNS   : 0.000

Type  : Slow 900mV 0C Model Hold 'OSC_50_BANK3'
Slack : 0.237
TNS   : 0.000

Type  : Slow 900mV 0C Model Recovery 'SOPC_INST|the_pll|the_pll|altpll_component|auto_generated|pll1|clk[0]'
Slack : -1.828
TNS   : -3.656

Type  : Slow 900mV 0C Model Recovery 'SOPC_INST|the_pll|the_pll|altpll_component|auto_generated|pll1|clk[1]'
Slack : -0.979
TNS   : -1.958

Type  : Slow 900mV 0C Model Recovery 'OSC_50_BANK6'
Slack : 1.766
TNS   : 0.000

Type  : Slow 900mV 0C Model Recovery 'pll_125_ins|altpll_component|auto_generated|pll1|clk[0]'
Slack : 6.406
TNS   : 0.000

Type  : Slow 900mV 0C Model Recovery 'OSC_50_BANK3'
Slack : 19.155
TNS   : 0.000

Type  : Slow 900mV 0C Model Recovery 'altera_reserved_tck'
Slack : 47.711
TNS   : 0.000

Type  : Slow 900mV 0C Model Removal 'altera_reserved_tck'
Slack : -1.192
TNS   : -1.570

Type  : Slow 900mV 0C Model Removal 'OSC_50_BANK6'
Slack : -0.139
TNS   : -0.278

Type  : Slow 900mV 0C Model Removal 'OSC_50_BANK3'
Slack : 0.303
TNS   : 0.000

Type  : Slow 900mV 0C Model Removal 'pll_125_ins|altpll_component|auto_generated|pll1|clk[0]'
Slack : 0.408
TNS   : 0.000

Type  : Slow 900mV 0C Model Removal 'SOPC_INST|the_pll|the_pll|altpll_component|auto_generated|pll1|clk[0]'
Slack : 0.415
TNS   : 0.000

Type  : Slow 900mV 0C Model Removal 'SOPC_INST|the_pll|the_pll|altpll_component|auto_generated|pll1|clk[1]'
Slack : 0.828
TNS   : 0.000

Type  : Slow 900mV 0C Model Minimum Pulse Width 'altera_reserved_tck'
Slack : 0.000
TNS   : 0.000

Type  : Slow 900mV 0C Model Minimum Pulse Width 'SOPC_INST|the_tse_mac|altera_tse_mac_pcs_pma_inst|the_altera_tse_pma_lvds_rx|altlvds_rx_component|auto_generated|pll|clk[0]'
Slack : 0.115
TNS   : 0.000

Type  : Slow 900mV 0C Model Minimum Pulse Width 'SOPC_INST|the_tse_mac|altera_tse_mac_pcs_pma_inst|the_altera_tse_pma_lvds_rx|altlvds_rx_component|auto_generated|rx[0]|clk0'
Slack : 3.077
TNS   : 0.000

Type  : Slow 900mV 0C Model Minimum Pulse Width 'pll_125_ins|altpll_component|auto_generated|pll1|clk[0]'
Slack : 3.214
TNS   : 0.000

Type  : Slow 900mV 0C Model Minimum Pulse Width 'SOPC_INST|the_pll|the_pll|altpll_component|auto_generated|pll1|clk[0]'
Slack : 5.465
TNS   : 0.000

Type  : Slow 900mV 0C Model Minimum Pulse Width 'SOPC_INST|the_pll|the_pll|altpll_component|auto_generated|pll1|clk[1]'
Slack : 7.562
TNS   : 0.000

Type  : Slow 900mV 0C Model Minimum Pulse Width 'OSC_50_BANK3'
Slack : 9.175
TNS   : 0.000

Type  : Slow 900mV 0C Model Minimum Pulse Width 'OSC_50_BANK2'
Slack : 9.330
TNS   : 0.000

Type  : Slow 900mV 0C Model Minimum Pulse Width 'OSC_50_BANK6'
Slack : 9.330
TNS   : 0.000

Type  : Fast 900mV 0C Model Setup 'SOPC_INST|the_pll|the_pll|altpll_component|auto_generated|pll1|clk[0]'
Slack : -0.469
TNS   : -1.499

Type  : Fast 900mV 0C Model Setup 'SOPC_INST|the_tse_mac|altera_tse_mac_pcs_pma_inst|the_altera_tse_pma_lvds_rx|altlvds_rx_component|auto_generated|rx[0]|clk0'
Slack : 3.456
TNS   : 0.000

Type  : Fast 900mV 0C Model Setup 'pll_125_ins|altpll_component|auto_generated|pll1|clk[0]'
Slack : 5.122
TNS   : 0.000

Type  : Fast 900mV 0C Model Setup 'SOPC_INST|the_pll|the_pll|altpll_component|auto_generated|pll1|clk[1]'
Slack : 13.840
TNS   : 0.000

Type  : Fast 900mV 0C Model Setup 'OSC_50_BANK3'
Slack : 18.816
TNS   : 0.000

Type  : Fast 900mV 0C Model Setup 'OSC_50_BANK6'
Slack : 18.909
TNS   : 0.000

Type  : Fast 900mV 0C Model Setup 'OSC_50_BANK2'
Slack : 19.091
TNS   : 0.000

Type  : Fast 900mV 0C Model Setup 'altera_reserved_tck'
Slack : 47.251
TNS   : 0.000

Type  : Fast 900mV 0C Model Hold 'altera_reserved_tck'
Slack : -0.196
TNS   : -2.411

Type  : Fast 900mV 0C Model Hold 'SOPC_INST|the_tse_mac|altera_tse_mac_pcs_pma_inst|the_altera_tse_pma_lvds_rx|altlvds_rx_component|auto_generated|rx[0]|clk0'
Slack : 0.087
TNS   : 0.000

Type  : Fast 900mV 0C Model Hold 'SOPC_INST|the_pll|the_pll|altpll_component|auto_generated|pll1|clk[0]'
Slack : 0.097
TNS   : 0.000

Type  : Fast 900mV 0C Model Hold 'pll_125_ins|altpll_component|auto_generated|pll1|clk[0]'
Slack : 0.107
TNS   : 0.000

Type  : Fast 900mV 0C Model Hold 'OSC_50_BANK6'
Slack : 0.112
TNS   : 0.000

Type  : Fast 900mV 0C Model Hold 'SOPC_INST|the_pll|the_pll|altpll_component|auto_generated|pll1|clk[1]'
Slack : 0.122
TNS   : 0.000

Type  : Fast 900mV 0C Model Hold 'OSC_50_BANK3'
Slack : 0.130
TNS   : 0.000

Type  : Fast 900mV 0C Model Hold 'OSC_50_BANK2'
Slack : 0.131
TNS   : 0.000

Type  : Fast 900mV 0C Model Recovery 'SOPC_INST|the_pll|the_pll|altpll_component|auto_generated|pll1|clk[0]'
Slack : -0.340
TNS   : -0.680

Type  : Fast 900mV 0C Model Recovery 'SOPC_INST|the_pll|the_pll|altpll_component|auto_generated|pll1|clk[1]'
Slack : 0.499
TNS   : 0.000

Type  : Fast 900mV 0C Model Recovery 'OSC_50_BANK6'
Slack : 1.805
TNS   : 0.000

Type  : Fast 900mV 0C Model Recovery 'pll_125_ins|altpll_component|auto_generated|pll1|clk[0]'
Slack : 6.959
TNS   : 0.000

Type  : Fast 900mV 0C Model Recovery 'OSC_50_BANK3'
Slack : 19.497
TNS   : 0.000

Type  : Fast 900mV 0C Model Recovery 'altera_reserved_tck'
Slack : 47.889
TNS   : 0.000

Type  : Fast 900mV 0C Model Removal 'altera_reserved_tck'
Slack : -0.985
TNS   : -2.794

Type  : Fast 900mV 0C Model Removal 'OSC_50_BANK6'
Slack : 0.055
TNS   : 0.000

Type  : Fast 900mV 0C Model Removal 'OSC_50_BANK3'
Slack : 0.189
TNS   : 0.000

Type  : Fast 900mV 0C Model Removal 'pll_125_ins|altpll_component|auto_generated|pll1|clk[0]'
Slack : 0.236
TNS   : 0.000

Type  : Fast 900mV 0C Model Removal 'SOPC_INST|the_pll|the_pll|altpll_component|auto_generated|pll1|clk[0]'
Slack : 0.241
TNS   : 0.000

Type  : Fast 900mV 0C Model Removal 'SOPC_INST|the_pll|the_pll|altpll_component|auto_generated|pll1|clk[1]'
Slack : 0.548
TNS   : 0.000

Type  : Fast 900mV 0C Model Minimum Pulse Width 'altera_reserved_tck'
Slack : 0.000
TNS   : 0.000

Type  : Fast 900mV 0C Model Minimum Pulse Width 'SOPC_INST|the_tse_mac|altera_tse_mac_pcs_pma_inst|the_altera_tse_pma_lvds_rx|altlvds_rx_component|auto_generated|pll|clk[0]'
Slack : 0.168
TNS   : 0.000

Type  : Fast 900mV 0C Model Minimum Pulse Width 'SOPC_INST|the_tse_mac|altera_tse_mac_pcs_pma_inst|the_altera_tse_pma_lvds_rx|altlvds_rx_component|auto_generated|rx[0]|clk0'
Slack : 3.190
TNS   : 0.000

Type  : Fast 900mV 0C Model Minimum Pulse Width 'pll_125_ins|altpll_component|auto_generated|pll1|clk[0]'
Slack : 3.216
TNS   : 0.000

Type  : Fast 900mV 0C Model Minimum Pulse Width 'SOPC_INST|the_pll|the_pll|altpll_component|auto_generated|pll1|clk[0]'
Slack : 5.454
TNS   : 0.000

Type  : Fast 900mV 0C Model Minimum Pulse Width 'SOPC_INST|the_pll|the_pll|altpll_component|auto_generated|pll1|clk[1]'
Slack : 7.546
TNS   : 0.000

Type  : Fast 900mV 0C Model Minimum Pulse Width 'OSC_50_BANK6'
Slack : 9.291
TNS   : 0.000

Type  : Fast 900mV 0C Model Minimum Pulse Width 'OSC_50_BANK2'
Slack : 9.292
TNS   : 0.000

Type  : Fast 900mV 0C Model Minimum Pulse Width 'OSC_50_BANK3'
Slack : 9.505
TNS   : 0.000

------------------------------------------------------------
